[0.199s] DEBUG:colcon:Command line arguments: ['/usr/bin/colcon', 'build', '--symlink-install']
[0.199s] DEBUG:colcon:Parsed command line arguments: Namespace(log_base=None, log_level=None, verb_name='build', build_base='build', install_base='install', merge_install=False, symlink_install=True, test_result_base=None, continue_on_error=False, executor='parallel', parallel_workers=4, event_handlers=None, ignore_user_meta=False, metas=['./colcon.meta'], base_paths=['.'], packages_ignore=None, packages_ignore_regex=None, paths=None, packages_up_to=None, packages_up_to_regex=None, packages_above=None, packages_above_and_dependencies=None, packages_above_depth=None, packages_select_by_dep=None, packages_skip_by_dep=None, packages_skip_up_to=None, packages_select_build_failed=False, packages_skip_build_finished=False, packages_select_test_failures=False, packages_skip_test_passed=False, packages_select=None, packages_skip=None, packages_select_regex=None, packages_skip_regex=None, packages_start=None, packages_end=None, allow_overriding=[], cmake_args=None, cmake_target=None, cmake_target_skip_unavailable=False, cmake_clean_cache=False, cmake_clean_first=False, cmake_force_configure=False, ament_cmake_args=None, catkin_cmake_args=None, catkin_skip_building_tests=False, mixin_files=None, mixin=None, verb_parser=<colcon_mixin.mixin.mixin_argument.MixinArgumentDecorator object at 0x74f96bf6bac0>, verb_extension=<colcon_core.verb.build.BuildVerb object at 0x74f96bf6b610>, main=<bound method BuildVerb.main of <colcon_core.verb.build.BuildVerb object at 0x74f96bf6b610>>, mixin_verb=('build',))
[0.561s] Level 1:colcon.colcon_core.package_discovery:discover_packages(colcon_meta) check parameters
[0.562s] Level 1:colcon.colcon_core.package_discovery:discover_packages(recursive) check parameters
[0.562s] Level 1:colcon.colcon_core.package_discovery:discover_packages(ignore) check parameters
[0.562s] Level 1:colcon.colcon_core.package_discovery:discover_packages(path) check parameters
[0.562s] Level 1:colcon.colcon_core.package_discovery:discover_packages(colcon_meta) discover
[0.562s] Level 1:colcon.colcon_core.package_discovery:discover_packages(recursive) discover
[0.562s] INFO:colcon.colcon_core.package_discovery:Crawling recursively for packages in '/home/user/robocup_ws'
[0.562s] Level 1:colcon.colcon_core.package_identification:_identify(.) by extensions ['ignore', 'ignore_ament_install']
[0.562s] Level 1:colcon.colcon_core.package_identification:_identify(.) by extension 'ignore'
[0.562s] Level 1:colcon.colcon_core.package_identification:_identify(.) by extension 'ignore_ament_install'
[0.562s] Level 1:colcon.colcon_core.package_identification:_identify(.) by extensions ['colcon_pkg']
[0.562s] Level 1:colcon.colcon_core.package_identification:_identify(.) by extension 'colcon_pkg'
[0.562s] Level 1:colcon.colcon_core.package_identification:_identify(.) by extensions ['colcon_meta']
[0.562s] Level 1:colcon.colcon_core.package_identification:_identify(.) by extension 'colcon_meta'
[0.562s] Level 1:colcon.colcon_core.package_identification:_identify(.) by extensions ['ros']
[0.563s] Level 1:colcon.colcon_core.package_identification:_identify(.) by extension 'ros'
[0.590s] Level 1:colcon.colcon_core.package_identification:_identify(.) by extensions ['cmake', 'python']
[0.590s] Level 1:colcon.colcon_core.package_identification:_identify(.) by extension 'cmake'
[0.590s] Level 1:colcon.colcon_core.package_identification:_identify(.) by extension 'python'
[0.590s] Level 1:colcon.colcon_core.package_identification:_identify(.) by extensions ['python_setup_py']
[0.590s] Level 1:colcon.colcon_core.package_identification:_identify(.) by extension 'python_setup_py'
[0.591s] Level 1:colcon.colcon_core.package_identification:_identify(build) by extensions ['ignore', 'ignore_ament_install']
[0.591s] Level 1:colcon.colcon_core.package_identification:_identify(build) by extension 'ignore'
[0.591s] Level 1:colcon.colcon_core.package_identification:_identify(build) ignored
[0.591s] Level 1:colcon.colcon_core.package_identification:_identify(install) by extensions ['ignore', 'ignore_ament_install']
[0.591s] Level 1:colcon.colcon_core.package_identification:_identify(install) by extension 'ignore'
[0.591s] Level 1:colcon.colcon_core.package_identification:_identify(install) ignored
[0.591s] Level 1:colcon.colcon_core.package_identification:_identify(log) by extensions ['ignore', 'ignore_ament_install']
[0.591s] Level 1:colcon.colcon_core.package_identification:_identify(log) by extension 'ignore'
[0.592s] Level 1:colcon.colcon_core.package_identification:_identify(log) ignored
[0.592s] Level 1:colcon.colcon_core.package_identification:_identify(src) by extensions ['ignore', 'ignore_ament_install']
[0.592s] Level 1:colcon.colcon_core.package_identification:_identify(src) by extension 'ignore'
[0.592s] Level 1:colcon.colcon_core.package_identification:_identify(src) by extension 'ignore_ament_install'
[0.592s] Level 1:colcon.colcon_core.package_identification:_identify(src) by extensions ['colcon_pkg']
[0.592s] Level 1:colcon.colcon_core.package_identification:_identify(src) by extension 'colcon_pkg'
[0.592s] Level 1:colcon.colcon_core.package_identification:_identify(src) by extensions ['colcon_meta']
[0.592s] Level 1:colcon.colcon_core.package_identification:_identify(src) by extension 'colcon_meta'
[0.592s] Level 1:colcon.colcon_core.package_identification:_identify(src) by extensions ['ros']
[0.592s] Level 1:colcon.colcon_core.package_identification:_identify(src) by extension 'ros'
[0.592s] Level 1:colcon.colcon_core.package_identification:_identify(src) by extensions ['cmake', 'python']
[0.592s] Level 1:colcon.colcon_core.package_identification:_identify(src) by extension 'cmake'
[0.592s] Level 1:colcon.colcon_core.package_identification:_identify(src) by extension 'python'
[0.592s] Level 1:colcon.colcon_core.package_identification:_identify(src) by extensions ['python_setup_py']
[0.592s] Level 1:colcon.colcon_core.package_identification:_identify(src) by extension 'python_setup_py'
[0.593s] Level 1:colcon.colcon_core.package_identification:_identify(src/launch_pkg) by extensions ['ignore', 'ignore_ament_install']
[0.593s] Level 1:colcon.colcon_core.package_identification:_identify(src/launch_pkg) by extension 'ignore'
[0.593s] Level 1:colcon.colcon_core.package_identification:_identify(src/launch_pkg) by extension 'ignore_ament_install'
[0.593s] Level 1:colcon.colcon_core.package_identification:_identify(src/launch_pkg) by extensions ['colcon_pkg']
[0.593s] Level 1:colcon.colcon_core.package_identification:_identify(src/launch_pkg) by extension 'colcon_pkg'
[0.593s] Level 1:colcon.colcon_core.package_identification:_identify(src/launch_pkg) by extensions ['colcon_meta']
[0.593s] Level 1:colcon.colcon_core.package_identification:_identify(src/launch_pkg) by extension 'colcon_meta'
[0.593s] Level 1:colcon.colcon_core.package_identification:_identify(src/launch_pkg) by extensions ['ros']
[0.593s] Level 1:colcon.colcon_core.package_identification:_identify(src/launch_pkg) by extension 'ros'
[0.597s] DEBUG:colcon.colcon_core.package_identification:Package 'src/launch_pkg' with type 'ros.ament_python' and name 'launch_pkg'
[0.597s] Level 1:colcon.colcon_core.package_identification:_identify(src/msgs_pkg) by extensions ['ignore', 'ignore_ament_install']
[0.597s] Level 1:colcon.colcon_core.package_identification:_identify(src/msgs_pkg) by extension 'ignore'
[0.597s] Level 1:colcon.colcon_core.package_identification:_identify(src/msgs_pkg) by extension 'ignore_ament_install'
[0.597s] Level 1:colcon.colcon_core.package_identification:_identify(src/msgs_pkg) by extensions ['colcon_pkg']
[0.597s] Level 1:colcon.colcon_core.package_identification:_identify(src/msgs_pkg) by extension 'colcon_pkg'
[0.597s] Level 1:colcon.colcon_core.package_identification:_identify(src/msgs_pkg) by extensions ['colcon_meta']
[0.598s] Level 1:colcon.colcon_core.package_identification:_identify(src/msgs_pkg) by extension 'colcon_meta'
[0.598s] Level 1:colcon.colcon_core.package_identification:_identify(src/msgs_pkg) by extensions ['ros']
[0.598s] Level 1:colcon.colcon_core.package_identification:_identify(src/msgs_pkg) by extension 'ros'
[0.599s] DEBUG:colcon.colcon_core.package_identification:Package 'src/msgs_pkg' with type 'ros.ament_cmake' and name 'msgs_pkg'
[0.599s] Level 1:colcon.colcon_core.package_identification:_identify(src/pick_and_place_pkg) by extensions ['ignore', 'ignore_ament_install']
[0.599s] Level 1:colcon.colcon_core.package_identification:_identify(src/pick_and_place_pkg) by extension 'ignore'
[0.599s] Level 1:colcon.colcon_core.package_identification:_identify(src/pick_and_place_pkg) by extension 'ignore_ament_install'
[0.599s] Level 1:colcon.colcon_core.package_identification:_identify(src/pick_and_place_pkg) by extensions ['colcon_pkg']
[0.599s] Level 1:colcon.colcon_core.package_identification:_identify(src/pick_and_place_pkg) by extension 'colcon_pkg'
[0.599s] Level 1:colcon.colcon_core.package_identification:_identify(src/pick_and_place_pkg) by extensions ['colcon_meta']
[0.599s] Level 1:colcon.colcon_core.package_identification:_identify(src/pick_and_place_pkg) by extension 'colcon_meta'
[0.599s] Level 1:colcon.colcon_core.package_identification:_identify(src/pick_and_place_pkg) by extensions ['ros']
[0.599s] Level 1:colcon.colcon_core.package_identification:_identify(src/pick_and_place_pkg) by extension 'ros'
[0.600s] DEBUG:colcon.colcon_core.package_identification:Package 'src/pick_and_place_pkg' with type 'ros.ament_python' and name 'pick_and_place_pkg'
[0.600s] Level 1:colcon.colcon_core.package_identification:_identify(src/realsense-ros) by extensions ['ignore', 'ignore_ament_install']
[0.600s] Level 1:colcon.colcon_core.package_identification:_identify(src/realsense-ros) by extension 'ignore'
[0.600s] Level 1:colcon.colcon_core.package_identification:_identify(src/realsense-ros) by extension 'ignore_ament_install'
[0.600s] Level 1:colcon.colcon_core.package_identification:_identify(src/realsense-ros) by extensions ['colcon_pkg']
[0.601s] Level 1:colcon.colcon_core.package_identification:_identify(src/realsense-ros) by extension 'colcon_pkg'
[0.601s] Level 1:colcon.colcon_core.package_identification:_identify(src/realsense-ros) by extensions ['colcon_meta']
[0.601s] Level 1:colcon.colcon_core.package_identification:_identify(src/realsense-ros) by extension 'colcon_meta'
[0.601s] Level 1:colcon.colcon_core.package_identification:_identify(src/realsense-ros) by extensions ['ros']
[0.601s] Level 1:colcon.colcon_core.package_identification:_identify(src/realsense-ros) by extension 'ros'
[0.601s] Level 1:colcon.colcon_core.package_identification:_identify(src/realsense-ros) by extensions ['cmake', 'python']
[0.601s] Level 1:colcon.colcon_core.package_identification:_identify(src/realsense-ros) by extension 'cmake'
[0.601s] Level 1:colcon.colcon_core.package_identification:_identify(src/realsense-ros) by extension 'python'
[0.601s] Level 1:colcon.colcon_core.package_identification:_identify(src/realsense-ros) by extensions ['python_setup_py']
[0.601s] Level 1:colcon.colcon_core.package_identification:_identify(src/realsense-ros) by extension 'python_setup_py'
[0.601s] Level 1:colcon.colcon_core.package_identification:_identify(src/realsense-ros/realsense2_camera) by extensions ['ignore', 'ignore_ament_install']
[0.601s] Level 1:colcon.colcon_core.package_identification:_identify(src/realsense-ros/realsense2_camera) by extension 'ignore'
[0.601s] Level 1:colcon.colcon_core.package_identification:_identify(src/realsense-ros/realsense2_camera) by extension 'ignore_ament_install'
[0.602s] Level 1:colcon.colcon_core.package_identification:_identify(src/realsense-ros/realsense2_camera) by extensions ['colcon_pkg']
[0.602s] Level 1:colcon.colcon_core.package_identification:_identify(src/realsense-ros/realsense2_camera) by extension 'colcon_pkg'
[0.602s] Level 1:colcon.colcon_core.package_identification:_identify(src/realsense-ros/realsense2_camera) by extensions ['colcon_meta']
[0.602s] Level 1:colcon.colcon_core.package_identification:_identify(src/realsense-ros/realsense2_camera) by extension 'colcon_meta'
[0.602s] Level 1:colcon.colcon_core.package_identification:_identify(src/realsense-ros/realsense2_camera) by extensions ['ros']
[0.602s] Level 1:colcon.colcon_core.package_identification:_identify(src/realsense-ros/realsense2_camera) by extension 'ros'
[0.610s] DEBUG:colcon.colcon_core.package_identification:Package 'src/realsense-ros/realsense2_camera' with type 'ros.ament_cmake' and name 'realsense2_camera'
[0.611s] Level 1:colcon.colcon_core.package_identification:_identify(src/realsense-ros/realsense2_camera_msgs) by extensions ['ignore', 'ignore_ament_install']
[0.611s] Level 1:colcon.colcon_core.package_identification:_identify(src/realsense-ros/realsense2_camera_msgs) by extension 'ignore'
[0.611s] Level 1:colcon.colcon_core.package_identification:_identify(src/realsense-ros/realsense2_camera_msgs) by extension 'ignore_ament_install'
[0.611s] Level 1:colcon.colcon_core.package_identification:_identify(src/realsense-ros/realsense2_camera_msgs) by extensions ['colcon_pkg']
[0.611s] Level 1:colcon.colcon_core.package_identification:_identify(src/realsense-ros/realsense2_camera_msgs) by extension 'colcon_pkg'
[0.611s] Level 1:colcon.colcon_core.package_identification:_identify(src/realsense-ros/realsense2_camera_msgs) by extensions ['colcon_meta']
[0.611s] Level 1:colcon.colcon_core.package_identification:_identify(src/realsense-ros/realsense2_camera_msgs) by extension 'colcon_meta'
[0.611s] Level 1:colcon.colcon_core.package_identification:_identify(src/realsense-ros/realsense2_camera_msgs) by extensions ['ros']
[0.611s] Level 1:colcon.colcon_core.package_identification:_identify(src/realsense-ros/realsense2_camera_msgs) by extension 'ros'
[0.612s] DEBUG:colcon.colcon_core.package_identification:Package 'src/realsense-ros/realsense2_camera_msgs' with type 'ros.ament_cmake' and name 'realsense2_camera_msgs'
[0.613s] Level 1:colcon.colcon_core.package_identification:_identify(src/realsense-ros/realsense2_description) by extensions ['ignore', 'ignore_ament_install']
[0.613s] Level 1:colcon.colcon_core.package_identification:_identify(src/realsense-ros/realsense2_description) by extension 'ignore'
[0.613s] Level 1:colcon.colcon_core.package_identification:_identify(src/realsense-ros/realsense2_description) by extension 'ignore_ament_install'
[0.613s] Level 1:colcon.colcon_core.package_identification:_identify(src/realsense-ros/realsense2_description) by extensions ['colcon_pkg']
[0.613s] Level 1:colcon.colcon_core.package_identification:_identify(src/realsense-ros/realsense2_description) by extension 'colcon_pkg'
[0.613s] Level 1:colcon.colcon_core.package_identification:_identify(src/realsense-ros/realsense2_description) by extensions ['colcon_meta']
[0.613s] Level 1:colcon.colcon_core.package_identification:_identify(src/realsense-ros/realsense2_description) by extension 'colcon_meta'
[0.613s] Level 1:colcon.colcon_core.package_identification:_identify(src/realsense-ros/realsense2_description) by extensions ['ros']
[0.613s] Level 1:colcon.colcon_core.package_identification:_identify(src/realsense-ros/realsense2_description) by extension 'ros'
[0.614s] DEBUG:colcon.colcon_core.package_identification:Package 'src/realsense-ros/realsense2_description' with type 'ros.ament_cmake' and name 'realsense2_description'
[0.614s] Level 1:colcon.colcon_core.package_identification:_identify(src/realsense-ros/scripts) by extensions ['ignore', 'ignore_ament_install']
[0.615s] Level 1:colcon.colcon_core.package_identification:_identify(src/realsense-ros/scripts) by extension 'ignore'
[0.615s] Level 1:colcon.colcon_core.package_identification:_identify(src/realsense-ros/scripts) by extension 'ignore_ament_install'
[0.615s] Level 1:colcon.colcon_core.package_identification:_identify(src/realsense-ros/scripts) by extensions ['colcon_pkg']
[0.615s] Level 1:colcon.colcon_core.package_identification:_identify(src/realsense-ros/scripts) by extension 'colcon_pkg'
[0.615s] Level 1:colcon.colcon_core.package_identification:_identify(src/realsense-ros/scripts) by extensions ['colcon_meta']
[0.615s] Level 1:colcon.colcon_core.package_identification:_identify(src/realsense-ros/scripts) by extension 'colcon_meta'
[0.615s] Level 1:colcon.colcon_core.package_identification:_identify(src/realsense-ros/scripts) by extensions ['ros']
[0.615s] Level 1:colcon.colcon_core.package_identification:_identify(src/realsense-ros/scripts) by extension 'ros'
[0.615s] Level 1:colcon.colcon_core.package_identification:_identify(src/realsense-ros/scripts) by extensions ['cmake', 'python']
[0.615s] Level 1:colcon.colcon_core.package_identification:_identify(src/realsense-ros/scripts) by extension 'cmake'
[0.615s] Level 1:colcon.colcon_core.package_identification:_identify(src/realsense-ros/scripts) by extension 'python'
[0.615s] Level 1:colcon.colcon_core.package_identification:_identify(src/realsense-ros/scripts) by extensions ['python_setup_py']
[0.615s] Level 1:colcon.colcon_core.package_identification:_identify(src/realsense-ros/scripts) by extension 'python_setup_py'
[0.615s] Level 1:colcon.colcon_core.package_identification:_identify(src/serial_pkg) by extensions ['ignore', 'ignore_ament_install']
[0.616s] Level 1:colcon.colcon_core.package_identification:_identify(src/serial_pkg) by extension 'ignore'
[0.616s] Level 1:colcon.colcon_core.package_identification:_identify(src/serial_pkg) by extension 'ignore_ament_install'
[0.616s] Level 1:colcon.colcon_core.package_identification:_identify(src/serial_pkg) by extensions ['colcon_pkg']
[0.616s] Level 1:colcon.colcon_core.package_identification:_identify(src/serial_pkg) by extension 'colcon_pkg'
[0.616s] Level 1:colcon.colcon_core.package_identification:_identify(src/serial_pkg) by extensions ['colcon_meta']
[0.616s] Level 1:colcon.colcon_core.package_identification:_identify(src/serial_pkg) by extension 'colcon_meta'
[0.616s] Level 1:colcon.colcon_core.package_identification:_identify(src/serial_pkg) by extensions ['ros']
[0.616s] Level 1:colcon.colcon_core.package_identification:_identify(src/serial_pkg) by extension 'ros'
[0.617s] DEBUG:colcon.colcon_core.package_identification:Package 'src/serial_pkg' with type 'ros.ament_python' and name 'serial_pkg'
[0.617s] Level 1:colcon.colcon_core.package_discovery:discover_packages(recursive) using defaults
[0.617s] Level 1:colcon.colcon_core.package_discovery:discover_packages(ignore) discover
[0.617s] Level 1:colcon.colcon_core.package_discovery:discover_packages(ignore) using defaults
[0.617s] Level 1:colcon.colcon_core.package_discovery:discover_packages(path) discover
[0.617s] Level 1:colcon.colcon_core.package_discovery:discover_packages(path) using defaults
[0.653s] Level 1:colcon.colcon_core.package_discovery:discover_packages(prefix_path) check parameters
[0.653s] Level 1:colcon.colcon_core.package_discovery:discover_packages(prefix_path) discover
[0.658s] DEBUG:colcon.colcon_installed_package_information.package_discovery:Found 472 installed packages in /opt/ros/humble
[0.661s] Level 1:colcon.colcon_core.package_discovery:discover_packages(prefix_path) using defaults
[0.747s] Level 5:colcon.colcon_core.verb:set package 'launch_pkg' build argument 'cmake_args' from command line to 'None'
[0.747s] Level 5:colcon.colcon_core.verb:set package 'launch_pkg' build argument 'cmake_target' from command line to 'None'
[0.747s] Level 5:colcon.colcon_core.verb:set package 'launch_pkg' build argument 'cmake_target_skip_unavailable' from command line to 'False'
[0.747s] Level 5:colcon.colcon_core.verb:set package 'launch_pkg' build argument 'cmake_clean_cache' from command line to 'False'
[0.747s] Level 5:colcon.colcon_core.verb:set package 'launch_pkg' build argument 'cmake_clean_first' from command line to 'False'
[0.747s] Level 5:colcon.colcon_core.verb:set package 'launch_pkg' build argument 'cmake_force_configure' from command line to 'False'
[0.747s] Level 5:colcon.colcon_core.verb:set package 'launch_pkg' build argument 'ament_cmake_args' from command line to 'None'
[0.747s] Level 5:colcon.colcon_core.verb:set package 'launch_pkg' build argument 'catkin_cmake_args' from command line to 'None'
[0.747s] Level 5:colcon.colcon_core.verb:set package 'launch_pkg' build argument 'catkin_skip_building_tests' from command line to 'False'
[0.747s] DEBUG:colcon.colcon_core.verb:Building package 'launch_pkg' with the following arguments: {'ament_cmake_args': None, 'build_base': '/home/user/robocup_ws/build/launch_pkg', 'catkin_cmake_args': None, 'catkin_skip_building_tests': False, 'cmake_args': None, 'cmake_clean_cache': False, 'cmake_clean_first': False, 'cmake_force_configure': False, 'cmake_target': None, 'cmake_target_skip_unavailable': False, 'install_base': '/home/user/robocup_ws/install/launch_pkg', 'merge_install': False, 'path': '/home/user/robocup_ws/src/launch_pkg', 'symlink_install': True, 'test_result_base': None}
[0.748s] Level 5:colcon.colcon_core.verb:set package 'msgs_pkg' build argument 'cmake_args' from command line to 'None'
[0.748s] Level 5:colcon.colcon_core.verb:set package 'msgs_pkg' build argument 'cmake_target' from command line to 'None'
[0.748s] Level 5:colcon.colcon_core.verb:set package 'msgs_pkg' build argument 'cmake_target_skip_unavailable' from command line to 'False'
[0.748s] Level 5:colcon.colcon_core.verb:set package 'msgs_pkg' build argument 'cmake_clean_cache' from command line to 'False'
[0.748s] Level 5:colcon.colcon_core.verb:set package 'msgs_pkg' build argument 'cmake_clean_first' from command line to 'False'
[0.748s] Level 5:colcon.colcon_core.verb:set package 'msgs_pkg' build argument 'cmake_force_configure' from command line to 'False'
[0.748s] Level 5:colcon.colcon_core.verb:set package 'msgs_pkg' build argument 'ament_cmake_args' from command line to 'None'
[0.748s] Level 5:colcon.colcon_core.verb:set package 'msgs_pkg' build argument 'catkin_cmake_args' from command line to 'None'
[0.748s] Level 5:colcon.colcon_core.verb:set package 'msgs_pkg' build argument 'catkin_skip_building_tests' from command line to 'False'
[0.748s] DEBUG:colcon.colcon_core.verb:Building package 'msgs_pkg' with the following arguments: {'ament_cmake_args': None, 'build_base': '/home/user/robocup_ws/build/msgs_pkg', 'catkin_cmake_args': None, 'catkin_skip_building_tests': False, 'cmake_args': None, 'cmake_clean_cache': False, 'cmake_clean_first': False, 'cmake_force_configure': False, 'cmake_target': None, 'cmake_target_skip_unavailable': False, 'install_base': '/home/user/robocup_ws/install/msgs_pkg', 'merge_install': False, 'path': '/home/user/robocup_ws/src/msgs_pkg', 'symlink_install': True, 'test_result_base': None}
[0.748s] Level 5:colcon.colcon_core.verb:set package 'pick_and_place_pkg' build argument 'cmake_args' from command line to 'None'
[0.749s] Level 5:colcon.colcon_core.verb:set package 'pick_and_place_pkg' build argument 'cmake_target' from command line to 'None'
[0.749s] Level 5:colcon.colcon_core.verb:set package 'pick_and_place_pkg' build argument 'cmake_target_skip_unavailable' from command line to 'False'
[0.749s] Level 5:colcon.colcon_core.verb:set package 'pick_and_place_pkg' build argument 'cmake_clean_cache' from command line to 'False'
[0.749s] Level 5:colcon.colcon_core.verb:set package 'pick_and_place_pkg' build argument 'cmake_clean_first' from command line to 'False'
[0.749s] Level 5:colcon.colcon_core.verb:set package 'pick_and_place_pkg' build argument 'cmake_force_configure' from command line to 'False'
[0.749s] Level 5:colcon.colcon_core.verb:set package 'pick_and_place_pkg' build argument 'ament_cmake_args' from command line to 'None'
[0.749s] Level 5:colcon.colcon_core.verb:set package 'pick_and_place_pkg' build argument 'catkin_cmake_args' from command line to 'None'
[0.749s] Level 5:colcon.colcon_core.verb:set package 'pick_and_place_pkg' build argument 'catkin_skip_building_tests' from command line to 'False'
[0.749s] DEBUG:colcon.colcon_core.verb:Building package 'pick_and_place_pkg' with the following arguments: {'ament_cmake_args': None, 'build_base': '/home/user/robocup_ws/build/pick_and_place_pkg', 'catkin_cmake_args': None, 'catkin_skip_building_tests': False, 'cmake_args': None, 'cmake_clean_cache': False, 'cmake_clean_first': False, 'cmake_force_configure': False, 'cmake_target': None, 'cmake_target_skip_unavailable': False, 'install_base': '/home/user/robocup_ws/install/pick_and_place_pkg', 'merge_install': False, 'path': '/home/user/robocup_ws/src/pick_and_place_pkg', 'symlink_install': True, 'test_result_base': None}
[0.749s] Level 5:colcon.colcon_core.verb:set package 'realsense2_camera_msgs' build argument 'cmake_args' from command line to 'None'
[0.749s] Level 5:colcon.colcon_core.verb:set package 'realsense2_camera_msgs' build argument 'cmake_target' from command line to 'None'
[0.749s] Level 5:colcon.colcon_core.verb:set package 'realsense2_camera_msgs' build argument 'cmake_target_skip_unavailable' from command line to 'False'
[0.749s] Level 5:colcon.colcon_core.verb:set package 'realsense2_camera_msgs' build argument 'cmake_clean_cache' from command line to 'False'
[0.749s] Level 5:colcon.colcon_core.verb:set package 'realsense2_camera_msgs' build argument 'cmake_clean_first' from command line to 'False'
[0.749s] Level 5:colcon.colcon_core.verb:set package 'realsense2_camera_msgs' build argument 'cmake_force_configure' from command line to 'False'
[0.750s] Level 5:colcon.colcon_core.verb:set package 'realsense2_camera_msgs' build argument 'ament_cmake_args' from command line to 'None'
[0.750s] Level 5:colcon.colcon_core.verb:set package 'realsense2_camera_msgs' build argument 'catkin_cmake_args' from command line to 'None'
[0.750s] Level 5:colcon.colcon_core.verb:set package 'realsense2_camera_msgs' build argument 'catkin_skip_building_tests' from command line to 'False'
[0.750s] DEBUG:colcon.colcon_core.verb:Building package 'realsense2_camera_msgs' with the following arguments: {'ament_cmake_args': None, 'build_base': '/home/user/robocup_ws/build/realsense2_camera_msgs', 'catkin_cmake_args': None, 'catkin_skip_building_tests': False, 'cmake_args': None, 'cmake_clean_cache': False, 'cmake_clean_first': False, 'cmake_force_configure': False, 'cmake_target': None, 'cmake_target_skip_unavailable': False, 'install_base': '/home/user/robocup_ws/install/realsense2_camera_msgs', 'merge_install': False, 'path': '/home/user/robocup_ws/src/realsense-ros/realsense2_camera_msgs', 'symlink_install': True, 'test_result_base': None}
[0.750s] Level 5:colcon.colcon_core.verb:set package 'serial_pkg' build argument 'cmake_args' from command line to 'None'
[0.750s] Level 5:colcon.colcon_core.verb:set package 'serial_pkg' build argument 'cmake_target' from command line to 'None'
[0.750s] Level 5:colcon.colcon_core.verb:set package 'serial_pkg' build argument 'cmake_target_skip_unavailable' from command line to 'False'
[0.750s] Level 5:colcon.colcon_core.verb:set package 'serial_pkg' build argument 'cmake_clean_cache' from command line to 'False'
[0.750s] Level 5:colcon.colcon_core.verb:set package 'serial_pkg' build argument 'cmake_clean_first' from command line to 'False'
[0.750s] Level 5:colcon.colcon_core.verb:set package 'serial_pkg' build argument 'cmake_force_configure' from command line to 'False'
[0.750s] Level 5:colcon.colcon_core.verb:set package 'serial_pkg' build argument 'ament_cmake_args' from command line to 'None'
[0.750s] Level 5:colcon.colcon_core.verb:set package 'serial_pkg' build argument 'catkin_cmake_args' from command line to 'None'
[0.750s] Level 5:colcon.colcon_core.verb:set package 'serial_pkg' build argument 'catkin_skip_building_tests' from command line to 'False'
[0.750s] DEBUG:colcon.colcon_core.verb:Building package 'serial_pkg' with the following arguments: {'ament_cmake_args': None, 'build_base': '/home/user/robocup_ws/build/serial_pkg', 'catkin_cmake_args': None, 'catkin_skip_building_tests': False, 'cmake_args': None, 'cmake_clean_cache': False, 'cmake_clean_first': False, 'cmake_force_configure': False, 'cmake_target': None, 'cmake_target_skip_unavailable': False, 'install_base': '/home/user/robocup_ws/install/serial_pkg', 'merge_install': False, 'path': '/home/user/robocup_ws/src/serial_pkg', 'symlink_install': True, 'test_result_base': None}
[0.751s] Level 5:colcon.colcon_core.verb:set package 'realsense2_camera' build argument 'cmake_args' from command line to 'None'
[0.751s] Level 5:colcon.colcon_core.verb:set package 'realsense2_camera' build argument 'cmake_target' from command line to 'None'
[0.751s] Level 5:colcon.colcon_core.verb:set package 'realsense2_camera' build argument 'cmake_target_skip_unavailable' from command line to 'False'
[0.751s] Level 5:colcon.colcon_core.verb:set package 'realsense2_camera' build argument 'cmake_clean_cache' from command line to 'False'
[0.751s] Level 5:colcon.colcon_core.verb:set package 'realsense2_camera' build argument 'cmake_clean_first' from command line to 'False'
[0.751s] Level 5:colcon.colcon_core.verb:set package 'realsense2_camera' build argument 'cmake_force_configure' from command line to 'False'
[0.751s] Level 5:colcon.colcon_core.verb:set package 'realsense2_camera' build argument 'ament_cmake_args' from command line to 'None'
[0.751s] Level 5:colcon.colcon_core.verb:set package 'realsense2_camera' build argument 'catkin_cmake_args' from command line to 'None'
[0.751s] Level 5:colcon.colcon_core.verb:set package 'realsense2_camera' build argument 'catkin_skip_building_tests' from command line to 'False'
[0.751s] DEBUG:colcon.colcon_core.verb:Building package 'realsense2_camera' with the following arguments: {'ament_cmake_args': None, 'build_base': '/home/user/robocup_ws/build/realsense2_camera', 'catkin_cmake_args': None, 'catkin_skip_building_tests': False, 'cmake_args': None, 'cmake_clean_cache': False, 'cmake_clean_first': False, 'cmake_force_configure': False, 'cmake_target': None, 'cmake_target_skip_unavailable': False, 'install_base': '/home/user/robocup_ws/install/realsense2_camera', 'merge_install': False, 'path': '/home/user/robocup_ws/src/realsense-ros/realsense2_camera', 'symlink_install': True, 'test_result_base': None}
[0.752s] Level 5:colcon.colcon_core.verb:set package 'realsense2_description' build argument 'cmake_args' from command line to 'None'
[0.752s] Level 5:colcon.colcon_core.verb:set package 'realsense2_description' build argument 'cmake_target' from command line to 'None'
[0.752s] Level 5:colcon.colcon_core.verb:set package 'realsense2_description' build argument 'cmake_target_skip_unavailable' from command line to 'False'
[0.752s] Level 5:colcon.colcon_core.verb:set package 'realsense2_description' build argument 'cmake_clean_cache' from command line to 'False'
[0.752s] Level 5:colcon.colcon_core.verb:set package 'realsense2_description' build argument 'cmake_clean_first' from command line to 'False'
[0.752s] Level 5:colcon.colcon_core.verb:set package 'realsense2_description' build argument 'cmake_force_configure' from command line to 'False'
[0.752s] Level 5:colcon.colcon_core.verb:set package 'realsense2_description' build argument 'ament_cmake_args' from command line to 'None'
[0.752s] Level 5:colcon.colcon_core.verb:set package 'realsense2_description' build argument 'catkin_cmake_args' from command line to 'None'
[0.752s] Level 5:colcon.colcon_core.verb:set package 'realsense2_description' build argument 'catkin_skip_building_tests' from command line to 'False'
[0.752s] DEBUG:colcon.colcon_core.verb:Building package 'realsense2_description' with the following arguments: {'ament_cmake_args': None, 'build_base': '/home/user/robocup_ws/build/realsense2_description', 'catkin_cmake_args': None, 'catkin_skip_building_tests': False, 'cmake_args': None, 'cmake_clean_cache': False, 'cmake_clean_first': False, 'cmake_force_configure': False, 'cmake_target': None, 'cmake_target_skip_unavailable': False, 'install_base': '/home/user/robocup_ws/install/realsense2_description', 'merge_install': False, 'path': '/home/user/robocup_ws/src/realsense-ros/realsense2_description', 'symlink_install': True, 'test_result_base': None}
[0.752s] INFO:colcon.colcon_core.executor:Executing jobs using 'parallel' executor
[0.754s] DEBUG:colcon.colcon_parallel_executor.executor.parallel:run_until_complete
[0.754s] INFO:colcon.colcon_ros.task.ament_cmake.build:Building ROS package in '/home/user/robocup_ws/src/realsense-ros/realsense2_camera_msgs' with build type 'ament_cmake'
[0.754s] INFO:colcon.colcon_cmake.task.cmake.build:Building CMake package in '/home/user/robocup_ws/src/realsense-ros/realsense2_camera_msgs'
[0.759s] INFO:colcon.colcon_core.plugin_system:Skipping extension 'colcon_core.shell.bat': Not used on non-Windows systems
[0.759s] INFO:colcon.colcon_core.shell:Skip shell extension 'powershell' for command environment: Not usable outside of PowerShell
[0.760s] DEBUG:colcon.colcon_core.shell:Skip shell extension 'dsv' for command environment
[0.765s] INFO:colcon.colcon_ros.task.ament_python.build:Building ROS package in '/home/user/robocup_ws/src/launch_pkg' with build type 'ament_python'
[0.765s] Level 1:colcon.colcon_core.shell:create_environment_hook('launch_pkg', 'ament_prefix_path')
[0.765s] INFO:colcon.colcon_core.shell:Creating environment hook '/home/user/robocup_ws/install/launch_pkg/share/launch_pkg/hook/ament_prefix_path.ps1'
[0.767s] INFO:colcon.colcon_core.shell:Creating environment descriptor '/home/user/robocup_ws/install/launch_pkg/share/launch_pkg/hook/ament_prefix_path.dsv'
[0.768s] INFO:colcon.colcon_core.shell:Creating environment hook '/home/user/robocup_ws/install/launch_pkg/share/launch_pkg/hook/ament_prefix_path.sh'
[0.769s] INFO:colcon.colcon_core.shell:Skip shell extension 'powershell' for command environment: Not usable outside of PowerShell
[0.769s] DEBUG:colcon.colcon_core.shell:Skip shell extension 'dsv' for command environment
[0.775s] INFO:colcon.colcon_ros.task.ament_cmake.build:Building ROS package in '/home/user/robocup_ws/src/msgs_pkg' with build type 'ament_cmake'
[0.776s] INFO:colcon.colcon_cmake.task.cmake.build:Building CMake package in '/home/user/robocup_ws/src/msgs_pkg'
[0.776s] INFO:colcon.colcon_core.shell:Skip shell extension 'powershell' for command environment: Not usable outside of PowerShell
[0.776s] DEBUG:colcon.colcon_core.shell:Skip shell extension 'dsv' for command environment
[0.782s] INFO:colcon.colcon_ros.task.ament_python.build:Building ROS package in '/home/user/robocup_ws/src/pick_and_place_pkg' with build type 'ament_python'
[0.782s] Level 1:colcon.colcon_core.shell:create_environment_hook('pick_and_place_pkg', 'ament_prefix_path')
[0.783s] INFO:colcon.colcon_core.shell:Creating environment hook '/home/user/robocup_ws/install/pick_and_place_pkg/share/pick_and_place_pkg/hook/ament_prefix_path.ps1'
[0.784s] INFO:colcon.colcon_core.shell:Creating environment descriptor '/home/user/robocup_ws/install/pick_and_place_pkg/share/pick_and_place_pkg/hook/ament_prefix_path.dsv'
[0.785s] INFO:colcon.colcon_core.shell:Creating environment hook '/home/user/robocup_ws/install/pick_and_place_pkg/share/pick_and_place_pkg/hook/ament_prefix_path.sh'
[0.786s] INFO:colcon.colcon_core.shell:Skip shell extension 'powershell' for command environment: Not usable outside of PowerShell
[0.786s] DEBUG:colcon.colcon_core.shell:Skip shell extension 'dsv' for command environment
[0.799s] DEBUG:colcon.colcon_core.event_handler.log_command:Invoking command in '/home/user/robocup_ws/build/realsense2_camera_msgs': CMAKE_PREFIX_PATH=/opt/ros/humble /usr/bin/cmake /home/user/robocup_ws/src/realsense-ros/realsense2_camera_msgs -DAMENT_CMAKE_SYMLINK_INSTALL=1 -DCMAKE_INSTALL_PREFIX=/home/user/robocup_ws/install/realsense2_camera_msgs
[1.406s] INFO:colcon.colcon_core.task.python.build:Building Python package in '/home/user/robocup_ws/src/launch_pkg'
[1.407s] INFO:colcon.colcon_core.shell:Skip shell extension 'powershell' for command environment: Not usable outside of PowerShell
[1.407s] DEBUG:colcon.colcon_core.shell:Skip shell extension 'dsv' for command environment
[1.425s] DEBUG:colcon.colcon_core.event_handler.log_command:Invoking command in '/home/user/robocup_ws/build/msgs_pkg': CMAKE_PREFIX_PATH=/opt/ros/humble /usr/bin/cmake /home/user/robocup_ws/src/msgs_pkg -DAMENT_CMAKE_SYMLINK_INSTALL=1 -DCMAKE_INSTALL_PREFIX=/home/user/robocup_ws/install/msgs_pkg
[2.226s] INFO:colcon.colcon_core.task.python.build:Building Python package in '/home/user/robocup_ws/src/pick_and_place_pkg'
[2.227s] INFO:colcon.colcon_core.shell:Skip shell extension 'powershell' for command environment: Not usable outside of PowerShell
[2.227s] DEBUG:colcon.colcon_core.shell:Skip shell extension 'dsv' for command environment
[3.352s] DEBUG:colcon.colcon_core.event_handler.log_command:Invoking command in '/home/user/robocup_ws/build/pick_and_place_pkg': PYTHONPATH=/home/user/robocup_ws/build/pick_and_place_pkg/prefix_override:/usr/lib/python3/dist-packages/colcon_core/task/python/colcon_distutils_commands:/home/user/robocup_ws/install/pick_and_place_pkg/lib/python3.10/site-packages:${PYTHONPATH} /usr/bin/python3 -W ignore:setup.py install is deprecated -W ignore:easy_install command is deprecated setup.py develop --editable --build-directory /home/user/robocup_ws/build/pick_and_place_pkg/build --no-deps symlink_data
[3.357s] DEBUG:colcon.colcon_core.event_handler.log_command:Invoking command in '/home/user/robocup_ws/build/launch_pkg': PYTHONPATH=/home/user/robocup_ws/build/launch_pkg/prefix_override:/usr/lib/python3/dist-packages/colcon_core/task/python/colcon_distutils_commands:/home/user/robocup_ws/install/launch_pkg/lib/python3.10/site-packages:${PYTHONPATH} /usr/bin/python3 -W ignore:setup.py install is deprecated -W ignore:easy_install command is deprecated setup.py develop --editable --build-directory /home/user/robocup_ws/build/launch_pkg/build --no-deps symlink_data
[4.974s] DEBUG:colcon.colcon_core.event_handler.log_command:Invoked command in '/home/user/robocup_ws/build/msgs_pkg' returned '0': CMAKE_PREFIX_PATH=/opt/ros/humble /usr/bin/cmake /home/user/robocup_ws/src/msgs_pkg -DAMENT_CMAKE_SYMLINK_INSTALL=1 -DCMAKE_INSTALL_PREFIX=/home/user/robocup_ws/install/msgs_pkg
[4.978s] DEBUG:colcon.colcon_core.event_handler.log_command:Invoking command in '/home/user/robocup_ws/build/msgs_pkg': CMAKE_PREFIX_PATH=/opt/ros/humble /usr/bin/cmake --build /home/user/robocup_ws/build/msgs_pkg -- -j4 -l4
[4.983s] Level 1:colcon.colcon_core.shell:create_environment_hook('pick_and_place_pkg', 'pythonpath_develop')
[4.983s] INFO:colcon.colcon_core.shell:Creating environment hook '/home/user/robocup_ws/build/pick_and_place_pkg/share/pick_and_place_pkg/hook/pythonpath_develop.ps1'
[4.984s] INFO:colcon.colcon_core.shell:Creating environment descriptor '/home/user/robocup_ws/build/pick_and_place_pkg/share/pick_and_place_pkg/hook/pythonpath_develop.dsv'
[4.985s] INFO:colcon.colcon_core.shell:Creating environment hook '/home/user/robocup_ws/build/pick_and_place_pkg/share/pick_and_place_pkg/hook/pythonpath_develop.sh'
[4.988s] DEBUG:colcon.colcon_core.event_handler.log_command:Invoked command in '/home/user/robocup_ws/build/pick_and_place_pkg' returned '0': PYTHONPATH=/home/user/robocup_ws/build/pick_and_place_pkg/prefix_override:/usr/lib/python3/dist-packages/colcon_core/task/python/colcon_distutils_commands:/home/user/robocup_ws/install/pick_and_place_pkg/lib/python3.10/site-packages:${PYTHONPATH} /usr/bin/python3 -W ignore:setup.py install is deprecated -W ignore:easy_install command is deprecated setup.py develop --editable --build-directory /home/user/robocup_ws/build/pick_and_place_pkg/build --no-deps symlink_data
[4.993s] Level 1:colcon.colcon_core.environment:checking '/home/user/robocup_ws/install/pick_and_place_pkg' for CMake module files
[4.994s] Level 1:colcon.colcon_core.environment:checking '/home/user/robocup_ws/install/pick_and_place_pkg' for CMake config files
[4.995s] Level 1:colcon.colcon_core.environment:checking '/home/user/robocup_ws/install/pick_and_place_pkg/lib'
[4.996s] Level 1:colcon.colcon_core.environment:checking '/home/user/robocup_ws/install/pick_and_place_pkg/bin'
[4.996s] Level 1:colcon.colcon_core.environment:checking '/home/user/robocup_ws/install/pick_and_place_pkg/lib/pkgconfig/pick_and_place_pkg.pc'
[4.997s] Level 1:colcon.colcon_core.environment:checking '/home/user/robocup_ws/install/pick_and_place_pkg/lib/python3.10/site-packages'
[4.997s] Level 1:colcon.colcon_core.shell:create_environment_hook('pick_and_place_pkg', 'pythonpath')
[4.997s] INFO:colcon.colcon_core.shell:Creating environment hook '/home/user/robocup_ws/install/pick_and_place_pkg/share/pick_and_place_pkg/hook/pythonpath.ps1'
[4.998s] INFO:colcon.colcon_core.shell:Creating environment descriptor '/home/user/robocup_ws/install/pick_and_place_pkg/share/pick_and_place_pkg/hook/pythonpath.dsv'
[4.999s] INFO:colcon.colcon_core.shell:Creating environment hook '/home/user/robocup_ws/install/pick_and_place_pkg/share/pick_and_place_pkg/hook/pythonpath.sh'
[5.001s] Level 1:colcon.colcon_core.environment:checking '/home/user/robocup_ws/install/pick_and_place_pkg/bin'
[5.001s] Level 1:colcon.colcon_core.environment:create_environment_scripts_only(pick_and_place_pkg)
[5.002s] INFO:colcon.colcon_core.shell:Creating package script '/home/user/robocup_ws/install/pick_and_place_pkg/share/pick_and_place_pkg/package.ps1'
[5.005s] INFO:colcon.colcon_core.shell:Creating package descriptor '/home/user/robocup_ws/install/pick_and_place_pkg/share/pick_and_place_pkg/package.dsv'
[5.006s] INFO:colcon.colcon_core.shell:Creating package script '/home/user/robocup_ws/install/pick_and_place_pkg/share/pick_and_place_pkg/package.sh'
[5.008s] INFO:colcon.colcon_core.shell:Creating package script '/home/user/robocup_ws/install/pick_and_place_pkg/share/pick_and_place_pkg/package.bash'
[5.010s] INFO:colcon.colcon_core.shell:Creating package script '/home/user/robocup_ws/install/pick_and_place_pkg/share/pick_and_place_pkg/package.zsh'
[5.012s] Level 1:colcon.colcon_core.environment:create_file_with_runtime_dependencies(/home/user/robocup_ws/install/pick_and_place_pkg/share/colcon-core/packages/pick_and_place_pkg)
[5.013s] INFO:colcon.colcon_ros.task.ament_python.build:Building ROS package in '/home/user/robocup_ws/src/serial_pkg' with build type 'ament_python'
[5.013s] Level 1:colcon.colcon_core.shell:create_environment_hook('serial_pkg', 'ament_prefix_path')
[5.014s] INFO:colcon.colcon_core.shell:Creating environment hook '/home/user/robocup_ws/install/serial_pkg/share/serial_pkg/hook/ament_prefix_path.ps1'
[5.020s] INFO:colcon.colcon_core.shell:Creating environment descriptor '/home/user/robocup_ws/install/serial_pkg/share/serial_pkg/hook/ament_prefix_path.dsv'
[5.021s] INFO:colcon.colcon_core.shell:Creating environment hook '/home/user/robocup_ws/install/serial_pkg/share/serial_pkg/hook/ament_prefix_path.sh'
[5.022s] INFO:colcon.colcon_core.shell:Skip shell extension 'powershell' for command environment: Not usable outside of PowerShell
[5.023s] DEBUG:colcon.colcon_core.shell:Skip shell extension 'dsv' for command environment
[5.987s] INFO:colcon.colcon_core.task.python.build:Building Python package in '/home/user/robocup_ws/src/serial_pkg'
[5.988s] INFO:colcon.colcon_core.shell:Skip shell extension 'powershell' for command environment: Not usable outside of PowerShell
[5.988s] DEBUG:colcon.colcon_core.shell:Skip shell extension 'dsv' for command environment
[6.008s] Level 1:colcon.colcon_core.shell:create_environment_hook('launch_pkg', 'pythonpath_develop')
[6.009s] INFO:colcon.colcon_core.shell:Creating environment hook '/home/user/robocup_ws/build/launch_pkg/share/launch_pkg/hook/pythonpath_develop.ps1'
[6.009s] DEBUG:colcon.colcon_core.event_handler.log_command:Invoked command in '/home/user/robocup_ws/build/launch_pkg' returned '0': PYTHONPATH=/home/user/robocup_ws/build/launch_pkg/prefix_override:/usr/lib/python3/dist-packages/colcon_core/task/python/colcon_distutils_commands:/home/user/robocup_ws/install/launch_pkg/lib/python3.10/site-packages:${PYTHONPATH} /usr/bin/python3 -W ignore:setup.py install is deprecated -W ignore:easy_install command is deprecated setup.py develop --editable --build-directory /home/user/robocup_ws/build/launch_pkg/build --no-deps symlink_data
[6.010s] INFO:colcon.colcon_core.shell:Creating environment descriptor '/home/user/robocup_ws/build/launch_pkg/share/launch_pkg/hook/pythonpath_develop.dsv'
[6.011s] INFO:colcon.colcon_core.shell:Creating environment hook '/home/user/robocup_ws/build/launch_pkg/share/launch_pkg/hook/pythonpath_develop.sh'
[6.018s] Level 1:colcon.colcon_core.environment:checking '/home/user/robocup_ws/install/launch_pkg' for CMake module files
[6.019s] Level 1:colcon.colcon_core.environment:checking '/home/user/robocup_ws/install/launch_pkg' for CMake config files
[6.020s] Level 1:colcon.colcon_core.environment:checking '/home/user/robocup_ws/install/launch_pkg/lib'
[6.020s] Level 1:colcon.colcon_core.environment:checking '/home/user/robocup_ws/install/launch_pkg/bin'
[6.020s] Level 1:colcon.colcon_core.environment:checking '/home/user/robocup_ws/install/launch_pkg/lib/pkgconfig/launch_pkg.pc'
[6.021s] Level 1:colcon.colcon_core.environment:checking '/home/user/robocup_ws/install/launch_pkg/lib/python3.10/site-packages'
[6.021s] Level 1:colcon.colcon_core.shell:create_environment_hook('launch_pkg', 'pythonpath')
[6.022s] INFO:colcon.colcon_core.shell:Creating environment hook '/home/user/robocup_ws/install/launch_pkg/share/launch_pkg/hook/pythonpath.ps1'
[6.023s] INFO:colcon.colcon_core.shell:Creating environment descriptor '/home/user/robocup_ws/install/launch_pkg/share/launch_pkg/hook/pythonpath.dsv'
[6.027s] INFO:colcon.colcon_core.shell:Creating environment hook '/home/user/robocup_ws/install/launch_pkg/share/launch_pkg/hook/pythonpath.sh'
[6.028s] Level 1:colcon.colcon_core.environment:checking '/home/user/robocup_ws/install/launch_pkg/bin'
[6.029s] Level 1:colcon.colcon_core.environment:create_environment_scripts_only(launch_pkg)
[6.029s] INFO:colcon.colcon_core.shell:Creating package script '/home/user/robocup_ws/install/launch_pkg/share/launch_pkg/package.ps1'
[6.031s] INFO:colcon.colcon_core.shell:Creating package descriptor '/home/user/robocup_ws/install/launch_pkg/share/launch_pkg/package.dsv'
[6.032s] INFO:colcon.colcon_core.shell:Creating package script '/home/user/robocup_ws/install/launch_pkg/share/launch_pkg/package.sh'
[6.033s] INFO:colcon.colcon_core.shell:Creating package script '/home/user/robocup_ws/install/launch_pkg/share/launch_pkg/package.bash'
[6.034s] INFO:colcon.colcon_core.shell:Creating package script '/home/user/robocup_ws/install/launch_pkg/share/launch_pkg/package.zsh'
[6.034s] Level 1:colcon.colcon_core.environment:create_file_with_runtime_dependencies(/home/user/robocup_ws/install/launch_pkg/share/colcon-core/packages/launch_pkg)
[6.044s] DEBUG:colcon.colcon_core.event_handler.log_command:Invoked command in '/home/user/robocup_ws/build/realsense2_camera_msgs' returned '0': CMAKE_PREFIX_PATH=/opt/ros/humble /usr/bin/cmake /home/user/robocup_ws/src/realsense-ros/realsense2_camera_msgs -DAMENT_CMAKE_SYMLINK_INSTALL=1 -DCMAKE_INSTALL_PREFIX=/home/user/robocup_ws/install/realsense2_camera_msgs
[6.045s] DEBUG:colcon.colcon_core.event_handler.log_command:Invoking command in '/home/user/robocup_ws/build/realsense2_camera_msgs': CMAKE_PREFIX_PATH=/opt/ros/humble /usr/bin/cmake --build /home/user/robocup_ws/build/realsense2_camera_msgs -- -j4 -l4
[8.233s] DEBUG:colcon.colcon_core.event_handler.log_command:Invoking command in '/home/user/robocup_ws/build/serial_pkg': PYTHONPATH=/home/user/robocup_ws/build/serial_pkg/prefix_override:/usr/lib/python3/dist-packages/colcon_core/task/python/colcon_distutils_commands:/home/user/robocup_ws/install/serial_pkg/lib/python3.10/site-packages:${PYTHONPATH} /usr/bin/python3 -W ignore:setup.py install is deprecated -W ignore:easy_install command is deprecated setup.py develop --editable --build-directory /home/user/robocup_ws/build/serial_pkg/build --no-deps symlink_data
[11.541s] Level 1:colcon.colcon_core.shell:create_environment_hook('serial_pkg', 'pythonpath_develop')
[11.542s] INFO:colcon.colcon_core.shell:Creating environment hook '/home/user/robocup_ws/build/serial_pkg/share/serial_pkg/hook/pythonpath_develop.ps1'
[11.547s] INFO:colcon.colcon_core.shell:Creating environment descriptor '/home/user/robocup_ws/build/serial_pkg/share/serial_pkg/hook/pythonpath_develop.dsv'
[11.550s] DEBUG:colcon.colcon_core.event_handler.log_command:Invoked command in '/home/user/robocup_ws/build/serial_pkg' returned '0': PYTHONPATH=/home/user/robocup_ws/build/serial_pkg/prefix_override:/usr/lib/python3/dist-packages/colcon_core/task/python/colcon_distutils_commands:/home/user/robocup_ws/install/serial_pkg/lib/python3.10/site-packages:${PYTHONPATH} /usr/bin/python3 -W ignore:setup.py install is deprecated -W ignore:easy_install command is deprecated setup.py develop --editable --build-directory /home/user/robocup_ws/build/serial_pkg/build --no-deps symlink_data
[11.551s] INFO:colcon.colcon_core.shell:Creating environment hook '/home/user/robocup_ws/build/serial_pkg/share/serial_pkg/hook/pythonpath_develop.sh'
[11.553s] Level 1:colcon.colcon_core.environment:checking '/home/user/robocup_ws/install/serial_pkg' for CMake module files
[11.558s] Level 1:colcon.colcon_core.environment:checking '/home/user/robocup_ws/install/serial_pkg' for CMake config files
[11.559s] Level 1:colcon.colcon_core.environment:checking '/home/user/robocup_ws/install/serial_pkg/lib'
[11.559s] Level 1:colcon.colcon_core.environment:checking '/home/user/robocup_ws/install/serial_pkg/bin'
[11.560s] Level 1:colcon.colcon_core.environment:checking '/home/user/robocup_ws/install/serial_pkg/lib/pkgconfig/serial_pkg.pc'
[11.560s] Level 1:colcon.colcon_core.environment:checking '/home/user/robocup_ws/install/serial_pkg/lib/python3.10/site-packages'
[11.564s] Level 1:colcon.colcon_core.shell:create_environment_hook('serial_pkg', 'pythonpath')
[11.565s] INFO:colcon.colcon_core.shell:Creating environment hook '/home/user/robocup_ws/install/serial_pkg/share/serial_pkg/hook/pythonpath.ps1'
[11.566s] INFO:colcon.colcon_core.shell:Creating environment descriptor '/home/user/robocup_ws/install/serial_pkg/share/serial_pkg/hook/pythonpath.dsv'
[11.570s] INFO:colcon.colcon_core.shell:Creating environment hook '/home/user/robocup_ws/install/serial_pkg/share/serial_pkg/hook/pythonpath.sh'
[11.579s] Level 1:colcon.colcon_core.environment:checking '/home/user/robocup_ws/install/serial_pkg/bin'
[11.579s] Level 1:colcon.colcon_core.environment:create_environment_scripts_only(serial_pkg)
[11.583s] INFO:colcon.colcon_core.shell:Creating package script '/home/user/robocup_ws/install/serial_pkg/share/serial_pkg/package.ps1'
[11.587s] INFO:colcon.colcon_core.shell:Creating package descriptor '/home/user/robocup_ws/install/serial_pkg/share/serial_pkg/package.dsv'
[11.589s] INFO:colcon.colcon_core.shell:Creating package script '/home/user/robocup_ws/install/serial_pkg/share/serial_pkg/package.sh'
[11.599s] INFO:colcon.colcon_core.shell:Creating package script '/home/user/robocup_ws/install/serial_pkg/share/serial_pkg/package.bash'
[11.605s] INFO:colcon.colcon_core.shell:Creating package script '/home/user/robocup_ws/install/serial_pkg/share/serial_pkg/package.zsh'
[11.606s] Level 1:colcon.colcon_core.environment:create_file_with_runtime_dependencies(/home/user/robocup_ws/install/serial_pkg/share/colcon-core/packages/serial_pkg)
[21.131s] DEBUG:colcon.colcon_core.event_handler.log_command:Invoked command in '/home/user/robocup_ws/build/msgs_pkg' returned '0': CMAKE_PREFIX_PATH=/opt/ros/humble /usr/bin/cmake --build /home/user/robocup_ws/build/msgs_pkg -- -j4 -l4
[21.177s] DEBUG:colcon.colcon_core.event_handler.log_command:Invoking command in '/home/user/robocup_ws/build/msgs_pkg': CMAKE_PREFIX_PATH=/opt/ros/humble /usr/bin/cmake --install /home/user/robocup_ws/build/msgs_pkg
[24.395s] Level 1:colcon.colcon_core.environment:create_environment_scripts_only(msgs_pkg)
[24.396s] Level 1:colcon.colcon_core.environment:checking '/home/user/robocup_ws/install/msgs_pkg' for CMake module files
[24.400s] Level 1:colcon.colcon_core.environment:checking '/home/user/robocup_ws/install/msgs_pkg' for CMake config files
[24.397s] DEBUG:colcon.colcon_core.event_handler.log_command:Invoked command in '/home/user/robocup_ws/build/msgs_pkg' returned '0': CMAKE_PREFIX_PATH=/opt/ros/humble /usr/bin/cmake --install /home/user/robocup_ws/build/msgs_pkg
[24.403s] Level 1:colcon.colcon_core.shell:create_environment_hook('msgs_pkg', 'cmake_prefix_path')
[24.404s] INFO:colcon.colcon_core.shell:Creating environment hook '/home/user/robocup_ws/install/msgs_pkg/share/msgs_pkg/hook/cmake_prefix_path.ps1'
[24.409s] INFO:colcon.colcon_core.shell:Creating environment descriptor '/home/user/robocup_ws/install/msgs_pkg/share/msgs_pkg/hook/cmake_prefix_path.dsv'
[24.410s] INFO:colcon.colcon_core.shell:Creating environment hook '/home/user/robocup_ws/install/msgs_pkg/share/msgs_pkg/hook/cmake_prefix_path.sh'
[24.411s] Level 1:colcon.colcon_core.environment:checking '/home/user/robocup_ws/install/msgs_pkg/lib'
[24.415s] Level 1:colcon.colcon_core.shell:create_environment_hook('msgs_pkg', 'ld_library_path_lib')
[24.415s] INFO:colcon.colcon_core.shell:Creating environment hook '/home/user/robocup_ws/install/msgs_pkg/share/msgs_pkg/hook/ld_library_path_lib.ps1'
[24.416s] INFO:colcon.colcon_core.shell:Creating environment descriptor '/home/user/robocup_ws/install/msgs_pkg/share/msgs_pkg/hook/ld_library_path_lib.dsv'
[24.417s] INFO:colcon.colcon_core.shell:Creating environment hook '/home/user/robocup_ws/install/msgs_pkg/share/msgs_pkg/hook/ld_library_path_lib.sh'
[24.421s] Level 1:colcon.colcon_core.environment:checking '/home/user/robocup_ws/install/msgs_pkg/bin'
[24.421s] Level 1:colcon.colcon_core.environment:checking '/home/user/robocup_ws/install/msgs_pkg/lib/pkgconfig/msgs_pkg.pc'
[24.422s] Level 1:colcon.colcon_core.environment:checking '/home/user/robocup_ws/install/msgs_pkg/lib/python3.10/site-packages'
[24.423s] Level 1:colcon.colcon_core.environment:checking '/home/user/robocup_ws/install/msgs_pkg/bin'
[24.427s] INFO:colcon.colcon_core.shell:Creating package script '/home/user/robocup_ws/install/msgs_pkg/share/msgs_pkg/package.ps1'
[24.428s] INFO:colcon.colcon_core.shell:Creating package descriptor '/home/user/robocup_ws/install/msgs_pkg/share/msgs_pkg/package.dsv'
[24.429s] INFO:colcon.colcon_core.shell:Creating package script '/home/user/robocup_ws/install/msgs_pkg/share/msgs_pkg/package.sh'
[24.434s] INFO:colcon.colcon_core.shell:Creating package script '/home/user/robocup_ws/install/msgs_pkg/share/msgs_pkg/package.bash'
[24.434s] INFO:colcon.colcon_core.shell:Creating package script '/home/user/robocup_ws/install/msgs_pkg/share/msgs_pkg/package.zsh'
[24.435s] Level 1:colcon.colcon_core.environment:create_file_with_runtime_dependencies(/home/user/robocup_ws/install/msgs_pkg/share/colcon-core/packages/msgs_pkg)
[24.440s] Level 1:colcon.colcon_core.environment:create_environment_scripts_only(msgs_pkg)
[24.440s] Level 1:colcon.colcon_core.environment:checking '/home/user/robocup_ws/install/msgs_pkg' for CMake module files
[24.445s] Level 1:colcon.colcon_core.environment:checking '/home/user/robocup_ws/install/msgs_pkg' for CMake config files
[24.447s] Level 1:colcon.colcon_core.shell:create_environment_hook('msgs_pkg', 'cmake_prefix_path')
[24.451s] INFO:colcon.colcon_core.shell:Creating environment hook '/home/user/robocup_ws/install/msgs_pkg/share/msgs_pkg/hook/cmake_prefix_path.ps1'
[24.452s] INFO:colcon.colcon_core.shell:Creating environment descriptor '/home/user/robocup_ws/install/msgs_pkg/share/msgs_pkg/hook/cmake_prefix_path.dsv'
[24.453s] INFO:colcon.colcon_core.shell:Creating environment hook '/home/user/robocup_ws/install/msgs_pkg/share/msgs_pkg/hook/cmake_prefix_path.sh'
[24.457s] Level 1:colcon.colcon_core.environment:checking '/home/user/robocup_ws/install/msgs_pkg/lib'
[24.457s] Level 1:colcon.colcon_core.shell:create_environment_hook('msgs_pkg', 'ld_library_path_lib')
[24.458s] INFO:colcon.colcon_core.shell:Creating environment hook '/home/user/robocup_ws/install/msgs_pkg/share/msgs_pkg/hook/ld_library_path_lib.ps1'
[24.459s] INFO:colcon.colcon_core.shell:Creating environment descriptor '/home/user/robocup_ws/install/msgs_pkg/share/msgs_pkg/hook/ld_library_path_lib.dsv'
[24.463s] INFO:colcon.colcon_core.shell:Creating environment hook '/home/user/robocup_ws/install/msgs_pkg/share/msgs_pkg/hook/ld_library_path_lib.sh'
[24.464s] Level 1:colcon.colcon_core.environment:checking '/home/user/robocup_ws/install/msgs_pkg/bin'
[24.464s] Level 1:colcon.colcon_core.environment:checking '/home/user/robocup_ws/install/msgs_pkg/lib/pkgconfig/msgs_pkg.pc'
[24.465s] Level 1:colcon.colcon_core.environment:checking '/home/user/robocup_ws/install/msgs_pkg/lib/python3.10/site-packages'
[24.469s] Level 1:colcon.colcon_core.environment:checking '/home/user/robocup_ws/install/msgs_pkg/bin'
[24.470s] INFO:colcon.colcon_core.shell:Creating package script '/home/user/robocup_ws/install/msgs_pkg/share/msgs_pkg/package.ps1'
[24.475s] INFO:colcon.colcon_core.shell:Creating package descriptor '/home/user/robocup_ws/install/msgs_pkg/share/msgs_pkg/package.dsv'
[24.476s] INFO:colcon.colcon_core.shell:Creating package script '/home/user/robocup_ws/install/msgs_pkg/share/msgs_pkg/package.sh'
[24.478s] INFO:colcon.colcon_core.shell:Creating package script '/home/user/robocup_ws/install/msgs_pkg/share/msgs_pkg/package.bash'
[24.479s] INFO:colcon.colcon_core.shell:Creating package script '/home/user/robocup_ws/install/msgs_pkg/share/msgs_pkg/package.zsh'
[24.480s] Level 1:colcon.colcon_core.environment:create_file_with_runtime_dependencies(/home/user/robocup_ws/install/msgs_pkg/share/colcon-core/packages/msgs_pkg)
[31.898s] DEBUG:colcon.colcon_core.event_handler.log_command:Invoked command in '/home/user/robocup_ws/build/realsense2_camera_msgs' returned '0': CMAKE_PREFIX_PATH=/opt/ros/humble /usr/bin/cmake --build /home/user/robocup_ws/build/realsense2_camera_msgs -- -j4 -l4
[31.901s] DEBUG:colcon.colcon_core.event_handler.log_command:Invoking command in '/home/user/robocup_ws/build/realsense2_camera_msgs': CMAKE_PREFIX_PATH=/opt/ros/humble /usr/bin/cmake --install /home/user/robocup_ws/build/realsense2_camera_msgs
[34.578s] Level 1:colcon.colcon_core.environment:create_environment_scripts_only(realsense2_camera_msgs)
[34.579s] Level 1:colcon.colcon_core.environment:checking '/home/user/robocup_ws/install/realsense2_camera_msgs' for CMake module files
[34.579s] DEBUG:colcon.colcon_core.event_handler.log_command:Invoked command in '/home/user/robocup_ws/build/realsense2_camera_msgs' returned '0': CMAKE_PREFIX_PATH=/opt/ros/humble /usr/bin/cmake --install /home/user/robocup_ws/build/realsense2_camera_msgs
[34.580s] Level 1:colcon.colcon_core.environment:checking '/home/user/robocup_ws/install/realsense2_camera_msgs' for CMake config files
[34.582s] Level 1:colcon.colcon_core.shell:create_environment_hook('realsense2_camera_msgs', 'cmake_prefix_path')
[34.583s] INFO:colcon.colcon_core.shell:Creating environment hook '/home/user/robocup_ws/install/realsense2_camera_msgs/share/realsense2_camera_msgs/hook/cmake_prefix_path.ps1'
[34.583s] INFO:colcon.colcon_core.shell:Creating environment descriptor '/home/user/robocup_ws/install/realsense2_camera_msgs/share/realsense2_camera_msgs/hook/cmake_prefix_path.dsv'
[34.584s] INFO:colcon.colcon_core.shell:Creating environment hook '/home/user/robocup_ws/install/realsense2_camera_msgs/share/realsense2_camera_msgs/hook/cmake_prefix_path.sh'
[34.585s] Level 1:colcon.colcon_core.environment:checking '/home/user/robocup_ws/install/realsense2_camera_msgs/lib'
[34.585s] Level 1:colcon.colcon_core.shell:create_environment_hook('realsense2_camera_msgs', 'ld_library_path_lib')
[34.585s] INFO:colcon.colcon_core.shell:Creating environment hook '/home/user/robocup_ws/install/realsense2_camera_msgs/share/realsense2_camera_msgs/hook/ld_library_path_lib.ps1'
[34.585s] INFO:colcon.colcon_core.shell:Creating environment descriptor '/home/user/robocup_ws/install/realsense2_camera_msgs/share/realsense2_camera_msgs/hook/ld_library_path_lib.dsv'
[34.586s] INFO:colcon.colcon_core.shell:Creating environment hook '/home/user/robocup_ws/install/realsense2_camera_msgs/share/realsense2_camera_msgs/hook/ld_library_path_lib.sh'
[34.586s] Level 1:colcon.colcon_core.environment:checking '/home/user/robocup_ws/install/realsense2_camera_msgs/bin'
[34.587s] Level 1:colcon.colcon_core.environment:checking '/home/user/robocup_ws/install/realsense2_camera_msgs/lib/pkgconfig/realsense2_camera_msgs.pc'
[34.587s] Level 1:colcon.colcon_core.environment:checking '/home/user/robocup_ws/install/realsense2_camera_msgs/lib/python3.10/site-packages'
[34.587s] Level 1:colcon.colcon_core.environment:checking '/home/user/robocup_ws/install/realsense2_camera_msgs/bin'
[34.588s] INFO:colcon.colcon_core.shell:Creating package script '/home/user/robocup_ws/install/realsense2_camera_msgs/share/realsense2_camera_msgs/package.ps1'
[34.589s] INFO:colcon.colcon_core.shell:Creating package descriptor '/home/user/robocup_ws/install/realsense2_camera_msgs/share/realsense2_camera_msgs/package.dsv'
[34.589s] INFO:colcon.colcon_core.shell:Creating package script '/home/user/robocup_ws/install/realsense2_camera_msgs/share/realsense2_camera_msgs/package.sh'
[34.590s] INFO:colcon.colcon_core.shell:Creating package script '/home/user/robocup_ws/install/realsense2_camera_msgs/share/realsense2_camera_msgs/package.bash'
[34.590s] INFO:colcon.colcon_core.shell:Creating package script '/home/user/robocup_ws/install/realsense2_camera_msgs/share/realsense2_camera_msgs/package.zsh'
[34.591s] Level 1:colcon.colcon_core.environment:create_file_with_runtime_dependencies(/home/user/robocup_ws/install/realsense2_camera_msgs/share/colcon-core/packages/realsense2_camera_msgs)
[34.592s] Level 1:colcon.colcon_core.environment:create_environment_scripts_only(realsense2_camera_msgs)
[34.592s] Level 1:colcon.colcon_core.environment:checking '/home/user/robocup_ws/install/realsense2_camera_msgs' for CMake module files
[34.593s] Level 1:colcon.colcon_core.environment:checking '/home/user/robocup_ws/install/realsense2_camera_msgs' for CMake config files
[34.595s] Level 1:colcon.colcon_core.shell:create_environment_hook('realsense2_camera_msgs', 'cmake_prefix_path')
[34.595s] INFO:colcon.colcon_core.shell:Creating environment hook '/home/user/robocup_ws/install/realsense2_camera_msgs/share/realsense2_camera_msgs/hook/cmake_prefix_path.ps1'
[34.596s] INFO:colcon.colcon_core.shell:Creating environment descriptor '/home/user/robocup_ws/install/realsense2_camera_msgs/share/realsense2_camera_msgs/hook/cmake_prefix_path.dsv'
[34.596s] INFO:colcon.colcon_core.shell:Creating environment hook '/home/user/robocup_ws/install/realsense2_camera_msgs/share/realsense2_camera_msgs/hook/cmake_prefix_path.sh'
[34.597s] Level 1:colcon.colcon_core.environment:checking '/home/user/robocup_ws/install/realsense2_camera_msgs/lib'
[34.597s] Level 1:colcon.colcon_core.shell:create_environment_hook('realsense2_camera_msgs', 'ld_library_path_lib')
[34.597s] INFO:colcon.colcon_core.shell:Creating environment hook '/home/user/robocup_ws/install/realsense2_camera_msgs/share/realsense2_camera_msgs/hook/ld_library_path_lib.ps1'
[34.598s] INFO:colcon.colcon_core.shell:Creating environment descriptor '/home/user/robocup_ws/install/realsense2_camera_msgs/share/realsense2_camera_msgs/hook/ld_library_path_lib.dsv'
[34.598s] INFO:colcon.colcon_core.shell:Creating environment hook '/home/user/robocup_ws/install/realsense2_camera_msgs/share/realsense2_camera_msgs/hook/ld_library_path_lib.sh'
[34.599s] Level 1:colcon.colcon_core.environment:checking '/home/user/robocup_ws/install/realsense2_camera_msgs/bin'
[34.599s] Level 1:colcon.colcon_core.environment:checking '/home/user/robocup_ws/install/realsense2_camera_msgs/lib/pkgconfig/realsense2_camera_msgs.pc'
[34.599s] Level 1:colcon.colcon_core.environment:checking '/home/user/robocup_ws/install/realsense2_camera_msgs/lib/python3.10/site-packages'
[34.600s] Level 1:colcon.colcon_core.environment:checking '/home/user/robocup_ws/install/realsense2_camera_msgs/bin'
[34.600s] INFO:colcon.colcon_core.shell:Creating package script '/home/user/robocup_ws/install/realsense2_camera_msgs/share/realsense2_camera_msgs/package.ps1'
[34.601s] INFO:colcon.colcon_core.shell:Creating package descriptor '/home/user/robocup_ws/install/realsense2_camera_msgs/share/realsense2_camera_msgs/package.dsv'
[34.602s] INFO:colcon.colcon_core.shell:Creating package script '/home/user/robocup_ws/install/realsense2_camera_msgs/share/realsense2_camera_msgs/package.sh'
[34.603s] INFO:colcon.colcon_core.shell:Creating package script '/home/user/robocup_ws/install/realsense2_camera_msgs/share/realsense2_camera_msgs/package.bash'
[34.603s] INFO:colcon.colcon_core.shell:Creating package script '/home/user/robocup_ws/install/realsense2_camera_msgs/share/realsense2_camera_msgs/package.zsh'
[34.604s] Level 1:colcon.colcon_core.environment:create_file_with_runtime_dependencies(/home/user/robocup_ws/install/realsense2_camera_msgs/share/colcon-core/packages/realsense2_camera_msgs)
[34.604s] INFO:colcon.colcon_ros.task.ament_cmake.build:Building ROS package in '/home/user/robocup_ws/src/realsense-ros/realsense2_camera' with build type 'ament_cmake'
[34.605s] INFO:colcon.colcon_cmake.task.cmake.build:Building CMake package in '/home/user/robocup_ws/src/realsense-ros/realsense2_camera'
[34.605s] INFO:colcon.colcon_core.shell:Skip shell extension 'powershell' for command environment: Not usable outside of PowerShell
[34.605s] DEBUG:colcon.colcon_core.shell:Skip shell extension 'dsv' for command environment
[34.611s] INFO:colcon.colcon_ros.task.ament_cmake.build:Building ROS package in '/home/user/robocup_ws/src/realsense-ros/realsense2_description' with build type 'ament_cmake'
[34.611s] INFO:colcon.colcon_cmake.task.cmake.build:Building CMake package in '/home/user/robocup_ws/src/realsense-ros/realsense2_description'
[34.612s] INFO:colcon.colcon_core.shell:Skip shell extension 'powershell' for command environment: Not usable outside of PowerShell
[34.612s] DEBUG:colcon.colcon_core.shell:Skip shell extension 'dsv' for command environment
[34.627s] DEBUG:colcon.colcon_core.event_handler.log_command:Invoking command in '/home/user/robocup_ws/build/realsense2_camera': AMENT_PREFIX_PATH=/home/user/robocup_ws/install/realsense2_camera_msgs:${AMENT_PREFIX_PATH} CMAKE_PREFIX_PATH=/home/user/robocup_ws/install/realsense2_camera_msgs:/opt/ros/humble LD_LIBRARY_PATH=/home/user/robocup_ws/install/realsense2_camera_msgs/lib:/opt/ros/humble/opt/rviz_ogre_vendor/lib:/opt/ros/humble/lib/x86_64-linux-gnu:/opt/ros/humble/lib:/usr/lib/x86_64-linux-gnu/gazebo-11/plugins:/usr/lib/x86_64-linux-gnu/gazebo-11/plugins:/usr/lib/x86_64-linux-gnu/gazebo-11/plugins PYTHONPATH=/home/user/robocup_ws/install/realsense2_camera_msgs/local/lib/python3.10/dist-packages:${PYTHONPATH} /usr/bin/cmake /home/user/robocup_ws/src/realsense-ros/realsense2_camera -DAMENT_CMAKE_SYMLINK_INSTALL=1 -DCMAKE_INSTALL_PREFIX=/home/user/robocup_ws/install/realsense2_camera
[34.632s] DEBUG:colcon.colcon_core.event_handler.log_command:Invoking command in '/home/user/robocup_ws/build/realsense2_description': AMENT_PREFIX_PATH=/home/user/robocup_ws/install/realsense2_camera_msgs:${AMENT_PREFIX_PATH} CMAKE_PREFIX_PATH=/home/user/robocup_ws/install/realsense2_camera_msgs:/opt/ros/humble LD_LIBRARY_PATH=/home/user/robocup_ws/install/realsense2_camera_msgs/lib:/opt/ros/humble/opt/rviz_ogre_vendor/lib:/opt/ros/humble/lib/x86_64-linux-gnu:/opt/ros/humble/lib:/usr/lib/x86_64-linux-gnu/gazebo-11/plugins:/usr/lib/x86_64-linux-gnu/gazebo-11/plugins:/usr/lib/x86_64-linux-gnu/gazebo-11/plugins PYTHONPATH=/home/user/robocup_ws/install/realsense2_camera_msgs/local/lib/python3.10/dist-packages:${PYTHONPATH} /usr/bin/cmake /home/user/robocup_ws/src/realsense-ros/realsense2_description -DAMENT_CMAKE_SYMLINK_INSTALL=1 -DCMAKE_INSTALL_PREFIX=/home/user/robocup_ws/install/realsense2_description
[35.623s] DEBUG:colcon.colcon_core.event_handler.log_command:Invoked command in '/home/user/robocup_ws/build/realsense2_description' returned '0': AMENT_PREFIX_PATH=/home/user/robocup_ws/install/realsense2_camera_msgs:${AMENT_PREFIX_PATH} CMAKE_PREFIX_PATH=/home/user/robocup_ws/install/realsense2_camera_msgs:/opt/ros/humble LD_LIBRARY_PATH=/home/user/robocup_ws/install/realsense2_camera_msgs/lib:/opt/ros/humble/opt/rviz_ogre_vendor/lib:/opt/ros/humble/lib/x86_64-linux-gnu:/opt/ros/humble/lib:/usr/lib/x86_64-linux-gnu/gazebo-11/plugins:/usr/lib/x86_64-linux-gnu/gazebo-11/plugins:/usr/lib/x86_64-linux-gnu/gazebo-11/plugins PYTHONPATH=/home/user/robocup_ws/install/realsense2_camera_msgs/local/lib/python3.10/dist-packages:${PYTHONPATH} /usr/bin/cmake /home/user/robocup_ws/src/realsense-ros/realsense2_description -DAMENT_CMAKE_SYMLINK_INSTALL=1 -DCMAKE_INSTALL_PREFIX=/home/user/robocup_ws/install/realsense2_description
[35.626s] DEBUG:colcon.colcon_core.event_handler.log_command:Invoking command in '/home/user/robocup_ws/build/realsense2_description': AMENT_PREFIX_PATH=/home/user/robocup_ws/install/realsense2_camera_msgs:${AMENT_PREFIX_PATH} CMAKE_PREFIX_PATH=/home/user/robocup_ws/install/realsense2_camera_msgs:/opt/ros/humble LD_LIBRARY_PATH=/home/user/robocup_ws/install/realsense2_camera_msgs/lib:/opt/ros/humble/opt/rviz_ogre_vendor/lib:/opt/ros/humble/lib/x86_64-linux-gnu:/opt/ros/humble/lib:/usr/lib/x86_64-linux-gnu/gazebo-11/plugins:/usr/lib/x86_64-linux-gnu/gazebo-11/plugins:/usr/lib/x86_64-linux-gnu/gazebo-11/plugins PYTHONPATH=/home/user/robocup_ws/install/realsense2_camera_msgs/local/lib/python3.10/dist-packages:${PYTHONPATH} /usr/bin/cmake --build /home/user/robocup_ws/build/realsense2_description -- -j4 -l4
[35.685s] DEBUG:colcon.colcon_core.event_handler.log_command:Invoked command in '/home/user/robocup_ws/build/realsense2_description' returned '0': AMENT_PREFIX_PATH=/home/user/robocup_ws/install/realsense2_camera_msgs:${AMENT_PREFIX_PATH} CMAKE_PREFIX_PATH=/home/user/robocup_ws/install/realsense2_camera_msgs:/opt/ros/humble LD_LIBRARY_PATH=/home/user/robocup_ws/install/realsense2_camera_msgs/lib:/opt/ros/humble/opt/rviz_ogre_vendor/lib:/opt/ros/humble/lib/x86_64-linux-gnu:/opt/ros/humble/lib:/usr/lib/x86_64-linux-gnu/gazebo-11/plugins:/usr/lib/x86_64-linux-gnu/gazebo-11/plugins:/usr/lib/x86_64-linux-gnu/gazebo-11/plugins PYTHONPATH=/home/user/robocup_ws/install/realsense2_camera_msgs/local/lib/python3.10/dist-packages:${PYTHONPATH} /usr/bin/cmake --build /home/user/robocup_ws/build/realsense2_description -- -j4 -l4
[35.688s] DEBUG:colcon.colcon_core.event_handler.log_command:Invoking command in '/home/user/robocup_ws/build/realsense2_description': AMENT_PREFIX_PATH=/home/user/robocup_ws/install/realsense2_camera_msgs:${AMENT_PREFIX_PATH} CMAKE_PREFIX_PATH=/home/user/robocup_ws/install/realsense2_camera_msgs:/opt/ros/humble LD_LIBRARY_PATH=/home/user/robocup_ws/install/realsense2_camera_msgs/lib:/opt/ros/humble/opt/rviz_ogre_vendor/lib:/opt/ros/humble/lib/x86_64-linux-gnu:/opt/ros/humble/lib:/usr/lib/x86_64-linux-gnu/gazebo-11/plugins:/usr/lib/x86_64-linux-gnu/gazebo-11/plugins:/usr/lib/x86_64-linux-gnu/gazebo-11/plugins PYTHONPATH=/home/user/robocup_ws/install/realsense2_camera_msgs/local/lib/python3.10/dist-packages:${PYTHONPATH} /usr/bin/cmake --install /home/user/robocup_ws/build/realsense2_description
[36.266s] Level 1:colcon.colcon_core.environment:create_environment_scripts_only(realsense2_description)
[36.267s] Level 1:colcon.colcon_core.environment:checking '/home/user/robocup_ws/install/realsense2_description' for CMake module files
[36.268s] DEBUG:colcon.colcon_core.event_handler.log_command:Invoked command in '/home/user/robocup_ws/build/realsense2_description' returned '0': AMENT_PREFIX_PATH=/home/user/robocup_ws/install/realsense2_camera_msgs:${AMENT_PREFIX_PATH} CMAKE_PREFIX_PATH=/home/user/robocup_ws/install/realsense2_camera_msgs:/opt/ros/humble LD_LIBRARY_PATH=/home/user/robocup_ws/install/realsense2_camera_msgs/lib:/opt/ros/humble/opt/rviz_ogre_vendor/lib:/opt/ros/humble/lib/x86_64-linux-gnu:/opt/ros/humble/lib:/usr/lib/x86_64-linux-gnu/gazebo-11/plugins:/usr/lib/x86_64-linux-gnu/gazebo-11/plugins:/usr/lib/x86_64-linux-gnu/gazebo-11/plugins PYTHONPATH=/home/user/robocup_ws/install/realsense2_camera_msgs/local/lib/python3.10/dist-packages:${PYTHONPATH} /usr/bin/cmake --install /home/user/robocup_ws/build/realsense2_description
[36.269s] Level 1:colcon.colcon_core.environment:checking '/home/user/robocup_ws/install/realsense2_description' for CMake config files
[36.270s] Level 1:colcon.colcon_core.shell:create_environment_hook('realsense2_description', 'cmake_prefix_path')
[36.271s] INFO:colcon.colcon_core.shell:Creating environment hook '/home/user/robocup_ws/install/realsense2_description/share/realsense2_description/hook/cmake_prefix_path.ps1'
[36.272s] INFO:colcon.colcon_core.shell:Creating environment descriptor '/home/user/robocup_ws/install/realsense2_description/share/realsense2_description/hook/cmake_prefix_path.dsv'
[36.272s] INFO:colcon.colcon_core.shell:Creating environment hook '/home/user/robocup_ws/install/realsense2_description/share/realsense2_description/hook/cmake_prefix_path.sh'
[36.273s] Level 1:colcon.colcon_core.environment:checking '/home/user/robocup_ws/install/realsense2_description/bin'
[36.273s] Level 1:colcon.colcon_core.environment:checking '/home/user/robocup_ws/install/realsense2_description/lib/pkgconfig/realsense2_description.pc'
[36.274s] Level 1:colcon.colcon_core.environment:checking '/home/user/robocup_ws/install/realsense2_description/lib/python3.10/site-packages'
[36.274s] Level 1:colcon.colcon_core.environment:checking '/home/user/robocup_ws/install/realsense2_description/bin'
[36.275s] INFO:colcon.colcon_core.shell:Creating package script '/home/user/robocup_ws/install/realsense2_description/share/realsense2_description/package.ps1'
[36.275s] INFO:colcon.colcon_core.shell:Creating package descriptor '/home/user/robocup_ws/install/realsense2_description/share/realsense2_description/package.dsv'
[36.276s] INFO:colcon.colcon_core.shell:Creating package script '/home/user/robocup_ws/install/realsense2_description/share/realsense2_description/package.sh'
[36.277s] INFO:colcon.colcon_core.shell:Creating package script '/home/user/robocup_ws/install/realsense2_description/share/realsense2_description/package.bash'
[36.277s] INFO:colcon.colcon_core.shell:Creating package script '/home/user/robocup_ws/install/realsense2_description/share/realsense2_description/package.zsh'
[36.277s] Level 1:colcon.colcon_core.environment:create_file_with_runtime_dependencies(/home/user/robocup_ws/install/realsense2_description/share/colcon-core/packages/realsense2_description)
[36.278s] Level 1:colcon.colcon_core.environment:create_environment_scripts_only(realsense2_description)
[36.279s] Level 1:colcon.colcon_core.environment:checking '/home/user/robocup_ws/install/realsense2_description' for CMake module files
[36.279s] Level 1:colcon.colcon_core.environment:checking '/home/user/robocup_ws/install/realsense2_description' for CMake config files
[36.280s] Level 1:colcon.colcon_core.shell:create_environment_hook('realsense2_description', 'cmake_prefix_path')
[36.280s] INFO:colcon.colcon_core.shell:Creating environment hook '/home/user/robocup_ws/install/realsense2_description/share/realsense2_description/hook/cmake_prefix_path.ps1'
[36.281s] INFO:colcon.colcon_core.shell:Creating environment descriptor '/home/user/robocup_ws/install/realsense2_description/share/realsense2_description/hook/cmake_prefix_path.dsv'
[36.282s] INFO:colcon.colcon_core.shell:Creating environment hook '/home/user/robocup_ws/install/realsense2_description/share/realsense2_description/hook/cmake_prefix_path.sh'
[36.283s] Level 1:colcon.colcon_core.environment:checking '/home/user/robocup_ws/install/realsense2_description/bin'
[36.283s] Level 1:colcon.colcon_core.environment:checking '/home/user/robocup_ws/install/realsense2_description/lib/pkgconfig/realsense2_description.pc'
[36.283s] Level 1:colcon.colcon_core.environment:checking '/home/user/robocup_ws/install/realsense2_description/lib/python3.10/site-packages'
[36.284s] Level 1:colcon.colcon_core.environment:checking '/home/user/robocup_ws/install/realsense2_description/bin'
[36.284s] INFO:colcon.colcon_core.shell:Creating package script '/home/user/robocup_ws/install/realsense2_description/share/realsense2_description/package.ps1'
[36.285s] INFO:colcon.colcon_core.shell:Creating package descriptor '/home/user/robocup_ws/install/realsense2_description/share/realsense2_description/package.dsv'
[36.286s] INFO:colcon.colcon_core.shell:Creating package script '/home/user/robocup_ws/install/realsense2_description/share/realsense2_description/package.sh'
[36.287s] INFO:colcon.colcon_core.shell:Creating package script '/home/user/robocup_ws/install/realsense2_description/share/realsense2_description/package.bash'
[36.288s] INFO:colcon.colcon_core.shell:Creating package script '/home/user/robocup_ws/install/realsense2_description/share/realsense2_description/package.zsh'
[36.288s] Level 1:colcon.colcon_core.environment:create_file_with_runtime_dependencies(/home/user/robocup_ws/install/realsense2_description/share/colcon-core/packages/realsense2_description)
[50.482s] DEBUG:colcon.colcon_core.event_handler.log_command:Invoked command in '/home/user/robocup_ws/build/realsense2_camera' returned '0': AMENT_PREFIX_PATH=/home/user/robocup_ws/install/realsense2_camera_msgs:${AMENT_PREFIX_PATH} CMAKE_PREFIX_PATH=/home/user/robocup_ws/install/realsense2_camera_msgs:/opt/ros/humble LD_LIBRARY_PATH=/home/user/robocup_ws/install/realsense2_camera_msgs/lib:/opt/ros/humble/opt/rviz_ogre_vendor/lib:/opt/ros/humble/lib/x86_64-linux-gnu:/opt/ros/humble/lib:/usr/lib/x86_64-linux-gnu/gazebo-11/plugins:/usr/lib/x86_64-linux-gnu/gazebo-11/plugins:/usr/lib/x86_64-linux-gnu/gazebo-11/plugins PYTHONPATH=/home/user/robocup_ws/install/realsense2_camera_msgs/local/lib/python3.10/dist-packages:${PYTHONPATH} /usr/bin/cmake /home/user/robocup_ws/src/realsense-ros/realsense2_camera -DAMENT_CMAKE_SYMLINK_INSTALL=1 -DCMAKE_INSTALL_PREFIX=/home/user/robocup_ws/install/realsense2_camera
[50.484s] DEBUG:colcon.colcon_core.event_handler.log_command:Invoking command in '/home/user/robocup_ws/build/realsense2_camera': AMENT_PREFIX_PATH=/home/user/robocup_ws/install/realsense2_camera_msgs:${AMENT_PREFIX_PATH} CMAKE_PREFIX_PATH=/home/user/robocup_ws/install/realsense2_camera_msgs:/opt/ros/humble LD_LIBRARY_PATH=/home/user/robocup_ws/install/realsense2_camera_msgs/lib:/opt/ros/humble/opt/rviz_ogre_vendor/lib:/opt/ros/humble/lib/x86_64-linux-gnu:/opt/ros/humble/lib:/usr/lib/x86_64-linux-gnu/gazebo-11/plugins:/usr/lib/x86_64-linux-gnu/gazebo-11/plugins:/usr/lib/x86_64-linux-gnu/gazebo-11/plugins PYTHONPATH=/home/user/robocup_ws/install/realsense2_camera_msgs/local/lib/python3.10/dist-packages:${PYTHONPATH} /usr/bin/cmake --build /home/user/robocup_ws/build/realsense2_camera -- -j4 -l4
[141.489s] DEBUG:colcon.colcon_core.event_handler.log_command:Invoked command in '/home/user/robocup_ws/build/realsense2_camera' returned '0': AMENT_PREFIX_PATH=/home/user/robocup_ws/install/realsense2_camera_msgs:${AMENT_PREFIX_PATH} CMAKE_PREFIX_PATH=/home/user/robocup_ws/install/realsense2_camera_msgs:/opt/ros/humble LD_LIBRARY_PATH=/home/user/robocup_ws/install/realsense2_camera_msgs/lib:/opt/ros/humble/opt/rviz_ogre_vendor/lib:/opt/ros/humble/lib/x86_64-linux-gnu:/opt/ros/humble/lib:/usr/lib/x86_64-linux-gnu/gazebo-11/plugins:/usr/lib/x86_64-linux-gnu/gazebo-11/plugins:/usr/lib/x86_64-linux-gnu/gazebo-11/plugins PYTHONPATH=/home/user/robocup_ws/install/realsense2_camera_msgs/local/lib/python3.10/dist-packages:${PYTHONPATH} /usr/bin/cmake --build /home/user/robocup_ws/build/realsense2_camera -- -j4 -l4
[141.491s] DEBUG:colcon.colcon_core.event_handler.log_command:Invoking command in '/home/user/robocup_ws/build/realsense2_camera': AMENT_PREFIX_PATH=/home/user/robocup_ws/install/realsense2_camera_msgs:${AMENT_PREFIX_PATH} CMAKE_PREFIX_PATH=/home/user/robocup_ws/install/realsense2_camera_msgs:/opt/ros/humble LD_LIBRARY_PATH=/home/user/robocup_ws/install/realsense2_camera_msgs/lib:/opt/ros/humble/opt/rviz_ogre_vendor/lib:/opt/ros/humble/lib/x86_64-linux-gnu:/opt/ros/humble/lib:/usr/lib/x86_64-linux-gnu/gazebo-11/plugins:/usr/lib/x86_64-linux-gnu/gazebo-11/plugins:/usr/lib/x86_64-linux-gnu/gazebo-11/plugins PYTHONPATH=/home/user/robocup_ws/install/realsense2_camera_msgs/local/lib/python3.10/dist-packages:${PYTHONPATH} /usr/bin/cmake --install /home/user/robocup_ws/build/realsense2_camera
[142.320s] Level 1:colcon.colcon_core.environment:create_environment_scripts_only(realsense2_camera)
[142.321s] Level 1:colcon.colcon_core.environment:checking '/home/user/robocup_ws/install/realsense2_camera' for CMake module files
[142.322s] DEBUG:colcon.colcon_core.event_handler.log_command:Invoked command in '/home/user/robocup_ws/build/realsense2_camera' returned '0': AMENT_PREFIX_PATH=/home/user/robocup_ws/install/realsense2_camera_msgs:${AMENT_PREFIX_PATH} CMAKE_PREFIX_PATH=/home/user/robocup_ws/install/realsense2_camera_msgs:/opt/ros/humble LD_LIBRARY_PATH=/home/user/robocup_ws/install/realsense2_camera_msgs/lib:/opt/ros/humble/opt/rviz_ogre_vendor/lib:/opt/ros/humble/lib/x86_64-linux-gnu:/opt/ros/humble/lib:/usr/lib/x86_64-linux-gnu/gazebo-11/plugins:/usr/lib/x86_64-linux-gnu/gazebo-11/plugins:/usr/lib/x86_64-linux-gnu/gazebo-11/plugins PYTHONPATH=/home/user/robocup_ws/install/realsense2_camera_msgs/local/lib/python3.10/dist-packages:${PYTHONPATH} /usr/bin/cmake --install /home/user/robocup_ws/build/realsense2_camera
[142.323s] Level 1:colcon.colcon_core.environment:checking '/home/user/robocup_ws/install/realsense2_camera' for CMake config files
[142.324s] Level 1:colcon.colcon_core.shell:create_environment_hook('realsense2_camera', 'cmake_prefix_path')
[142.324s] INFO:colcon.colcon_core.shell:Creating environment hook '/home/user/robocup_ws/install/realsense2_camera/share/realsense2_camera/hook/cmake_prefix_path.ps1'
[142.326s] INFO:colcon.colcon_core.shell:Creating environment descriptor '/home/user/robocup_ws/install/realsense2_camera/share/realsense2_camera/hook/cmake_prefix_path.dsv'
[142.327s] INFO:colcon.colcon_core.shell:Creating environment hook '/home/user/robocup_ws/install/realsense2_camera/share/realsense2_camera/hook/cmake_prefix_path.sh'
[142.328s] Level 1:colcon.colcon_core.environment:checking '/home/user/robocup_ws/install/realsense2_camera/lib'
[142.328s] Level 1:colcon.colcon_core.shell:create_environment_hook('realsense2_camera', 'ld_library_path_lib')
[142.328s] INFO:colcon.colcon_core.shell:Creating environment hook '/home/user/robocup_ws/install/realsense2_camera/share/realsense2_camera/hook/ld_library_path_lib.ps1'
[142.329s] INFO:colcon.colcon_core.shell:Creating environment descriptor '/home/user/robocup_ws/install/realsense2_camera/share/realsense2_camera/hook/ld_library_path_lib.dsv'
[142.329s] INFO:colcon.colcon_core.shell:Creating environment hook '/home/user/robocup_ws/install/realsense2_camera/share/realsense2_camera/hook/ld_library_path_lib.sh'
[142.330s] Level 1:colcon.colcon_core.environment:checking '/home/user/robocup_ws/install/realsense2_camera/bin'
[142.330s] Level 1:colcon.colcon_core.environment:checking '/home/user/robocup_ws/install/realsense2_camera/lib/pkgconfig/realsense2_camera.pc'
[142.330s] Level 1:colcon.colcon_core.environment:checking '/home/user/robocup_ws/install/realsense2_camera/lib/python3.10/site-packages'
[142.331s] Level 1:colcon.colcon_core.environment:checking '/home/user/robocup_ws/install/realsense2_camera/bin'
[142.331s] INFO:colcon.colcon_core.shell:Creating package script '/home/user/robocup_ws/install/realsense2_camera/share/realsense2_camera/package.ps1'
[142.332s] INFO:colcon.colcon_core.shell:Creating package descriptor '/home/user/robocup_ws/install/realsense2_camera/share/realsense2_camera/package.dsv'
[142.333s] INFO:colcon.colcon_core.shell:Creating package script '/home/user/robocup_ws/install/realsense2_camera/share/realsense2_camera/package.sh'
[142.334s] INFO:colcon.colcon_core.shell:Creating package script '/home/user/robocup_ws/install/realsense2_camera/share/realsense2_camera/package.bash'
[142.335s] INFO:colcon.colcon_core.shell:Creating package script '/home/user/robocup_ws/install/realsense2_camera/share/realsense2_camera/package.zsh'
[142.336s] Level 1:colcon.colcon_core.environment:create_file_with_runtime_dependencies(/home/user/robocup_ws/install/realsense2_camera/share/colcon-core/packages/realsense2_camera)
[142.337s] Level 1:colcon.colcon_core.environment:create_environment_scripts_only(realsense2_camera)
[142.337s] Level 1:colcon.colcon_core.environment:checking '/home/user/robocup_ws/install/realsense2_camera' for CMake module files
[142.338s] Level 1:colcon.colcon_core.environment:checking '/home/user/robocup_ws/install/realsense2_camera' for CMake config files
[142.339s] Level 1:colcon.colcon_core.shell:create_environment_hook('realsense2_camera', 'cmake_prefix_path')
[142.339s] INFO:colcon.colcon_core.shell:Creating environment hook '/home/user/robocup_ws/install/realsense2_camera/share/realsense2_camera/hook/cmake_prefix_path.ps1'
[142.340s] INFO:colcon.colcon_core.shell:Creating environment descriptor '/home/user/robocup_ws/install/realsense2_camera/share/realsense2_camera/hook/cmake_prefix_path.dsv'
[142.340s] INFO:colcon.colcon_core.shell:Creating environment hook '/home/user/robocup_ws/install/realsense2_camera/share/realsense2_camera/hook/cmake_prefix_path.sh'
[142.341s] Level 1:colcon.colcon_core.environment:checking '/home/user/robocup_ws/install/realsense2_camera/lib'
[142.341s] Level 1:colcon.colcon_core.shell:create_environment_hook('realsense2_camera', 'ld_library_path_lib')
[142.342s] INFO:colcon.colcon_core.shell:Creating environment hook '/home/user/robocup_ws/install/realsense2_camera/share/realsense2_camera/hook/ld_library_path_lib.ps1'
[142.342s] INFO:colcon.colcon_core.shell:Creating environment descriptor '/home/user/robocup_ws/install/realsense2_camera/share/realsense2_camera/hook/ld_library_path_lib.dsv'
[142.343s] INFO:colcon.colcon_core.shell:Creating environment hook '/home/user/robocup_ws/install/realsense2_camera/share/realsense2_camera/hook/ld_library_path_lib.sh'
[142.343s] Level 1:colcon.colcon_core.environment:checking '/home/user/robocup_ws/install/realsense2_camera/bin'
[142.343s] Level 1:colcon.colcon_core.environment:checking '/home/user/robocup_ws/install/realsense2_camera/lib/pkgconfig/realsense2_camera.pc'
[142.344s] Level 1:colcon.colcon_core.environment:checking '/home/user/robocup_ws/install/realsense2_camera/lib/python3.10/site-packages'
[142.344s] Level 1:colcon.colcon_core.environment:checking '/home/user/robocup_ws/install/realsense2_camera/bin'
[142.345s] INFO:colcon.colcon_core.shell:Creating package script '/home/user/robocup_ws/install/realsense2_camera/share/realsense2_camera/package.ps1'
[142.346s] INFO:colcon.colcon_core.shell:Creating package descriptor '/home/user/robocup_ws/install/realsense2_camera/share/realsense2_camera/package.dsv'
[142.347s] INFO:colcon.colcon_core.shell:Creating package script '/home/user/robocup_ws/install/realsense2_camera/share/realsense2_camera/package.sh'
[142.347s] INFO:colcon.colcon_core.shell:Creating package script '/home/user/robocup_ws/install/realsense2_camera/share/realsense2_camera/package.bash'
[142.348s] INFO:colcon.colcon_core.shell:Creating package script '/home/user/robocup_ws/install/realsense2_camera/share/realsense2_camera/package.zsh'
[142.348s] Level 1:colcon.colcon_core.environment:create_file_with_runtime_dependencies(/home/user/robocup_ws/install/realsense2_camera/share/colcon-core/packages/realsense2_camera)
[142.349s] DEBUG:colcon.colcon_parallel_executor.executor.parallel:closing loop
[142.349s] DEBUG:colcon.colcon_parallel_executor.executor.parallel:loop closed
[142.350s] DEBUG:colcon.colcon_parallel_executor.executor.parallel:run_until_complete finished with '0'
[142.350s] DEBUG:colcon.colcon_core.event_reactor:joining thread
[142.368s] INFO:colcon.colcon_core.plugin_system:Skipping extension 'colcon_notification.desktop_notification.terminal_notifier': Not used on non-Darwin systems
[142.369s] INFO:colcon.colcon_core.plugin_system:Skipping extension 'colcon_notification.desktop_notification.win32': Not used on non-Windows systems
[142.369s] INFO:colcon.colcon_notification.desktop_notification:Sending desktop notification using 'notify2'
[142.387s] DEBUG:colcon.colcon_core.event_reactor:joined thread
[142.388s] INFO:colcon.colcon_core.shell:Creating prefix script '/home/user/robocup_ws/install/local_setup.ps1'
[142.390s] INFO:colcon.colcon_core.shell:Creating prefix util module '/home/user/robocup_ws/install/_local_setup_util_ps1.py'
[142.392s] INFO:colcon.colcon_core.shell:Creating prefix chain script '/home/user/robocup_ws/install/setup.ps1'
[142.394s] INFO:colcon.colcon_core.shell:Creating prefix script '/home/user/robocup_ws/install/local_setup.sh'
[142.395s] INFO:colcon.colcon_core.shell:Creating prefix util module '/home/user/robocup_ws/install/_local_setup_util_sh.py'
[142.396s] INFO:colcon.colcon_core.shell:Creating prefix chain script '/home/user/robocup_ws/install/setup.sh'
[142.397s] INFO:colcon.colcon_core.shell:Creating prefix script '/home/user/robocup_ws/install/local_setup.bash'
[142.398s] INFO:colcon.colcon_core.shell:Creating prefix chain script '/home/user/robocup_ws/install/setup.bash'
[142.401s] INFO:colcon.colcon_core.shell:Creating prefix script '/home/user/robocup_ws/install/local_setup.zsh'
[142.402s] INFO:colcon.colcon_core.shell:Creating prefix chain script '/home/user/robocup_ws/install/setup.zsh'
