[0.020s] Invoking command in '/home/user/robocup_ws/build/realsense2_description': AMENT_PREFIX_PATH=/home/user/robocup_ws/install/realsense2_camera_msgs:${AMENT_PREFIX_PATH} CMAKE_PREFIX_PATH=/home/user/robocup_ws/install/realsense2_camera_msgs:/opt/ros/humble LD_LIBRARY_PATH=/home/user/robocup_ws/install/realsense2_camera_msgs/lib:/opt/ros/humble/opt/rviz_ogre_vendor/lib:/opt/ros/humble/lib/x86_64-linux-gnu:/opt/ros/humble/lib:/usr/lib/x86_64-linux-gnu/gazebo-11/plugins:/usr/lib/x86_64-linux-gnu/gazebo-11/plugins:/usr/lib/x86_64-linux-gnu/gazebo-11/plugins PYTHONPATH=/home/user/robocup_ws/install/realsense2_camera_msgs/local/lib/python3.10/dist-packages:${PYTHONPATH} /usr/bin/cmake /home/user/robocup_ws/src/realsense-ros/realsense2_description -DAMENT_CMAKE_SYMLINK_INSTALL=1 -DCMAKE_INSTALL_PREFIX=/home/user/robocup_ws/install/realsense2_description
[0.105s] -- The C compiler identification is GNU 11.4.0
[0.192s] -- The CXX compiler identification is GNU 11.4.0
[0.203s] -- Detecting C compiler ABI info
[0.306s] -- Detecting C compiler ABI info - done
[0.324s] -- Check for working C compiler: /usr/bin/cc - skipped
[0.325s] -- Detecting C compile features
[0.325s] -- Detecting C compile features - done
[0.330s] -- Detecting CXX compiler ABI info
[0.477s] -- Detecting CXX compiler ABI info - done
[0.494s] -- Check for working CXX compiler: /usr/bin/c++ - skipped
[0.495s] -- Detecting CXX compile features
[0.495s] -- Detecting CXX compile features - done
[0.500s] -- Found ament_cmake: 1.3.12 (/opt/ros/humble/share/ament_cmake/cmake)
[0.746s] -- Found Python3: /usr/bin/python3 (found version "3.10.12") found components: Interpreter 
[0.847s] -- Override CMake install command with custom implementation using symlinks instead of copying resources
[0.999s] -- Configuring done
[1.003s] -- Generating done
[1.005s] -- Build files have been written to: /home/user/robocup_ws/build/realsense2_description
[1.011s] Invoked command in '/home/user/robocup_ws/build/realsense2_description' returned '0': AMENT_PREFIX_PATH=/home/user/robocup_ws/install/realsense2_camera_msgs:${AMENT_PREFIX_PATH} CMAKE_PREFIX_PATH=/home/user/robocup_ws/install/realsense2_camera_msgs:/opt/ros/humble LD_LIBRARY_PATH=/home/user/robocup_ws/install/realsense2_camera_msgs/lib:/opt/ros/humble/opt/rviz_ogre_vendor/lib:/opt/ros/humble/lib/x86_64-linux-gnu:/opt/ros/humble/lib:/usr/lib/x86_64-linux-gnu/gazebo-11/plugins:/usr/lib/x86_64-linux-gnu/gazebo-11/plugins:/usr/lib/x86_64-linux-gnu/gazebo-11/plugins PYTHONPATH=/home/user/robocup_ws/install/realsense2_camera_msgs/local/lib/python3.10/dist-packages:${PYTHONPATH} /usr/bin/cmake /home/user/robocup_ws/src/realsense-ros/realsense2_description -DAMENT_CMAKE_SYMLINK_INSTALL=1 -DCMAKE_INSTALL_PREFIX=/home/user/robocup_ws/install/realsense2_description
[1.014s] Invoking command in '/home/user/robocup_ws/build/realsense2_description': AMENT_PREFIX_PATH=/home/user/robocup_ws/install/realsense2_camera_msgs:${AMENT_PREFIX_PATH} CMAKE_PREFIX_PATH=/home/user/robocup_ws/install/realsense2_camera_msgs:/opt/ros/humble LD_LIBRARY_PATH=/home/user/robocup_ws/install/realsense2_camera_msgs/lib:/opt/ros/humble/opt/rviz_ogre_vendor/lib:/opt/ros/humble/lib/x86_64-linux-gnu:/opt/ros/humble/lib:/usr/lib/x86_64-linux-gnu/gazebo-11/plugins:/usr/lib/x86_64-linux-gnu/gazebo-11/plugins:/usr/lib/x86_64-linux-gnu/gazebo-11/plugins PYTHONPATH=/home/user/robocup_ws/install/realsense2_camera_msgs/local/lib/python3.10/dist-packages:${PYTHONPATH} /usr/bin/cmake --build /home/user/robocup_ws/build/realsense2_description -- -j4 -l4
[1.073s] Invoked command in '/home/user/robocup_ws/build/realsense2_description' returned '0': AMENT_PREFIX_PATH=/home/user/robocup_ws/install/realsense2_camera_msgs:${AMENT_PREFIX_PATH} CMAKE_PREFIX_PATH=/home/user/robocup_ws/install/realsense2_camera_msgs:/opt/ros/humble LD_LIBRARY_PATH=/home/user/robocup_ws/install/realsense2_camera_msgs/lib:/opt/ros/humble/opt/rviz_ogre_vendor/lib:/opt/ros/humble/lib/x86_64-linux-gnu:/opt/ros/humble/lib:/usr/lib/x86_64-linux-gnu/gazebo-11/plugins:/usr/lib/x86_64-linux-gnu/gazebo-11/plugins:/usr/lib/x86_64-linux-gnu/gazebo-11/plugins PYTHONPATH=/home/user/robocup_ws/install/realsense2_camera_msgs/local/lib/python3.10/dist-packages:${PYTHONPATH} /usr/bin/cmake --build /home/user/robocup_ws/build/realsense2_description -- -j4 -l4
[1.076s] Invoking command in '/home/user/robocup_ws/build/realsense2_description': AMENT_PREFIX_PATH=/home/user/robocup_ws/install/realsense2_camera_msgs:${AMENT_PREFIX_PATH} CMAKE_PREFIX_PATH=/home/user/robocup_ws/install/realsense2_camera_msgs:/opt/ros/humble LD_LIBRARY_PATH=/home/user/robocup_ws/install/realsense2_camera_msgs/lib:/opt/ros/humble/opt/rviz_ogre_vendor/lib:/opt/ros/humble/lib/x86_64-linux-gnu:/opt/ros/humble/lib:/usr/lib/x86_64-linux-gnu/gazebo-11/plugins:/usr/lib/x86_64-linux-gnu/gazebo-11/plugins:/usr/lib/x86_64-linux-gnu/gazebo-11/plugins PYTHONPATH=/home/user/robocup_ws/install/realsense2_camera_msgs/local/lib/python3.10/dist-packages:${PYTHONPATH} /usr/bin/cmake --install /home/user/robocup_ws/build/realsense2_description
[1.086s] -- Install configuration: ""
[1.087s] -- Execute custom install script
[1.088s] -- Symlinking: /home/user/robocup_ws/install/realsense2_description/share/realsense2_description/launch/launch_utils.py
[1.100s] -- Symlinking: /home/user/robocup_ws/install/realsense2_description/share/realsense2_description/launch/view_model.launch.py
[1.114s] -- Symlinking: /home/user/robocup_ws/install/realsense2_description/share/realsense2_description/meshes/d405.stl
[1.127s] -- Symlinking: /home/user/robocup_ws/install/realsense2_description/share/realsense2_description/meshes/d415.stl
[1.139s] -- Symlinking: /home/user/robocup_ws/install/realsense2_description/share/realsense2_description/meshes/d435.dae
[1.152s] -- Symlinking: /home/user/robocup_ws/install/realsense2_description/share/realsense2_description/meshes/d455.stl
[1.166s] -- Symlinking: /home/user/robocup_ws/install/realsense2_description/share/realsense2_description/meshes/l515.dae
[1.179s] -- Symlinking: /home/user/robocup_ws/install/realsense2_description/share/realsense2_description/meshes/plug.stl
[1.191s] -- Symlinking: /home/user/robocup_ws/install/realsense2_description/share/realsense2_description/meshes/plug_collision.stl
[1.204s] -- Symlinking: /home/user/robocup_ws/install/realsense2_description/share/realsense2_description/rviz/urdf.rviz
[1.218s] -- Symlinking: /home/user/robocup_ws/install/realsense2_description/share/realsense2_description/urdf/_d405.urdf.xacro
[1.231s] -- Symlinking: /home/user/robocup_ws/install/realsense2_description/share/realsense2_description/urdf/_d415.urdf.xacro
[1.244s] -- Symlinking: /home/user/robocup_ws/install/realsense2_description/share/realsense2_description/urdf/_d435.urdf.xacro
[1.257s] -- Symlinking: /home/user/robocup_ws/install/realsense2_description/share/realsense2_description/urdf/_d435i.urdf.xacro
[1.270s] -- Symlinking: /home/user/robocup_ws/install/realsense2_description/share/realsense2_description/urdf/_d435i_imu_modules.urdf.xacro
[1.283s] -- Symlinking: /home/user/robocup_ws/install/realsense2_description/share/realsense2_description/urdf/_d455.urdf.xacro
[1.296s] -- Symlinking: /home/user/robocup_ws/install/realsense2_description/share/realsense2_description/urdf/_materials.urdf.xacro
[1.309s] -- Symlinking: /home/user/robocup_ws/install/realsense2_description/share/realsense2_description/urdf/_r410.urdf.xacro
[1.322s] -- Symlinking: /home/user/robocup_ws/install/realsense2_description/share/realsense2_description/urdf/_r430.urdf.xacro
[1.335s] -- Symlinking: /home/user/robocup_ws/install/realsense2_description/share/realsense2_description/urdf/_usb_plug.urdf.xacro
[1.348s] -- Symlinking: /home/user/robocup_ws/install/realsense2_description/share/realsense2_description/urdf/test_d405_camera.urdf.xacro
[1.362s] -- Symlinking: /home/user/robocup_ws/install/realsense2_description/share/realsense2_description/urdf/test_d415_camera.urdf.xacro
[1.375s] -- Symlinking: /home/user/robocup_ws/install/realsense2_description/share/realsense2_description/urdf/test_d435_camera.urdf.xacro
[1.388s] -- Symlinking: /home/user/robocup_ws/install/realsense2_description/share/realsense2_description/urdf/test_d435_multiple_cameras.urdf.xacro
[1.401s] -- Symlinking: /home/user/robocup_ws/install/realsense2_description/share/realsense2_description/urdf/test_d435i_camera.urdf.xacro
[1.415s] -- Symlinking: /home/user/robocup_ws/install/realsense2_description/share/realsense2_description/urdf/test_d455_camera.urdf.xacro
[1.429s] -- Symlinking: /home/user/robocup_ws/install/realsense2_description/share/realsense2_description/urdf/test_r410_camera.urdf.xacro
[1.442s] -- Symlinking: /home/user/robocup_ws/install/realsense2_description/share/realsense2_description/urdf/test_r430_camera.urdf.xacro
[1.455s] -- Symlinking: /home/user/robocup_ws/install/realsense2_description/share/ament_index/resource_index/package_run_dependencies/realsense2_description
[1.469s] -- Symlinking: /home/user/robocup_ws/install/realsense2_description/share/ament_index/resource_index/parent_prefix_path/realsense2_description
[1.481s] -- Symlinking: /home/user/robocup_ws/install/realsense2_description/share/realsense2_description/environment/ament_prefix_path.sh
[1.494s] -- Symlinking: /home/user/robocup_ws/install/realsense2_description/share/realsense2_description/environment/ament_prefix_path.dsv
[1.507s] -- Symlinking: /home/user/robocup_ws/install/realsense2_description/share/realsense2_description/environment/path.sh
[1.520s] -- Symlinking: /home/user/robocup_ws/install/realsense2_description/share/realsense2_description/environment/path.dsv
[1.533s] -- Symlinking: /home/user/robocup_ws/install/realsense2_description/share/realsense2_description/local_setup.bash
[1.546s] -- Symlinking: /home/user/robocup_ws/install/realsense2_description/share/realsense2_description/local_setup.sh
[1.560s] -- Symlinking: /home/user/robocup_ws/install/realsense2_description/share/realsense2_description/local_setup.zsh
[1.573s] -- Symlinking: /home/user/robocup_ws/install/realsense2_description/share/realsense2_description/local_setup.dsv
[1.587s] -- Symlinking: /home/user/robocup_ws/install/realsense2_description/share/realsense2_description/package.dsv
[1.600s] -- Symlinking: /home/user/robocup_ws/install/realsense2_description/share/ament_index/resource_index/packages/realsense2_description
[1.612s] -- Symlinking: /home/user/robocup_ws/install/realsense2_description/share/realsense2_description/cmake/realsense2_descriptionConfig.cmake
[1.625s] -- Symlinking: /home/user/robocup_ws/install/realsense2_description/share/realsense2_description/cmake/realsense2_descriptionConfig-version.cmake
[1.639s] -- Symlinking: /home/user/robocup_ws/install/realsense2_description/share/realsense2_description/package.xml
[1.655s] Invoked command in '/home/user/robocup_ws/build/realsense2_description' returned '0': AMENT_PREFIX_PATH=/home/user/robocup_ws/install/realsense2_camera_msgs:${AMENT_PREFIX_PATH} CMAKE_PREFIX_PATH=/home/user/robocup_ws/install/realsense2_camera_msgs:/opt/ros/humble LD_LIBRARY_PATH=/home/user/robocup_ws/install/realsense2_camera_msgs/lib:/opt/ros/humble/opt/rviz_ogre_vendor/lib:/opt/ros/humble/lib/x86_64-linux-gnu:/opt/ros/humble/lib:/usr/lib/x86_64-linux-gnu/gazebo-11/plugins:/usr/lib/x86_64-linux-gnu/gazebo-11/plugins:/usr/lib/x86_64-linux-gnu/gazebo-11/plugins PYTHONPATH=/home/user/robocup_ws/install/realsense2_camera_msgs/local/lib/python3.10/dist-packages:${PYTHONPATH} /usr/bin/cmake --install /home/user/robocup_ws/build/realsense2_description
