[0.020s] Invoking command in '/home/user/robocup_ws/build/realsense2_camera': AMENT_PREFIX_PATH=/home/user/robocup_ws/install/realsense2_camera_msgs:${AMENT_PREFIX_PATH} CMAKE_PREFIX_PATH=/home/user/robocup_ws/install/realsense2_camera_msgs:/opt/ros/humble LD_LIBRARY_PATH=/home/user/robocup_ws/install/realsense2_camera_msgs/lib:/opt/ros/humble/opt/rviz_ogre_vendor/lib:/opt/ros/humble/lib/x86_64-linux-gnu:/opt/ros/humble/lib:/usr/lib/x86_64-linux-gnu/gazebo-11/plugins:/usr/lib/x86_64-linux-gnu/gazebo-11/plugins:/usr/lib/x86_64-linux-gnu/gazebo-11/plugins PYTHONPATH=/home/user/robocup_ws/install/realsense2_camera_msgs/local/lib/python3.10/dist-packages:${PYTHONPATH} /usr/bin/cmake /home/user/robocup_ws/src/realsense-ros/realsense2_camera -DAMENT_CMAKE_SYMLINK_INSTALL=1 -DCMAKE_INSTALL_PREFIX=/home/user/robocup_ws/install/realsense2_camera
[0.106s] -- The C compiler identification is GNU 11.4.0
[0.193s] -- The CXX compiler identification is GNU 11.4.0
[0.204s] -- Detecting C compiler ABI info
[0.309s] -- Detecting C compiler ABI info - done
[0.328s] -- Check for working C compiler: /usr/bin/cc - skipped
[0.328s] -- Detecting C compile features
[0.329s] -- Detecting C compile features - done
[0.334s] -- Detecting CXX compiler ABI info
[0.468s] -- Detecting CXX compiler ABI info - done
[0.487s] -- Check for working CXX compiler: /usr/bin/c++ - skipped
[0.488s] -- Detecting CXX compile features
[0.489s] -- Detecting CXX compile features - done
[0.490s] -- Create Release Build.
[0.495s] -- Found ament_cmake: 1.3.12 (/opt/ros/humble/share/ament_cmake/cmake)
[0.737s] -- Found Python3: /usr/bin/python3 (found version "3.10.12") found components: Interpreter 
[0.839s] -- Override CMake install command with custom implementation using symlinks instead of copying resources
[0.893s] -- Found builtin_interfaces: 1.2.2 (/opt/ros/humble/share/builtin_interfaces/cmake)
[0.952s] -- Found rosidl_generator_c: 3.1.8 (/opt/ros/humble/share/rosidl_generator_c/cmake)
[0.964s] -- Found rosidl_adapter: 3.1.8 (/opt/ros/humble/share/rosidl_adapter/cmake)
[0.979s] -- Found rosidl_generator_cpp: 3.1.8 (/opt/ros/humble/share/rosidl_generator_cpp/cmake)
[1.001s] -- Using all available rosidl_typesupport_c: rosidl_typesupport_fastrtps_c;rosidl_typesupport_introspection_c
[1.032s] -- Using all available rosidl_typesupport_cpp: rosidl_typesupport_fastrtps_cpp;rosidl_typesupport_introspection_cpp
[1.062s] -- Found cv_bridge: 3.2.1 (/opt/ros/humble/share/cv_bridge/cmake)
[1.175s] -- Found image_transport: 3.1.12 (/opt/ros/humble/share/image_transport/cmake)
[1.275s] -- Found rmw_implementation_cmake: 6.1.2 (/opt/ros/humble/share/rmw_implementation_cmake/cmake)
[1.281s] -- Found rmw_fastrtps_cpp: 6.2.9 (/opt/ros/humble/share/rmw_fastrtps_cpp/cmake)
[1.439s] -- Found OpenSSL: /usr/lib/x86_64-linux-gnu/libcrypto.so (found version "3.0.2")  
[1.488s] -- Found FastRTPS: /opt/ros/humble/include  
[1.560s] -- Using RMW implementation 'rmw_fastrtps_cpp' as default
[1.583s] -- Looking for pthread.h
[1.693s] -- Looking for pthread.h - found
[1.694s] -- Performing Test CMAKE_HAVE_LIBC_PTHREAD
[1.802s] -- Performing Test CMAKE_HAVE_LIBC_PTHREAD - Success
[1.803s] -- Found Threads: TRUE  
[1.950s] -- Found rclcpp_action: 16.0.17 (/opt/ros/humble/share/rclcpp_action/cmake)
[2.013s] -- Found rclcpp_components: 16.0.17 (/opt/ros/humble/share/rclcpp_components/cmake)
[2.058s] -- Found realsense2_camera_msgs: 4.56.4 (/home/user/robocup_ws/install/realsense2_camera_msgs/share/realsense2_camera_msgs/cmake)
[2.096s] -- Found std_srvs: 4.9.0 (/opt/ros/humble/share/std_srvs/cmake)
[2.122s] -- Found nav_msgs: 4.9.0 (/opt/ros/humble/share/nav_msgs/cmake)
[2.162s] -- Found tf2_ros: 0.25.18 (/opt/ros/humble/share/tf2_ros/cmake)
[2.232s] -- Found diagnostic_updater: 4.0.6 (/opt/ros/humble/share/diagnostic_updater/cmake)
[2.281s] -- Found OpenCV: /usr (found version "4.5.4") found components: core 
[2.283s] -- Build for ROS2 Humble
[2.291s] -- Found ament_cmake_gtest: 1.3.12 (/opt/ros/humble/share/ament_cmake_gtest/cmake)
[2.296s] -- Found gtest sources under '/opt/ros/humble/src/gtest_vendor': C++ tests using 'Google Test' will be built
[2.304s] -- Found ament_cmake_pytest: 1.3.12 (/opt/ros/humble/share/ament_cmake_pytest/cmake)
[15.643s] -- rs_device_info:
[15.644s] -- No device detected. Is it plugged in?
[15.644s] 
[15.798s] -- Configuring done
[15.844s] -- Generating done
[15.856s] -- Build files have been written to: /home/user/robocup_ws/build/realsense2_camera
[15.875s] Invoked command in '/home/user/robocup_ws/build/realsense2_camera' returned '0': AMENT_PREFIX_PATH=/home/user/robocup_ws/install/realsense2_camera_msgs:${AMENT_PREFIX_PATH} CMAKE_PREFIX_PATH=/home/user/robocup_ws/install/realsense2_camera_msgs:/opt/ros/humble LD_LIBRARY_PATH=/home/user/robocup_ws/install/realsense2_camera_msgs/lib:/opt/ros/humble/opt/rviz_ogre_vendor/lib:/opt/ros/humble/lib/x86_64-linux-gnu:/opt/ros/humble/lib:/usr/lib/x86_64-linux-gnu/gazebo-11/plugins:/usr/lib/x86_64-linux-gnu/gazebo-11/plugins:/usr/lib/x86_64-linux-gnu/gazebo-11/plugins PYTHONPATH=/home/user/robocup_ws/install/realsense2_camera_msgs/local/lib/python3.10/dist-packages:${PYTHONPATH} /usr/bin/cmake /home/user/robocup_ws/src/realsense-ros/realsense2_camera -DAMENT_CMAKE_SYMLINK_INSTALL=1 -DCMAKE_INSTALL_PREFIX=/home/user/robocup_ws/install/realsense2_camera
[15.877s] Invoking command in '/home/user/robocup_ws/build/realsense2_camera': AMENT_PREFIX_PATH=/home/user/robocup_ws/install/realsense2_camera_msgs:${AMENT_PREFIX_PATH} CMAKE_PREFIX_PATH=/home/user/robocup_ws/install/realsense2_camera_msgs:/opt/ros/humble LD_LIBRARY_PATH=/home/user/robocup_ws/install/realsense2_camera_msgs/lib:/opt/ros/humble/opt/rviz_ogre_vendor/lib:/opt/ros/humble/lib/x86_64-linux-gnu:/opt/ros/humble/lib:/usr/lib/x86_64-linux-gnu/gazebo-11/plugins:/usr/lib/x86_64-linux-gnu/gazebo-11/plugins:/usr/lib/x86_64-linux-gnu/gazebo-11/plugins PYTHONPATH=/home/user/robocup_ws/install/realsense2_camera_msgs/local/lib/python3.10/dist-packages:${PYTHONPATH} /usr/bin/cmake --build /home/user/robocup_ws/build/realsense2_camera -- -j4 -l4
[15.967s] [ 12%] [32mBuilding CXX object gtest/CMakeFiles/gtest.dir/src/gtest-all.cc.o[0m
[15.967s] [ 12%] [32mBuilding CXX object gtest/CMakeFiles/gtest_main.dir/src/gtest_main.cc.o[0m
[15.967s] [ 12%] [32mBuilding CXX object CMakeFiles/realsense2_camera_node.dir/rclcpp_components/node_main_realsense2_camera_node.cpp.o[0m
[15.970s] [ 16%] [32mBuilding CXX object CMakeFiles/realsense2_camera.dir/src/realsense_node_factory.cpp.o[0m
[17.596s] [ 20%] [32m[1mLinking CXX static library libgtest_main.a[0m
[17.671s] [ 20%] Built target gtest_main
[17.690s] [ 24%] [32mBuilding CXX object CMakeFiles/realsense2_camera.dir/src/base_realsense_node.cpp.o[0m
[24.999s] [ 28%] [32m[1mLinking CXX executable realsense2_camera_node[0m
[25.338s] [ 28%] Built target realsense2_camera_node
[25.357s] [ 32%] [32mBuilding CXX object CMakeFiles/realsense2_camera.dir/src/parameters.cpp.o[0m
[34.628s] [ 36%] [32m[1mLinking CXX static library libgtest.a[0m
[34.724s] [ 36%] Built target gtest
[34.745s] [ 40%] [32mBuilding CXX object CMakeFiles/realsense2_camera.dir/src/rs_node_setup.cpp.o[0m
[42.159s] [ 44%] [32mBuilding CXX object CMakeFiles/realsense2_camera.dir/src/ros_sensor.cpp.o[0m
[43.435s] [ 48%] [32mBuilding CXX object CMakeFiles/gtest_template.dir/test/gtest_template.cpp.o[0m
[45.495s] [ 52%] [32m[1mLinking CXX executable gtest_template[0m
[45.723s] [ 52%] Built target gtest_template
[45.742s] [ 56%] [32mBuilding CXX object CMakeFiles/realsense2_camera.dir/src/ros_utils.cpp.o[0m
[54.244s] [ 60%] [32mBuilding CXX object CMakeFiles/realsense2_camera.dir/src/dynamic_params.cpp.o[0m
[54.910s] [ 64%] [32mBuilding CXX object CMakeFiles/realsense2_camera.dir/src/sensor_params.cpp.o[0m
[60.732s] [ 68%] [32mBuilding CXX object CMakeFiles/realsense2_camera.dir/src/named_filter.cpp.o[0m
[68.469s] [ 72%] [32mBuilding CXX object CMakeFiles/realsense2_camera.dir/src/pointcloud_filter.cpp.o[0m
[70.228s] [ 76%] [32mBuilding CXX object CMakeFiles/realsense2_camera.dir/src/align_depth_filter.cpp.o[0m
[74.320s] [ 80%] [32mBuilding CXX object CMakeFiles/realsense2_camera.dir/src/profile_manager.cpp.o[0m
[76.967s] [ 84%] [32mBuilding CXX object CMakeFiles/realsense2_camera.dir/src/image_publisher.cpp.o[0m
[83.497s] [ 88%] [32mBuilding CXX object CMakeFiles/realsense2_camera.dir/src/tfs.cpp.o[0m
[95.507s] [ 92%] [32mBuilding CXX object CMakeFiles/realsense2_camera.dir/src/ros_param_backend.cpp.o[0m
[95.508s] [ 96%] [32mBuilding CXX object CMakeFiles/realsense2_camera.dir/src/actions.cpp.o[0m
[106.046s] [100%] [32m[1mLinking CXX shared library librealsense2_camera.so[0m
[106.847s] [100%] Built target realsense2_camera
[106.882s] Invoked command in '/home/user/robocup_ws/build/realsense2_camera' returned '0': AMENT_PREFIX_PATH=/home/user/robocup_ws/install/realsense2_camera_msgs:${AMENT_PREFIX_PATH} CMAKE_PREFIX_PATH=/home/user/robocup_ws/install/realsense2_camera_msgs:/opt/ros/humble LD_LIBRARY_PATH=/home/user/robocup_ws/install/realsense2_camera_msgs/lib:/opt/ros/humble/opt/rviz_ogre_vendor/lib:/opt/ros/humble/lib/x86_64-linux-gnu:/opt/ros/humble/lib:/usr/lib/x86_64-linux-gnu/gazebo-11/plugins:/usr/lib/x86_64-linux-gnu/gazebo-11/plugins:/usr/lib/x86_64-linux-gnu/gazebo-11/plugins PYTHONPATH=/home/user/robocup_ws/install/realsense2_camera_msgs/local/lib/python3.10/dist-packages:${PYTHONPATH} /usr/bin/cmake --build /home/user/robocup_ws/build/realsense2_camera -- -j4 -l4
[106.884s] Invoking command in '/home/user/robocup_ws/build/realsense2_camera': AMENT_PREFIX_PATH=/home/user/robocup_ws/install/realsense2_camera_msgs:${AMENT_PREFIX_PATH} CMAKE_PREFIX_PATH=/home/user/robocup_ws/install/realsense2_camera_msgs:/opt/ros/humble LD_LIBRARY_PATH=/home/user/robocup_ws/install/realsense2_camera_msgs/lib:/opt/ros/humble/opt/rviz_ogre_vendor/lib:/opt/ros/humble/lib/x86_64-linux-gnu:/opt/ros/humble/lib:/usr/lib/x86_64-linux-gnu/gazebo-11/plugins:/usr/lib/x86_64-linux-gnu/gazebo-11/plugins:/usr/lib/x86_64-linux-gnu/gazebo-11/plugins PYTHONPATH=/home/user/robocup_ws/install/realsense2_camera_msgs/local/lib/python3.10/dist-packages:${PYTHONPATH} /usr/bin/cmake --install /home/user/robocup_ws/build/realsense2_camera
[106.897s] -- Install configuration: "Release"
[106.899s] -- Execute custom install script
[106.899s] -- Symlinking: /home/user/robocup_ws/install/realsense2_camera/share/realsense2_camera/config/global_settings.yaml
[106.913s] -- Symlinking: /home/user/robocup_ws/install/realsense2_camera/lib/realsense2_camera/realsense2_camera_node
[106.926s] -- Symlinking: /home/user/robocup_ws/install/realsense2_camera/lib/librealsense2_camera.so
[106.940s] -- Symlinking: /home/user/robocup_ws/install/realsense2_camera/include/align_depth_filter.h
[106.952s] -- Symlinking: /home/user/robocup_ws/install/realsense2_camera/include/base_realsense_node.h
[106.965s] -- Symlinking: /home/user/robocup_ws/install/realsense2_camera/include/constants.h
[106.977s] -- Symlinking: /home/user/robocup_ws/install/realsense2_camera/include/dynamic_params.h
[106.990s] -- Symlinking: /home/user/robocup_ws/install/realsense2_camera/include/gl_window.h
[107.003s] -- Symlinking: /home/user/robocup_ws/install/realsense2_camera/include/image_publisher.h
[107.016s] -- Symlinking: /home/user/robocup_ws/install/realsense2_camera/include/named_filter.h
[107.030s] -- Symlinking: /home/user/robocup_ws/install/realsense2_camera/include/pointcloud_filter.h
[107.042s] -- Symlinking: /home/user/robocup_ws/install/realsense2_camera/include/profile_manager.h
[107.055s] -- Symlinking: /home/user/robocup_ws/install/realsense2_camera/include/realsense_node_factory.h
[107.068s] -- Symlinking: /home/user/robocup_ws/install/realsense2_camera/include/ros_node_base.h
[107.080s] -- Symlinking: /home/user/robocup_ws/install/realsense2_camera/include/ros_param_backend.h
[107.093s] -- Symlinking: /home/user/robocup_ws/install/realsense2_camera/include/ros_sensor.h
[107.106s] -- Symlinking: /home/user/robocup_ws/install/realsense2_camera/include/ros_utils.h
[107.119s] -- Symlinking: /home/user/robocup_ws/install/realsense2_camera/include/sensor_params.h
[107.138s] -- Symlinking: /home/user/robocup_ws/install/realsense2_camera/share/realsense2_camera/launch/default.rviz
[107.151s] -- Symlinking: /home/user/robocup_ws/install/realsense2_camera/share/realsense2_camera/launch/rs_intra_process_demo_launch.py
[107.164s] -- Symlinking: /home/user/robocup_ws/install/realsense2_camera/share/realsense2_camera/launch/rs_launch.py
[107.176s] -- Symlinking: /home/user/robocup_ws/install/realsense2_camera/share/realsense2_camera/launch/rs_multi_camera_launch.py
[107.189s] -- Symlinking: /home/user/robocup_ws/install/realsense2_camera/share/realsense2_camera/launch/rs_multi_camera_launch_sync.py
[107.205s] -- Symlinking: /home/user/robocup_ws/install/realsense2_camera/share/realsense2_camera/examples/align_depth/README.md
[107.219s] -- Symlinking: /home/user/robocup_ws/install/realsense2_camera/share/realsense2_camera/examples/align_depth/rs_align_depth_launch.py
[107.232s] -- Symlinking: /home/user/robocup_ws/install/realsense2_camera/share/realsense2_camera/examples/d500_tables/calib_config_example.json
[107.244s] -- Symlinking: /home/user/robocup_ws/install/realsense2_camera/share/realsense2_camera/examples/dual_camera/README.md
[107.257s] -- Symlinking: /home/user/robocup_ws/install/realsense2_camera/share/realsense2_camera/examples/dual_camera/rs_dual_camera_launch.py
[107.269s] -- Symlinking: /home/user/robocup_ws/install/realsense2_camera/share/realsense2_camera/examples/dual_camera/rviz/dual_camera_pointcloud.rviz
[107.282s] -- Symlinking: /home/user/robocup_ws/install/realsense2_camera/share/realsense2_camera/examples/launch_from_rosbag/README.md
[107.295s] -- Symlinking: /home/user/robocup_ws/install/realsense2_camera/share/realsense2_camera/examples/launch_from_rosbag/rs_launch_from_rosbag.py
[107.308s] -- Symlinking: /home/user/robocup_ws/install/realsense2_camera/share/realsense2_camera/examples/launch_params_from_file/README.md
[107.321s] -- Symlinking: /home/user/robocup_ws/install/realsense2_camera/share/realsense2_camera/examples/launch_params_from_file/config/config.yaml
[107.334s] -- Symlinking: /home/user/robocup_ws/install/realsense2_camera/share/realsense2_camera/examples/launch_params_from_file/rs_launch_get_params_from_yaml.py
[107.347s] -- Symlinking: /home/user/robocup_ws/install/realsense2_camera/share/realsense2_camera/examples/pointcloud/README.md
[107.359s] -- Symlinking: /home/user/robocup_ws/install/realsense2_camera/share/realsense2_camera/examples/pointcloud/rs_d405_pointcloud_launch.py
[107.372s] -- Symlinking: /home/user/robocup_ws/install/realsense2_camera/share/realsense2_camera/examples/pointcloud/rs_d455_pointcloud_launch.py
[107.385s] -- Symlinking: /home/user/robocup_ws/install/realsense2_camera/share/realsense2_camera/examples/pointcloud/rs_pointcloud_infra_launch.py
[107.398s] -- Symlinking: /home/user/robocup_ws/install/realsense2_camera/share/realsense2_camera/examples/pointcloud/rs_pointcloud_launch.py
[107.411s] -- Symlinking: /home/user/robocup_ws/install/realsense2_camera/share/realsense2_camera/examples/pointcloud/rviz/pointcloud.rviz
[107.423s] -- Symlinking: /home/user/robocup_ws/install/realsense2_camera/share/realsense2_camera/examples/pointcloud/rviz/urdf_pointcloud.rviz
[107.437s] -- Symlinking: /home/user/robocup_ws/install/realsense2_camera/share/realsense2_camera/environment/library_path.sh
[107.449s] -- Symlinking: /home/user/robocup_ws/install/realsense2_camera/share/realsense2_camera/environment/library_path.dsv
[107.462s] -- Symlinking: /home/user/robocup_ws/install/realsense2_camera/share/ament_index/resource_index/package_run_dependencies/realsense2_camera
[107.475s] -- Symlinking: /home/user/robocup_ws/install/realsense2_camera/share/ament_index/resource_index/parent_prefix_path/realsense2_camera
[107.488s] -- Symlinking: /home/user/robocup_ws/install/realsense2_camera/share/realsense2_camera/environment/ament_prefix_path.sh
[107.501s] -- Symlinking: /home/user/robocup_ws/install/realsense2_camera/share/realsense2_camera/environment/ament_prefix_path.dsv
[107.514s] -- Symlinking: /home/user/robocup_ws/install/realsense2_camera/share/realsense2_camera/environment/path.sh
[107.527s] -- Symlinking: /home/user/robocup_ws/install/realsense2_camera/share/realsense2_camera/environment/path.dsv
[107.540s] -- Symlinking: /home/user/robocup_ws/install/realsense2_camera/share/realsense2_camera/local_setup.bash
[107.552s] -- Symlinking: /home/user/robocup_ws/install/realsense2_camera/share/realsense2_camera/local_setup.sh
[107.565s] -- Symlinking: /home/user/robocup_ws/install/realsense2_camera/share/realsense2_camera/local_setup.zsh
[107.577s] -- Symlinking: /home/user/robocup_ws/install/realsense2_camera/share/realsense2_camera/local_setup.dsv
[107.590s] -- Symlinking: /home/user/robocup_ws/install/realsense2_camera/share/realsense2_camera/package.dsv
[107.604s] -- Symlinking: /home/user/robocup_ws/install/realsense2_camera/share/ament_index/resource_index/packages/realsense2_camera
[107.616s] -- Symlinking: /home/user/robocup_ws/install/realsense2_camera/share/ament_index/resource_index/rclcpp_components/realsense2_camera
[107.635s] -- Symlinking: /home/user/robocup_ws/install/realsense2_camera/share/realsense2_camera/cmake/ament_cmake_export_include_directories-extras.cmake
[107.648s] -- Symlinking: /home/user/robocup_ws/install/realsense2_camera/share/realsense2_camera/cmake/ament_cmake_export_libraries-extras.cmake
[107.660s] -- Symlinking: /home/user/robocup_ws/install/realsense2_camera/share/realsense2_camera/cmake/ament_cmake_export_dependencies-extras.cmake
[107.673s] -- Symlinking: /home/user/robocup_ws/install/realsense2_camera/share/realsense2_camera/cmake/realsense2_cameraConfig.cmake
[107.685s] -- Symlinking: /home/user/robocup_ws/install/realsense2_camera/share/realsense2_camera/cmake/realsense2_cameraConfig-version.cmake
[107.698s] -- Symlinking: /home/user/robocup_ws/install/realsense2_camera/share/realsense2_camera/package.xml
[107.715s] Invoked command in '/home/user/robocup_ws/build/realsense2_camera' returned '0': AMENT_PREFIX_PATH=/home/user/robocup_ws/install/realsense2_camera_msgs:${AMENT_PREFIX_PATH} CMAKE_PREFIX_PATH=/home/user/robocup_ws/install/realsense2_camera_msgs:/opt/ros/humble LD_LIBRARY_PATH=/home/user/robocup_ws/install/realsense2_camera_msgs/lib:/opt/ros/humble/opt/rviz_ogre_vendor/lib:/opt/ros/humble/lib/x86_64-linux-gnu:/opt/ros/humble/lib:/usr/lib/x86_64-linux-gnu/gazebo-11/plugins:/usr/lib/x86_64-linux-gnu/gazebo-11/plugins:/usr/lib/x86_64-linux-gnu/gazebo-11/plugins PYTHONPATH=/home/user/robocup_ws/install/realsense2_camera_msgs/local/lib/python3.10/dist-packages:${PYTHONPATH} /usr/bin/cmake --install /home/user/robocup_ws/build/realsense2_camera
