running develop
running egg_info
creating launch_pkg.egg-info
writing launch_pkg.egg-info/PKG-INFO
writing dependency_links to launch_pkg.egg-info/dependency_links.txt
writing entry points to launch_pkg.egg-info/entry_points.txt
writing requirements to launch_pkg.egg-info/requires.txt
writing top-level names to launch_pkg.egg-info/top_level.txt
writing manifest file 'launch_pkg.egg-info/SOURCES.txt'
reading manifest file 'launch_pkg.egg-info/SOURCES.txt'
writing manifest file 'launch_pkg.egg-info/SOURCES.txt'
running build_ext
Creating /home/user/robocup_ws/install/launch_pkg/lib/python3.10/site-packages/launch-pkg.egg-link (link to .)

Installed /home/user/robocup_ws/build/launch_pkg
running symlink_data
creating /home/user/robocup_ws/install/launch_pkg/share/ament_index
creating /home/user/robocup_ws/install/launch_pkg/share/ament_index/resource_index
creating /home/user/robocup_ws/install/launch_pkg/share/ament_index/resource_index/packages
symbolically linking /home/user/robocup_ws/build/launch_pkg/resource/launch_pkg -> /home/user/robocup_ws/install/launch_pkg/share/ament_index/resource_index/packages
symbolically linking /home/user/robocup_ws/build/launch_pkg/package.xml -> /home/user/robocup_ws/install/launch_pkg/share/launch_pkg
creating /home/user/robocup_ws/install/launch_pkg/share/launch_pkg/launch
symbolically linking /home/user/robocup_ws/build/launch_pkg/launch/demo.launch.py -> /home/user/robocup_ws/install/launch_pkg/share/launch_pkg/launch
