running develop
running egg_info
creating serial_pkg.egg-info
writing serial_pkg.egg-info/PKG-INFO
writing dependency_links to serial_pkg.egg-info/dependency_links.txt
writing entry points to serial_pkg.egg-info/entry_points.txt
writing requirements to serial_pkg.egg-info/requires.txt
writing top-level names to serial_pkg.egg-info/top_level.txt
writing manifest file 'serial_pkg.egg-info/SOURCES.txt'
reading manifest file 'serial_pkg.egg-info/SOURCES.txt'
writing manifest file 'serial_pkg.egg-info/SOURCES.txt'
running build_ext
Creating /home/user/robocup_ws/install/serial_pkg/lib/python3.10/site-packages/serial-pkg.egg-link (link to .)
Installing serial_flag_bridge script to /home/user/robocup_ws/install/serial_pkg/lib/serial_pkg
Installing workcell_coordinator script to /home/user/robocup_ws/install/serial_pkg/lib/serial_pkg

Installed /home/user/robocup_ws/build/serial_pkg
running symlink_data
creating /home/user/robocup_ws/install/serial_pkg/share/ament_index
creating /home/user/robocup_ws/install/serial_pkg/share/ament_index/resource_index
creating /home/user/robocup_ws/install/serial_pkg/share/ament_index/resource_index/packages
symbolically linking /home/user/robocup_ws/build/serial_pkg/resource/serial_pkg -> /home/user/robocup_ws/install/serial_pkg/share/ament_index/resource_index/packages
symbolically linking /home/user/robocup_ws/build/serial_pkg/package.xml -> /home/user/robocup_ws/install/serial_pkg/share/serial_pkg
