-- The C compiler identification is GNU 11.4.0
-- The CXX compiler identification is GNU 11.4.0
-- Detecting C compiler ABI info
-- Detecting C compiler ABI info - done
-- Check for working C compiler: /usr/bin/cc - skipped
-- Detecting C compile features
-- Detecting C compile features - done
-- Detecting CXX compiler ABI info
-- Detecting CXX compiler ABI info - done
-- Check for working CXX compiler: /usr/bin/c++ - skipped
-- Detecting CXX compile features
-- Detecting CXX compile features - done
-- Found ament_cmake: 1.3.12 (/opt/ros/humble/share/ament_cmake/cmake)
-- Found Python3: /usr/bin/python3 (found version "3.10.12") found components: Interpreter 
-- Override CMake install command with custom implementation using symlinks instead of copying resources
-- Found rosidl_default_generators: 1.2.0 (/opt/ros/humble/share/rosidl_default_generators/cmake)
-- Using all available rosidl_typesupport_c: rosidl_typesupport_fastrtps_c;rosidl_typesupport_introspection_c
-- Found rosidl_adapter: 3.1.8 (/opt/ros/humble/share/rosidl_adapter/cmake)
-- Using all available rosidl_typesupport_cpp: rosidl_typesupport_fastrtps_cpp;rosidl_typesupport_introspection_cpp
-- Found ament_cmake_ros: 0.10.0 (/opt/ros/humble/share/ament_cmake_ros/cmake)
-- Using all available rosidl_typesupport_c: rosidl_typesupport_fastrtps_c;rosidl_typesupport_introspection_c
-- Using all available rosidl_typesupport_cpp: rosidl_typesupport_fastrtps_cpp;rosidl_typesupport_introspection_cpp
-- Found PythonInterp: /usr/bin/python3 (found suitable version "3.10.12", minimum required is "3.6") 
-- Found python_cmake_module: 0.10.0 (/opt/ros/humble/share/python_cmake_module/cmake)
-- Found PythonLibs: /usr/lib/x86_64-linux-gnu/libpython3.10.so (found suitable version "3.10.12", minimum required is "3.5") 
-- Using PYTHON_EXECUTABLE: /usr/bin/python3
-- Using PYTHON_INCLUDE_DIRS: /usr/include/python3.10
-- Using PYTHON_LIBRARIES: /usr/lib/x86_64-linux-gnu/libpython3.10.so
-- Found PythonExtra: .so  
-- Configuring done
-- Generating done
-- Build files have been written to: /home/user/robocup_ws/build/msgs_pkg
[  2%] [34m[1mGenerating C code for ROS interfaces[0m
[  4%] [34m[1mGenerating C++ code for ROS interfaces[0m
[  4%] Built target ament_cmake_python_symlink_msgs_pkg
running egg_info
creating msgs_pkg.egg-info
writing msgs_pkg.egg-info/PKG-INFO
writing dependency_links to msgs_pkg.egg-info/dependency_links.txt
writing top-level names to msgs_pkg.egg-info/top_level.txt
writing manifest file 'msgs_pkg.egg-info/SOURCES.txt'
reading manifest file 'msgs_pkg.egg-info/SOURCES.txt'
writing manifest file 'msgs_pkg.egg-info/SOURCES.txt'
[  4%] Built target ament_cmake_python_build_msgs_pkg_egg
[  4%] Built target msgs_pkg__cpp
[  6%] [34m[1mGenerating C++ type support dispatch for ROS interfaces[0m
[  8%] [34m[1mGenerating C++ type support for eProsima Fast-RTPS[0m
[ 10%] [32mBuilding C object CMakeFiles/msgs_pkg__rosidl_generator_c.dir/rosidl_generator_c/msgs_pkg/msg/detail/object_pose__functions.c.o[0m
[ 12%] [34m[1mGenerating C++ introspection for ROS interfaces[0m
[ 14%] [32mBuilding C object CMakeFiles/msgs_pkg__rosidl_generator_c.dir/rosidl_generator_c/msgs_pkg/srv/detail/get_object_pose__functions.c.o[0m
[ 17%] [32mBuilding C object CMakeFiles/msgs_pkg__rosidl_generator_c.dir/rosidl_generator_c/msgs_pkg/srv/detail/run_ws__functions.c.o[0m
[ 19%] [32m[1mLinking C shared library libmsgs_pkg__rosidl_generator_c.so[0m
[ 19%] Built target msgs_pkg__rosidl_generator_c
[ 21%] [34m[1mGenerating C type support for eProsima Fast-RTPS[0m
[ 23%] [32mBuilding CXX object CMakeFiles/msgs_pkg__rosidl_typesupport_fastrtps_cpp.dir/rosidl_typesupport_fastrtps_cpp/msgs_pkg/msg/detail/dds_fastrtps/object_pose__type_support.cpp.o[0m
[ 25%] [32mBuilding CXX object CMakeFiles/msgs_pkg__rosidl_typesupport_cpp.dir/rosidl_typesupport_cpp/msgs_pkg/msg/object_pose__type_support.cpp.o[0m
[ 27%] [32mBuilding CXX object CMakeFiles/msgs_pkg__rosidl_typesupport_introspection_cpp.dir/rosidl_typesupport_introspection_cpp/msgs_pkg/msg/detail/object_pose__type_support.cpp.o[0m
[ 29%] [32mBuilding CXX object CMakeFiles/msgs_pkg__rosidl_typesupport_fastrtps_cpp.dir/rosidl_typesupport_fastrtps_cpp/msgs_pkg/srv/detail/dds_fastrtps/get_object_pose__type_support.cpp.o[0m
[ 31%] [32mBuilding CXX object CMakeFiles/msgs_pkg__rosidl_typesupport_cpp.dir/rosidl_typesupport_cpp/msgs_pkg/srv/get_object_pose__type_support.cpp.o[0m
[ 34%] [32mBuilding CXX object CMakeFiles/msgs_pkg__rosidl_typesupport_fastrtps_c.dir/rosidl_typesupport_fastrtps_c/msgs_pkg/msg/detail/object_pose__type_support_c.cpp.o[0m
[ 36%] [32mBuilding CXX object CMakeFiles/msgs_pkg__rosidl_typesupport_introspection_cpp.dir/rosidl_typesupport_introspection_cpp/msgs_pkg/srv/detail/get_object_pose__type_support.cpp.o[0m
[ 38%] [32mBuilding CXX object CMakeFiles/msgs_pkg__rosidl_typesupport_cpp.dir/rosidl_typesupport_cpp/msgs_pkg/srv/run_ws__type_support.cpp.o[0m
[ 40%] [32mBuilding CXX object CMakeFiles/msgs_pkg__rosidl_typesupport_fastrtps_cpp.dir/rosidl_typesupport_fastrtps_cpp/msgs_pkg/srv/detail/dds_fastrtps/run_ws__type_support.cpp.o[0m
[ 42%] [32mBuilding CXX object CMakeFiles/msgs_pkg__rosidl_typesupport_fastrtps_c.dir/rosidl_typesupport_fastrtps_c/msgs_pkg/srv/detail/get_object_pose__type_support_c.cpp.o[0m
[ 44%] [32mBuilding CXX object CMakeFiles/msgs_pkg__rosidl_typesupport_introspection_cpp.dir/rosidl_typesupport_introspection_cpp/msgs_pkg/srv/detail/run_ws__type_support.cpp.o[0m
[ 46%] [32m[1mLinking CXX shared library libmsgs_pkg__rosidl_typesupport_cpp.so[0m
[ 46%] Built target msgs_pkg__rosidl_typesupport_cpp
[ 48%] [32mBuilding CXX object CMakeFiles/msgs_pkg__rosidl_typesupport_fastrtps_c.dir/rosidl_typesupport_fastrtps_c/msgs_pkg/srv/detail/run_ws__type_support_c.cpp.o[0m
[ 51%] [34m[1mGenerating C introspection for ROS interfaces[0m
[ 53%] [32m[1mLinking CXX shared library libmsgs_pkg__rosidl_typesupport_fastrtps_cpp.so[0m
[ 53%] Built target msgs_pkg__rosidl_typesupport_fastrtps_cpp
[ 55%] [34m[1mGenerating C type support dispatch for ROS interfaces[0m
[ 57%] [32m[1mLinking CXX shared library libmsgs_pkg__rosidl_typesupport_fastrtps_c.so[0m
[ 59%] [32m[1mLinking CXX shared library libmsgs_pkg__rosidl_typesupport_introspection_cpp.so[0m
[ 59%] Built target msgs_pkg__rosidl_typesupport_fastrtps_c
[ 59%] Built target msgs_pkg__rosidl_typesupport_introspection_cpp
[ 61%] [32mBuilding C object CMakeFiles/msgs_pkg__rosidl_typesupport_introspection_c.dir/rosidl_typesupport_introspection_c/msgs_pkg/msg/detail/object_pose__type_support.c.o[0m
[ 63%] [32mBuilding C object CMakeFiles/msgs_pkg__rosidl_typesupport_introspection_c.dir/rosidl_typesupport_introspection_c/msgs_pkg/srv/detail/get_object_pose__type_support.c.o[0m
[ 65%] [32mBuilding C object CMakeFiles/msgs_pkg__rosidl_typesupport_introspection_c.dir/rosidl_typesupport_introspection_c/msgs_pkg/srv/detail/run_ws__type_support.c.o[0m
[ 68%] [32mBuilding CXX object CMakeFiles/msgs_pkg__rosidl_typesupport_c.dir/rosidl_typesupport_c/msgs_pkg/msg/object_pose__type_support.cpp.o[0m
[ 70%] [32mBuilding CXX object CMakeFiles/msgs_pkg__rosidl_typesupport_c.dir/rosidl_typesupport_c/msgs_pkg/srv/run_ws__type_support.cpp.o[0m
[ 72%] [32m[1mLinking C shared library libmsgs_pkg__rosidl_typesupport_introspection_c.so[0m
[ 74%] [32mBuilding CXX object CMakeFiles/msgs_pkg__rosidl_typesupport_c.dir/rosidl_typesupport_c/msgs_pkg/srv/get_object_pose__type_support.cpp.o[0m
[ 74%] Built target msgs_pkg__rosidl_typesupport_introspection_c
[ 76%] [32m[1mLinking CXX shared library libmsgs_pkg__rosidl_typesupport_c.so[0m
[ 76%] Built target msgs_pkg__rosidl_typesupport_c
[ 76%] Built target msgs_pkg
[ 78%] [34m[1mGenerating Python code for ROS interfaces[0m
[ 78%] Built target msgs_pkg__py
[ 80%] [32mBuilding C object CMakeFiles/msgs_pkg__rosidl_generator_py.dir/rosidl_generator_py/msgs_pkg/srv/_get_object_pose_s.c.o[0m
[ 82%] [32mBuilding C object CMakeFiles/msgs_pkg__rosidl_generator_py.dir/rosidl_generator_py/msgs_pkg/srv/_run_ws_s.c.o[0m
[ 85%] [32mBuilding C object CMakeFiles/msgs_pkg__rosidl_generator_py.dir/rosidl_generator_py/msgs_pkg/msg/_object_pose_s.c.o[0m
[ 87%] [32m[1mLinking C shared library rosidl_generator_py/msgs_pkg/libmsgs_pkg__rosidl_generator_py.so[0m
[ 87%] Built target msgs_pkg__rosidl_generator_py
[ 89%] [32mBuilding C object CMakeFiles/msgs_pkg__rosidl_typesupport_fastrtps_c__pyext.dir/rosidl_generator_py/msgs_pkg/_msgs_pkg_s.ep.rosidl_typesupport_fastrtps_c.c.o[0m
[ 91%] [32mBuilding C object CMakeFiles/msgs_pkg__rosidl_typesupport_c__pyext.dir/rosidl_generator_py/msgs_pkg/_msgs_pkg_s.ep.rosidl_typesupport_c.c.o[0m
[ 93%] [32mBuilding C object CMakeFiles/msgs_pkg__rosidl_typesupport_introspection_c__pyext.dir/rosidl_generator_py/msgs_pkg/_msgs_pkg_s.ep.rosidl_typesupport_introspection_c.c.o[0m
[ 95%] [32m[1mLinking C shared library rosidl_generator_py/msgs_pkg/msgs_pkg_s__rosidl_typesupport_c.cpython-310-x86_64-linux-gnu.so[0m
[ 97%] [32m[1mLinking C shared library rosidl_generator_py/msgs_pkg/msgs_pkg_s__rosidl_typesupport_introspection_c.cpython-310-x86_64-linux-gnu.so[0m
[ 97%] Built target msgs_pkg__rosidl_typesupport_c__pyext
[ 97%] Built target msgs_pkg__rosidl_typesupport_introspection_c__pyext
[100%] [32m[1mLinking C shared library rosidl_generator_py/msgs_pkg/msgs_pkg_s__rosidl_typesupport_fastrtps_c.cpython-310-x86_64-linux-gnu.so[0m
[100%] Built target msgs_pkg__rosidl_typesupport_fastrtps_c__pyext
-- Install configuration: ""
-- Execute custom install script
-- Symlinking: /home/user/robocup_ws/install/msgs_pkg/share/ament_index/resource_index/rosidl_interfaces/msgs_pkg
-- Symlinking: /home/user/robocup_ws/install/msgs_pkg/include/msgs_pkg/msgs_pkg/msg/detail/object_pose__functions.h
-- Symlinking: /home/user/robocup_ws/install/msgs_pkg/include/msgs_pkg/msgs_pkg/msg/detail/object_pose__struct.h
-- Symlinking: /home/user/robocup_ws/install/msgs_pkg/include/msgs_pkg/msgs_pkg/msg/detail/object_pose__type_support.h
-- Symlinking: /home/user/robocup_ws/install/msgs_pkg/include/msgs_pkg/msgs_pkg/msg/object_pose.h
-- Symlinking: /home/user/robocup_ws/install/msgs_pkg/include/msgs_pkg/msgs_pkg/msg/rosidl_generator_c__visibility_control.h
-- Symlinking: /home/user/robocup_ws/install/msgs_pkg/include/msgs_pkg/msgs_pkg/srv/detail/get_object_pose__functions.h
-- Symlinking: /home/user/robocup_ws/install/msgs_pkg/include/msgs_pkg/msgs_pkg/srv/detail/get_object_pose__struct.h
-- Symlinking: /home/user/robocup_ws/install/msgs_pkg/include/msgs_pkg/msgs_pkg/srv/detail/get_object_pose__type_support.h
-- Symlinking: /home/user/robocup_ws/install/msgs_pkg/include/msgs_pkg/msgs_pkg/srv/detail/run_ws__functions.h
-- Symlinking: /home/user/robocup_ws/install/msgs_pkg/include/msgs_pkg/msgs_pkg/srv/detail/run_ws__struct.h
-- Symlinking: /home/user/robocup_ws/install/msgs_pkg/include/msgs_pkg/msgs_pkg/srv/detail/run_ws__type_support.h
-- Symlinking: /home/user/robocup_ws/install/msgs_pkg/include/msgs_pkg/msgs_pkg/srv/get_object_pose.h
-- Symlinking: /home/user/robocup_ws/install/msgs_pkg/include/msgs_pkg/msgs_pkg/srv/run_ws.h
-- Symlinking: /home/user/robocup_ws/install/msgs_pkg/share/msgs_pkg/environment/library_path.sh
-- Symlinking: /home/user/robocup_ws/install/msgs_pkg/share/msgs_pkg/environment/library_path.dsv
-- Symlinking: /home/user/robocup_ws/install/msgs_pkg/include/msgs_pkg/msgs_pkg/msg/detail/object_pose__rosidl_typesupport_fastrtps_c.h
-- Symlinking: /home/user/robocup_ws/install/msgs_pkg/include/msgs_pkg/msgs_pkg/msg/rosidl_typesupport_fastrtps_c__visibility_control.h
-- Symlinking: /home/user/robocup_ws/install/msgs_pkg/include/msgs_pkg/msgs_pkg/srv/detail/get_object_pose__rosidl_typesupport_fastrtps_c.h
-- Symlinking: /home/user/robocup_ws/install/msgs_pkg/include/msgs_pkg/msgs_pkg/srv/detail/run_ws__rosidl_typesupport_fastrtps_c.h
-- Symlinking: /home/user/robocup_ws/install/msgs_pkg/include/msgs_pkg/msgs_pkg/msg/detail/object_pose__rosidl_typesupport_introspection_c.h
-- Symlinking: /home/user/robocup_ws/install/msgs_pkg/include/msgs_pkg/msgs_pkg/msg/rosidl_typesupport_introspection_c__visibility_control.h
-- Symlinking: /home/user/robocup_ws/install/msgs_pkg/include/msgs_pkg/msgs_pkg/srv/detail/get_object_pose__rosidl_typesupport_introspection_c.h
-- Symlinking: /home/user/robocup_ws/install/msgs_pkg/include/msgs_pkg/msgs_pkg/srv/detail/run_ws__rosidl_typesupport_introspection_c.h
-- Symlinking: /home/user/robocup_ws/install/msgs_pkg/include/msgs_pkg/msgs_pkg/msg/detail/object_pose__builder.hpp
-- Symlinking: /home/user/robocup_ws/install/msgs_pkg/include/msgs_pkg/msgs_pkg/msg/detail/object_pose__struct.hpp
-- Symlinking: /home/user/robocup_ws/install/msgs_pkg/include/msgs_pkg/msgs_pkg/msg/detail/object_pose__traits.hpp
-- Symlinking: /home/user/robocup_ws/install/msgs_pkg/include/msgs_pkg/msgs_pkg/msg/detail/object_pose__type_support.hpp
-- Symlinking: /home/user/robocup_ws/install/msgs_pkg/include/msgs_pkg/msgs_pkg/msg/object_pose.hpp
-- Symlinking: /home/user/robocup_ws/install/msgs_pkg/include/msgs_pkg/msgs_pkg/msg/rosidl_generator_cpp__visibility_control.hpp
-- Symlinking: /home/user/robocup_ws/install/msgs_pkg/include/msgs_pkg/msgs_pkg/srv/detail/get_object_pose__builder.hpp
-- Symlinking: /home/user/robocup_ws/install/msgs_pkg/include/msgs_pkg/msgs_pkg/srv/detail/get_object_pose__struct.hpp
-- Symlinking: /home/user/robocup_ws/install/msgs_pkg/include/msgs_pkg/msgs_pkg/srv/detail/get_object_pose__traits.hpp
-- Symlinking: /home/user/robocup_ws/install/msgs_pkg/include/msgs_pkg/msgs_pkg/srv/detail/get_object_pose__type_support.hpp
-- Symlinking: /home/user/robocup_ws/install/msgs_pkg/include/msgs_pkg/msgs_pkg/srv/detail/run_ws__builder.hpp
-- Symlinking: /home/user/robocup_ws/install/msgs_pkg/include/msgs_pkg/msgs_pkg/srv/detail/run_ws__struct.hpp
-- Symlinking: /home/user/robocup_ws/install/msgs_pkg/include/msgs_pkg/msgs_pkg/srv/detail/run_ws__traits.hpp
-- Symlinking: /home/user/robocup_ws/install/msgs_pkg/include/msgs_pkg/msgs_pkg/srv/detail/run_ws__type_support.hpp
-- Symlinking: /home/user/robocup_ws/install/msgs_pkg/include/msgs_pkg/msgs_pkg/srv/get_object_pose.hpp
-- Symlinking: /home/user/robocup_ws/install/msgs_pkg/include/msgs_pkg/msgs_pkg/srv/run_ws.hpp
-- Symlinking: /home/user/robocup_ws/install/msgs_pkg/include/msgs_pkg/msgs_pkg/msg/detail/object_pose__rosidl_typesupport_fastrtps_cpp.hpp
-- Symlinking: /home/user/robocup_ws/install/msgs_pkg/include/msgs_pkg/msgs_pkg/msg/rosidl_typesupport_fastrtps_cpp__visibility_control.h
-- Symlinking: /home/user/robocup_ws/install/msgs_pkg/include/msgs_pkg/msgs_pkg/srv/detail/get_object_pose__rosidl_typesupport_fastrtps_cpp.hpp
-- Symlinking: /home/user/robocup_ws/install/msgs_pkg/include/msgs_pkg/msgs_pkg/srv/detail/run_ws__rosidl_typesupport_fastrtps_cpp.hpp
-- Symlinking: /home/user/robocup_ws/install/msgs_pkg/include/msgs_pkg/msgs_pkg/msg/detail/object_pose__rosidl_typesupport_introspection_cpp.hpp
-- Symlinking: /home/user/robocup_ws/install/msgs_pkg/include/msgs_pkg/msgs_pkg/srv/detail/get_object_pose__rosidl_typesupport_introspection_cpp.hpp
-- Symlinking: /home/user/robocup_ws/install/msgs_pkg/include/msgs_pkg/msgs_pkg/srv/detail/run_ws__rosidl_typesupport_introspection_cpp.hpp
-- Symlinking: /home/user/robocup_ws/install/msgs_pkg/share/msgs_pkg/environment/pythonpath.sh
-- Symlinking: /home/user/robocup_ws/install/msgs_pkg/share/msgs_pkg/environment/pythonpath.dsv
-- Symlinking: /home/user/robocup_ws/install/msgs_pkg/local/lib/python3.10/dist-packages/msgs_pkg-0.0.0-py3.10.egg-info/PKG-INFO
-- Symlinking: /home/user/robocup_ws/install/msgs_pkg/local/lib/python3.10/dist-packages/msgs_pkg-0.0.0-py3.10.egg-info/SOURCES.txt
-- Symlinking: /home/user/robocup_ws/install/msgs_pkg/local/lib/python3.10/dist-packages/msgs_pkg-0.0.0-py3.10.egg-info/dependency_links.txt
-- Symlinking: /home/user/robocup_ws/install/msgs_pkg/local/lib/python3.10/dist-packages/msgs_pkg-0.0.0-py3.10.egg-info/top_level.txt
-- Symlinking: /home/user/robocup_ws/install/msgs_pkg/local/lib/python3.10/dist-packages/msgs_pkg/__init__.py
-- Symlinking: /home/user/robocup_ws/install/msgs_pkg/local/lib/python3.10/dist-packages/msgs_pkg/_msgs_pkg_s.ep.rosidl_typesupport_c.c
-- Symlinking: /home/user/robocup_ws/install/msgs_pkg/local/lib/python3.10/dist-packages/msgs_pkg/_msgs_pkg_s.ep.rosidl_typesupport_fastrtps_c.c
-- Symlinking: /home/user/robocup_ws/install/msgs_pkg/local/lib/python3.10/dist-packages/msgs_pkg/_msgs_pkg_s.ep.rosidl_typesupport_introspection_c.c
-- Symlinking: /home/user/robocup_ws/install/msgs_pkg/local/lib/python3.10/dist-packages/msgs_pkg/libmsgs_pkg__rosidl_generator_py.so
-- Symlinking: /home/user/robocup_ws/install/msgs_pkg/local/lib/python3.10/dist-packages/msgs_pkg/msg/__init__.py
-- Symlinking: /home/user/robocup_ws/install/msgs_pkg/local/lib/python3.10/dist-packages/msgs_pkg/msg/_object_pose.py
-- Symlinking: /home/user/robocup_ws/install/msgs_pkg/local/lib/python3.10/dist-packages/msgs_pkg/msg/_object_pose_s.c
-- Symlinking: /home/user/robocup_ws/install/msgs_pkg/local/lib/python3.10/dist-packages/msgs_pkg/msgs_pkg_s__rosidl_typesupport_c.cpython-310-x86_64-linux-gnu.so
-- Symlinking: /home/user/robocup_ws/install/msgs_pkg/local/lib/python3.10/dist-packages/msgs_pkg/msgs_pkg_s__rosidl_typesupport_fastrtps_c.cpython-310-x86_64-linux-gnu.so
-- Symlinking: /home/user/robocup_ws/install/msgs_pkg/local/lib/python3.10/dist-packages/msgs_pkg/msgs_pkg_s__rosidl_typesupport_introspection_c.cpython-310-x86_64-linux-gnu.so
-- Symlinking: /home/user/robocup_ws/install/msgs_pkg/local/lib/python3.10/dist-packages/msgs_pkg/srv/__init__.py
-- Symlinking: /home/user/robocup_ws/install/msgs_pkg/local/lib/python3.10/dist-packages/msgs_pkg/srv/_get_object_pose.py
-- Symlinking: /home/user/robocup_ws/install/msgs_pkg/local/lib/python3.10/dist-packages/msgs_pkg/srv/_get_object_pose_s.c
-- Symlinking: /home/user/robocup_ws/install/msgs_pkg/local/lib/python3.10/dist-packages/msgs_pkg/srv/_run_ws.py
-- Symlinking: /home/user/robocup_ws/install/msgs_pkg/local/lib/python3.10/dist-packages/msgs_pkg/srv/_run_ws_s.c
-- Up-to-date symlink: /home/user/robocup_ws/install/msgs_pkg/local/lib/python3.10/dist-packages/msgs_pkg/msgs_pkg_s__rosidl_typesupport_fastrtps_c.cpython-310-x86_64-linux-gnu.so
-- Up-to-date symlink: /home/user/robocup_ws/install/msgs_pkg/local/lib/python3.10/dist-packages/msgs_pkg/msgs_pkg_s__rosidl_typesupport_introspection_c.cpython-310-x86_64-linux-gnu.so
-- Up-to-date symlink: /home/user/robocup_ws/install/msgs_pkg/local/lib/python3.10/dist-packages/msgs_pkg/msgs_pkg_s__rosidl_typesupport_c.cpython-310-x86_64-linux-gnu.so
-- Symlinking: /home/user/robocup_ws/install/msgs_pkg/share/msgs_pkg/msg/ObjectPose.idl
-- Symlinking: /home/user/robocup_ws/install/msgs_pkg/share/msgs_pkg/srv/GetObjectPose.idl
-- Symlinking: /home/user/robocup_ws/install/msgs_pkg/share/msgs_pkg/srv/RunWS.idl
-- Symlinking: /home/user/robocup_ws/install/msgs_pkg/share/msgs_pkg/msg/ObjectPose.msg
-- Symlinking: /home/user/robocup_ws/install/msgs_pkg/share/msgs_pkg/srv/GetObjectPose.srv
-- Symlinking: /home/user/robocup_ws/install/msgs_pkg/share/msgs_pkg/srv/GetObjectPose_Request.msg
-- Symlinking: /home/user/robocup_ws/install/msgs_pkg/share/msgs_pkg/srv/GetObjectPose_Response.msg
-- Symlinking: /home/user/robocup_ws/install/msgs_pkg/share/msgs_pkg/srv/RunWS.srv
-- Symlinking: /home/user/robocup_ws/install/msgs_pkg/share/msgs_pkg/srv/RunWS_Request.msg
-- Symlinking: /home/user/robocup_ws/install/msgs_pkg/share/msgs_pkg/srv/RunWS_Response.msg
-- Symlinking: /home/user/robocup_ws/install/msgs_pkg/share/ament_index/resource_index/package_run_dependencies/msgs_pkg
-- Symlinking: /home/user/robocup_ws/install/msgs_pkg/share/ament_index/resource_index/parent_prefix_path/msgs_pkg
-- Symlinking: /home/user/robocup_ws/install/msgs_pkg/share/msgs_pkg/environment/ament_prefix_path.sh
-- Symlinking: /home/user/robocup_ws/install/msgs_pkg/share/msgs_pkg/environment/ament_prefix_path.dsv
-- Symlinking: /home/user/robocup_ws/install/msgs_pkg/share/msgs_pkg/environment/path.sh
-- Symlinking: /home/user/robocup_ws/install/msgs_pkg/share/msgs_pkg/environment/path.dsv
-- Symlinking: /home/user/robocup_ws/install/msgs_pkg/share/msgs_pkg/local_setup.bash
-- Symlinking: /home/user/robocup_ws/install/msgs_pkg/share/msgs_pkg/local_setup.sh
-- Symlinking: /home/user/robocup_ws/install/msgs_pkg/share/msgs_pkg/local_setup.zsh
-- Symlinking: /home/user/robocup_ws/install/msgs_pkg/share/msgs_pkg/local_setup.dsv
-- Symlinking: /home/user/robocup_ws/install/msgs_pkg/share/msgs_pkg/package.dsv
-- Symlinking: /home/user/robocup_ws/install/msgs_pkg/share/ament_index/resource_index/packages/msgs_pkg
-- Symlinking: /home/user/robocup_ws/install/msgs_pkg/share/msgs_pkg/cmake/rosidl_cmake-extras.cmake
-- Symlinking: /home/user/robocup_ws/install/msgs_pkg/share/msgs_pkg/cmake/ament_cmake_export_include_directories-extras.cmake
-- Symlinking: /home/user/robocup_ws/install/msgs_pkg/share/msgs_pkg/cmake/ament_cmake_export_libraries-extras.cmake
-- Symlinking: /home/user/robocup_ws/install/msgs_pkg/share/msgs_pkg/cmake/ament_cmake_export_targets-extras.cmake
-- Symlinking: /home/user/robocup_ws/install/msgs_pkg/share/msgs_pkg/cmake/rosidl_cmake_export_typesupport_targets-extras.cmake
-- Symlinking: /home/user/robocup_ws/install/msgs_pkg/share/msgs_pkg/cmake/ament_cmake_export_dependencies-extras.cmake
-- Symlinking: /home/user/robocup_ws/install/msgs_pkg/share/msgs_pkg/cmake/rosidl_cmake_export_typesupport_libraries-extras.cmake
-- Symlinking: /home/user/robocup_ws/install/msgs_pkg/share/msgs_pkg/cmake/msgs_pkgConfig.cmake
-- Symlinking: /home/user/robocup_ws/install/msgs_pkg/share/msgs_pkg/cmake/msgs_pkgConfig-version.cmake
-- Symlinking: /home/user/robocup_ws/install/msgs_pkg/share/msgs_pkg/package.xml
-- Installing: /home/user/robocup_ws/install/msgs_pkg/lib/libmsgs_pkg__rosidl_generator_c.so
-- Set runtime path of "/home/user/robocup_ws/install/msgs_pkg/lib/libmsgs_pkg__rosidl_generator_c.so" to ""
-- Installing: /home/user/robocup_ws/install/msgs_pkg/lib/libmsgs_pkg__rosidl_typesupport_fastrtps_c.so
-- Set runtime path of "/home/user/robocup_ws/install/msgs_pkg/lib/libmsgs_pkg__rosidl_typesupport_fastrtps_c.so" to ""
-- Installing: /home/user/robocup_ws/install/msgs_pkg/lib/libmsgs_pkg__rosidl_typesupport_introspection_c.so
-- Set runtime path of "/home/user/robocup_ws/install/msgs_pkg/lib/libmsgs_pkg__rosidl_typesupport_introspection_c.so" to ""
-- Installing: /home/user/robocup_ws/install/msgs_pkg/lib/libmsgs_pkg__rosidl_typesupport_c.so
-- Set runtime path of "/home/user/robocup_ws/install/msgs_pkg/lib/libmsgs_pkg__rosidl_typesupport_c.so" to ""
-- Installing: /home/user/robocup_ws/install/msgs_pkg/lib/libmsgs_pkg__rosidl_typesupport_fastrtps_cpp.so
-- Set runtime path of "/home/user/robocup_ws/install/msgs_pkg/lib/libmsgs_pkg__rosidl_typesupport_fastrtps_cpp.so" to ""
-- Installing: /home/user/robocup_ws/install/msgs_pkg/lib/libmsgs_pkg__rosidl_typesupport_introspection_cpp.so
-- Set runtime path of "/home/user/robocup_ws/install/msgs_pkg/lib/libmsgs_pkg__rosidl_typesupport_introspection_cpp.so" to ""
-- Installing: /home/user/robocup_ws/install/msgs_pkg/lib/libmsgs_pkg__rosidl_typesupport_cpp.so
-- Set runtime path of "/home/user/robocup_ws/install/msgs_pkg/lib/libmsgs_pkg__rosidl_typesupport_cpp.so" to ""
Listing '/home/user/robocup_ws/install/msgs_pkg/local/lib/python3.10/dist-packages/msgs_pkg'...
Compiling '/home/user/robocup_ws/install/msgs_pkg/local/lib/python3.10/dist-packages/msgs_pkg/__init__.py'...
Listing '/home/user/robocup_ws/install/msgs_pkg/local/lib/python3.10/dist-packages/msgs_pkg/msg'...
Compiling '/home/user/robocup_ws/install/msgs_pkg/local/lib/python3.10/dist-packages/msgs_pkg/msg/__init__.py'...
Compiling '/home/user/robocup_ws/install/msgs_pkg/local/lib/python3.10/dist-packages/msgs_pkg/msg/_object_pose.py'...
Listing '/home/user/robocup_ws/install/msgs_pkg/local/lib/python3.10/dist-packages/msgs_pkg/srv'...
Compiling '/home/user/robocup_ws/install/msgs_pkg/local/lib/python3.10/dist-packages/msgs_pkg/srv/__init__.py'...
Compiling '/home/user/robocup_ws/install/msgs_pkg/local/lib/python3.10/dist-packages/msgs_pkg/srv/_get_object_pose.py'...
Compiling '/home/user/robocup_ws/install/msgs_pkg/local/lib/python3.10/dist-packages/msgs_pkg/srv/_run_ws.py'...
-- Installing: /home/user/robocup_ws/install/msgs_pkg/lib/libmsgs_pkg__rosidl_generator_py.so
-- Set runtime path of "/home/user/robocup_ws/install/msgs_pkg/lib/libmsgs_pkg__rosidl_generator_py.so" to ""
-- Installing: /home/user/robocup_ws/install/msgs_pkg/share/msgs_pkg/cmake/export_msgs_pkg__rosidl_generator_cExport.cmake
-- Installing: /home/user/robocup_ws/install/msgs_pkg/share/msgs_pkg/cmake/export_msgs_pkg__rosidl_generator_cExport-noconfig.cmake
-- Installing: /home/user/robocup_ws/install/msgs_pkg/share/msgs_pkg/cmake/export_msgs_pkg__rosidl_typesupport_fastrtps_cExport.cmake
-- Installing: /home/user/robocup_ws/install/msgs_pkg/share/msgs_pkg/cmake/export_msgs_pkg__rosidl_typesupport_fastrtps_cExport-noconfig.cmake
-- Installing: /home/user/robocup_ws/install/msgs_pkg/share/msgs_pkg/cmake/msgs_pkg__rosidl_typesupport_introspection_cExport.cmake
-- Installing: /home/user/robocup_ws/install/msgs_pkg/share/msgs_pkg/cmake/msgs_pkg__rosidl_typesupport_introspection_cExport-noconfig.cmake
-- Installing: /home/user/robocup_ws/install/msgs_pkg/share/msgs_pkg/cmake/msgs_pkg__rosidl_typesupport_cExport.cmake
-- Installing: /home/user/robocup_ws/install/msgs_pkg/share/msgs_pkg/cmake/msgs_pkg__rosidl_typesupport_cExport-noconfig.cmake
-- Installing: /home/user/robocup_ws/install/msgs_pkg/share/msgs_pkg/cmake/export_msgs_pkg__rosidl_generator_cppExport.cmake
-- Installing: /home/user/robocup_ws/install/msgs_pkg/share/msgs_pkg/cmake/export_msgs_pkg__rosidl_typesupport_fastrtps_cppExport.cmake
-- Installing: /home/user/robocup_ws/install/msgs_pkg/share/msgs_pkg/cmake/export_msgs_pkg__rosidl_typesupport_fastrtps_cppExport-noconfig.cmake
-- Installing: /home/user/robocup_ws/install/msgs_pkg/share/msgs_pkg/cmake/msgs_pkg__rosidl_typesupport_introspection_cppExport.cmake
-- Installing: /home/user/robocup_ws/install/msgs_pkg/share/msgs_pkg/cmake/msgs_pkg__rosidl_typesupport_introspection_cppExport-noconfig.cmake
-- Installing: /home/user/robocup_ws/install/msgs_pkg/share/msgs_pkg/cmake/msgs_pkg__rosidl_typesupport_cppExport.cmake
-- Installing: /home/user/robocup_ws/install/msgs_pkg/share/msgs_pkg/cmake/msgs_pkg__rosidl_typesupport_cppExport-noconfig.cmake
-- Installing: /home/user/robocup_ws/install/msgs_pkg/share/msgs_pkg/cmake/export_msgs_pkg__rosidl_generator_pyExport.cmake
-- Installing: /home/user/robocup_ws/install/msgs_pkg/share/msgs_pkg/cmake/export_msgs_pkg__rosidl_generator_pyExport-noconfig.cmake
