[0.648s] Invoking command in '/home/user/robocup_ws/build/msgs_pkg': CMAKE_PREFIX_PATH=/opt/ros/humble /usr/bin/cmake /home/user/robocup_ws/src/msgs_pkg -DAMENT_CMAKE_SYMLINK_INSTALL=1 -DCMAKE_INSTALL_PREFIX=/home/user/robocup_ws/install/msgs_pkg
[0.735s] -- The C compiler identification is GNU 11.4.0
[0.829s] -- The CXX compiler identification is GNU 11.4.0
[0.840s] -- Detecting C compiler ABI info
[0.956s] -- Detecting C compiler ABI info - done
[0.968s] -- Check for working C compiler: /usr/bin/cc - skipped
[0.969s] -- Detecting C compile features
[0.969s] -- Detecting C compile features - done
[0.974s] -- Detecting CXX compiler ABI info
[1.132s] -- Detecting CXX compiler ABI info - done
[1.157s] -- Check for working CXX compiler: /usr/bin/c++ - skipped
[1.157s] -- Detecting CXX compile features
[1.158s] -- Detecting CXX compile features - done
[1.164s] -- Found ament_cmake: 1.3.12 (/opt/ros/humble/share/ament_cmake/cmake)
[1.519s] -- Found Python3: /usr/bin/python3 (found version "3.10.12") found components: Interpreter 
[1.673s] -- Override CMake install command with custom implementation using symlinks instead of copying resources
[1.751s] -- Found rosidl_default_generators: 1.2.0 (/opt/ros/humble/share/rosidl_default_generators/cmake)
[1.759s] -- Using all available rosidl_typesupport_c: rosidl_typesupport_fastrtps_c;rosidl_typesupport_introspection_c
[1.782s] -- Found rosidl_adapter: 3.1.8 (/opt/ros/humble/share/rosidl_adapter/cmake)
[1.901s] -- Using all available rosidl_typesupport_cpp: rosidl_typesupport_fastrtps_cpp;rosidl_typesupport_introspection_cpp
[2.683s] -- Found ament_cmake_ros: 0.10.0 (/opt/ros/humble/share/ament_cmake_ros/cmake)
[3.152s] -- Using all available rosidl_typesupport_c: rosidl_typesupport_fastrtps_c;rosidl_typesupport_introspection_c
[3.745s] -- Using all available rosidl_typesupport_cpp: rosidl_typesupport_fastrtps_cpp;rosidl_typesupport_introspection_cpp
[3.808s] -- Found PythonInterp: /usr/bin/python3 (found suitable version "3.10.12", minimum required is "3.6") 
[3.816s] -- Found python_cmake_module: 0.10.0 (/opt/ros/humble/share/python_cmake_module/cmake)
[3.882s] -- Found PythonLibs: /usr/lib/x86_64-linux-gnu/libpython3.10.so (found suitable version "3.10.12", minimum required is "3.5") 
[3.886s] -- Using PYTHON_EXECUTABLE: /usr/bin/python3
[3.886s] -- Using PYTHON_INCLUDE_DIRS: /usr/include/python3.10
[3.886s] -- Using PYTHON_LIBRARIES: /usr/lib/x86_64-linux-gnu/libpython3.10.so
[3.934s] -- Found PythonExtra: .so  
[4.051s] -- Configuring done
[4.144s] -- Generating done
[4.171s] -- Build files have been written to: /home/user/robocup_ws/build/msgs_pkg
[4.198s] Invoked command in '/home/user/robocup_ws/build/msgs_pkg' returned '0': CMAKE_PREFIX_PATH=/opt/ros/humble /usr/bin/cmake /home/user/robocup_ws/src/msgs_pkg -DAMENT_CMAKE_SYMLINK_INSTALL=1 -DCMAKE_INSTALL_PREFIX=/home/user/robocup_ws/install/msgs_pkg
[4.201s] Invoking command in '/home/user/robocup_ws/build/msgs_pkg': CMAKE_PREFIX_PATH=/opt/ros/humble /usr/bin/cmake --build /home/user/robocup_ws/build/msgs_pkg -- -j4 -l4
[4.309s] [  2%] [34m[1mGenerating C code for ROS interfaces[0m
[4.334s] [  4%] [34m[1mGenerating C++ code for ROS interfaces[0m
[4.384s] [  4%] Built target ament_cmake_python_symlink_msgs_pkg
[5.367s] running egg_info
[5.368s] creating msgs_pkg.egg-info
[5.368s] writing msgs_pkg.egg-info/PKG-INFO
[5.369s] writing dependency_links to msgs_pkg.egg-info/dependency_links.txt
[5.369s] writing top-level names to msgs_pkg.egg-info/top_level.txt
[5.370s] writing manifest file 'msgs_pkg.egg-info/SOURCES.txt'
[5.376s] reading manifest file 'msgs_pkg.egg-info/SOURCES.txt'
[5.377s] writing manifest file 'msgs_pkg.egg-info/SOURCES.txt'
[5.463s] [  4%] Built target ament_cmake_python_build_msgs_pkg_egg
[6.106s] [  4%] Built target msgs_pkg__cpp
[6.162s] [  6%] [34m[1mGenerating C++ type support dispatch for ROS interfaces[0m
[6.165s] [  8%] [34m[1mGenerating C++ type support for eProsima Fast-RTPS[0m
[6.165s] [ 10%] [32mBuilding C object CMakeFiles/msgs_pkg__rosidl_generator_c.dir/rosidl_generator_c/msgs_pkg/msg/detail/object_pose__functions.c.o[0m
[6.174s] [ 12%] [34m[1mGenerating C++ introspection for ROS interfaces[0m
[6.458s] [ 14%] [32mBuilding C object CMakeFiles/msgs_pkg__rosidl_generator_c.dir/rosidl_generator_c/msgs_pkg/srv/detail/get_object_pose__functions.c.o[0m
[6.770s] [ 17%] [32mBuilding C object CMakeFiles/msgs_pkg__rosidl_generator_c.dir/rosidl_generator_c/msgs_pkg/srv/detail/run_ws__functions.c.o[0m
[7.107s] [ 19%] [32m[1mLinking C shared library libmsgs_pkg__rosidl_generator_c.so[0m
[7.274s] [ 19%] Built target msgs_pkg__rosidl_generator_c
[7.335s] [ 21%] [34m[1mGenerating C type support for eProsima Fast-RTPS[0m
[7.727s] [ 23%] [32mBuilding CXX object CMakeFiles/msgs_pkg__rosidl_typesupport_fastrtps_cpp.dir/rosidl_typesupport_fastrtps_cpp/msgs_pkg/msg/detail/dds_fastrtps/object_pose__type_support.cpp.o[0m
[7.935s] [ 25%] [32mBuilding CXX object CMakeFiles/msgs_pkg__rosidl_typesupport_cpp.dir/rosidl_typesupport_cpp/msgs_pkg/msg/object_pose__type_support.cpp.o[0m
[8.100s] [ 27%] [32mBuilding CXX object CMakeFiles/msgs_pkg__rosidl_typesupport_introspection_cpp.dir/rosidl_typesupport_introspection_cpp/msgs_pkg/msg/detail/object_pose__type_support.cpp.o[0m
[9.139s] [ 29%] [32mBuilding CXX object CMakeFiles/msgs_pkg__rosidl_typesupport_fastrtps_cpp.dir/rosidl_typesupport_fastrtps_cpp/msgs_pkg/srv/detail/dds_fastrtps/get_object_pose__type_support.cpp.o[0m
[9.345s] [ 31%] [32mBuilding CXX object CMakeFiles/msgs_pkg__rosidl_typesupport_cpp.dir/rosidl_typesupport_cpp/msgs_pkg/srv/get_object_pose__type_support.cpp.o[0m
[9.588s] [ 34%] [32mBuilding CXX object CMakeFiles/msgs_pkg__rosidl_typesupport_fastrtps_c.dir/rosidl_typesupport_fastrtps_c/msgs_pkg/msg/detail/object_pose__type_support_c.cpp.o[0m
[9.971s] [ 36%] [32mBuilding CXX object CMakeFiles/msgs_pkg__rosidl_typesupport_introspection_cpp.dir/rosidl_typesupport_introspection_cpp/msgs_pkg/srv/detail/get_object_pose__type_support.cpp.o[0m
[11.081s] [ 38%] [32mBuilding CXX object CMakeFiles/msgs_pkg__rosidl_typesupport_cpp.dir/rosidl_typesupport_cpp/msgs_pkg/srv/run_ws__type_support.cpp.o[0m
[11.399s] [ 40%] [32mBuilding CXX object CMakeFiles/msgs_pkg__rosidl_typesupport_fastrtps_cpp.dir/rosidl_typesupport_fastrtps_cpp/msgs_pkg/srv/detail/dds_fastrtps/run_ws__type_support.cpp.o[0m
[11.508s] [ 42%] [32mBuilding CXX object CMakeFiles/msgs_pkg__rosidl_typesupport_fastrtps_c.dir/rosidl_typesupport_fastrtps_c/msgs_pkg/srv/detail/get_object_pose__type_support_c.cpp.o[0m
[12.106s] [ 44%] [32mBuilding CXX object CMakeFiles/msgs_pkg__rosidl_typesupport_introspection_cpp.dir/rosidl_typesupport_introspection_cpp/msgs_pkg/srv/detail/run_ws__type_support.cpp.o[0m
[12.443s] [ 46%] [32m[1mLinking CXX shared library libmsgs_pkg__rosidl_typesupport_cpp.so[0m
[12.641s] [ 46%] Built target msgs_pkg__rosidl_typesupport_cpp
[12.685s] [ 48%] [32mBuilding CXX object CMakeFiles/msgs_pkg__rosidl_typesupport_fastrtps_c.dir/rosidl_typesupport_fastrtps_c/msgs_pkg/srv/detail/run_ws__type_support_c.cpp.o[0m
[13.088s] [ 51%] [34m[1mGenerating C introspection for ROS interfaces[0m
[13.798s] [ 53%] [32m[1mLinking CXX shared library libmsgs_pkg__rosidl_typesupport_fastrtps_cpp.so[0m
[14.079s] [ 53%] Built target msgs_pkg__rosidl_typesupport_fastrtps_cpp
[14.122s] [ 55%] [34m[1mGenerating C type support dispatch for ROS interfaces[0m
[14.244s] [ 57%] [32m[1mLinking CXX shared library libmsgs_pkg__rosidl_typesupport_fastrtps_c.so[0m
[14.551s] [ 59%] [32m[1mLinking CXX shared library libmsgs_pkg__rosidl_typesupport_introspection_cpp.so[0m
[14.551s] [ 59%] Built target msgs_pkg__rosidl_typesupport_fastrtps_c
[14.863s] [ 59%] Built target msgs_pkg__rosidl_typesupport_introspection_cpp
[15.249s] [ 61%] [32mBuilding C object CMakeFiles/msgs_pkg__rosidl_typesupport_introspection_c.dir/rosidl_typesupport_introspection_c/msgs_pkg/msg/detail/object_pose__type_support.c.o[0m
[15.251s] [ 63%] [32mBuilding C object CMakeFiles/msgs_pkg__rosidl_typesupport_introspection_c.dir/rosidl_typesupport_introspection_c/msgs_pkg/srv/detail/get_object_pose__type_support.c.o[0m
[15.272s] [ 65%] [32mBuilding C object CMakeFiles/msgs_pkg__rosidl_typesupport_introspection_c.dir/rosidl_typesupport_introspection_c/msgs_pkg/srv/detail/run_ws__type_support.c.o[0m
[15.457s] [ 68%] [32mBuilding CXX object CMakeFiles/msgs_pkg__rosidl_typesupport_c.dir/rosidl_typesupport_c/msgs_pkg/msg/object_pose__type_support.cpp.o[0m
[15.475s] [ 70%] [32mBuilding CXX object CMakeFiles/msgs_pkg__rosidl_typesupport_c.dir/rosidl_typesupport_c/msgs_pkg/srv/run_ws__type_support.cpp.o[0m
[15.476s] [ 72%] [32m[1mLinking C shared library libmsgs_pkg__rosidl_typesupport_introspection_c.so[0m
[15.493s] [ 74%] [32mBuilding CXX object CMakeFiles/msgs_pkg__rosidl_typesupport_c.dir/rosidl_typesupport_c/msgs_pkg/srv/get_object_pose__type_support.cpp.o[0m
[15.628s] [ 74%] Built target msgs_pkg__rosidl_typesupport_introspection_c
[15.636s] [ 76%] [32m[1mLinking CXX shared library libmsgs_pkg__rosidl_typesupport_c.so[0m
[15.738s] [ 76%] Built target msgs_pkg__rosidl_typesupport_c
[15.784s] [ 76%] Built target msgs_pkg
[15.830s] [ 78%] [34m[1mGenerating Python code for ROS interfaces[0m
[18.456s] [ 78%] Built target msgs_pkg__py
[18.535s] [ 80%] [32mBuilding C object CMakeFiles/msgs_pkg__rosidl_generator_py.dir/rosidl_generator_py/msgs_pkg/srv/_get_object_pose_s.c.o[0m
[18.551s] [ 82%] [32mBuilding C object CMakeFiles/msgs_pkg__rosidl_generator_py.dir/rosidl_generator_py/msgs_pkg/srv/_run_ws_s.c.o[0m
[18.554s] [ 85%] [32mBuilding C object CMakeFiles/msgs_pkg__rosidl_generator_py.dir/rosidl_generator_py/msgs_pkg/msg/_object_pose_s.c.o[0m
[19.137s] [ 87%] [32m[1mLinking C shared library rosidl_generator_py/msgs_pkg/libmsgs_pkg__rosidl_generator_py.so[0m
[19.343s] [ 87%] Built target msgs_pkg__rosidl_generator_py
[19.434s] [ 89%] [32mBuilding C object CMakeFiles/msgs_pkg__rosidl_typesupport_fastrtps_c__pyext.dir/rosidl_generator_py/msgs_pkg/_msgs_pkg_s.ep.rosidl_typesupport_fastrtps_c.c.o[0m
[19.436s] [ 91%] [32mBuilding C object CMakeFiles/msgs_pkg__rosidl_typesupport_c__pyext.dir/rosidl_generator_py/msgs_pkg/_msgs_pkg_s.ep.rosidl_typesupport_c.c.o[0m
[19.436s] [ 93%] [32mBuilding C object CMakeFiles/msgs_pkg__rosidl_typesupport_introspection_c__pyext.dir/rosidl_generator_py/msgs_pkg/_msgs_pkg_s.ep.rosidl_typesupport_introspection_c.c.o[0m
[19.873s] [ 95%] [32m[1mLinking C shared library rosidl_generator_py/msgs_pkg/msgs_pkg_s__rosidl_typesupport_c.cpython-310-x86_64-linux-gnu.so[0m
[19.981s] [ 97%] [32m[1mLinking C shared library rosidl_generator_py/msgs_pkg/msgs_pkg_s__rosidl_typesupport_introspection_c.cpython-310-x86_64-linux-gnu.so[0m
[19.987s] [ 97%] Built target msgs_pkg__rosidl_typesupport_c__pyext
[20.065s] [ 97%] Built target msgs_pkg__rosidl_typesupport_introspection_c__pyext
[20.124s] [100%] [32m[1mLinking C shared library rosidl_generator_py/msgs_pkg/msgs_pkg_s__rosidl_typesupport_fastrtps_c.cpython-310-x86_64-linux-gnu.so[0m
[20.298s] [100%] Built target msgs_pkg__rosidl_typesupport_fastrtps_c__pyext
[20.355s] Invoked command in '/home/user/robocup_ws/build/msgs_pkg' returned '0': CMAKE_PREFIX_PATH=/opt/ros/humble /usr/bin/cmake --build /home/user/robocup_ws/build/msgs_pkg -- -j4 -l4
[20.400s] Invoking command in '/home/user/robocup_ws/build/msgs_pkg': CMAKE_PREFIX_PATH=/opt/ros/humble /usr/bin/cmake --install /home/user/robocup_ws/build/msgs_pkg
[20.419s] -- Install configuration: ""
[20.420s] -- Execute custom install script
[20.425s] -- Symlinking: /home/user/robocup_ws/install/msgs_pkg/share/ament_index/resource_index/rosidl_interfaces/msgs_pkg
[20.443s] -- Symlinking: /home/user/robocup_ws/install/msgs_pkg/include/msgs_pkg/msgs_pkg/msg/detail/object_pose__functions.h
[20.464s] -- Symlinking: /home/user/robocup_ws/install/msgs_pkg/include/msgs_pkg/msgs_pkg/msg/detail/object_pose__struct.h
[20.484s] -- Symlinking: /home/user/robocup_ws/install/msgs_pkg/include/msgs_pkg/msgs_pkg/msg/detail/object_pose__type_support.h
[20.505s] -- Symlinking: /home/user/robocup_ws/install/msgs_pkg/include/msgs_pkg/msgs_pkg/msg/object_pose.h
[20.530s] -- Symlinking: /home/user/robocup_ws/install/msgs_pkg/include/msgs_pkg/msgs_pkg/msg/rosidl_generator_c__visibility_control.h
[20.553s] -- Symlinking: /home/user/robocup_ws/install/msgs_pkg/include/msgs_pkg/msgs_pkg/srv/detail/get_object_pose__functions.h
[20.570s] -- Symlinking: /home/user/robocup_ws/install/msgs_pkg/include/msgs_pkg/msgs_pkg/srv/detail/get_object_pose__struct.h
[20.590s] -- Symlinking: /home/user/robocup_ws/install/msgs_pkg/include/msgs_pkg/msgs_pkg/srv/detail/get_object_pose__type_support.h
[20.612s] -- Symlinking: /home/user/robocup_ws/install/msgs_pkg/include/msgs_pkg/msgs_pkg/srv/detail/run_ws__functions.h
[20.635s] -- Symlinking: /home/user/robocup_ws/install/msgs_pkg/include/msgs_pkg/msgs_pkg/srv/detail/run_ws__struct.h
[20.657s] -- Symlinking: /home/user/robocup_ws/install/msgs_pkg/include/msgs_pkg/msgs_pkg/srv/detail/run_ws__type_support.h
[20.678s] -- Symlinking: /home/user/robocup_ws/install/msgs_pkg/include/msgs_pkg/msgs_pkg/srv/get_object_pose.h
[20.699s] -- Symlinking: /home/user/robocup_ws/install/msgs_pkg/include/msgs_pkg/msgs_pkg/srv/run_ws.h
[20.737s] -- Symlinking: /home/user/robocup_ws/install/msgs_pkg/share/msgs_pkg/environment/library_path.sh
[20.767s] -- Symlinking: /home/user/robocup_ws/install/msgs_pkg/share/msgs_pkg/environment/library_path.dsv
[20.815s] -- Symlinking: /home/user/robocup_ws/install/msgs_pkg/include/msgs_pkg/msgs_pkg/msg/detail/object_pose__rosidl_typesupport_fastrtps_c.h
[20.855s] -- Symlinking: /home/user/robocup_ws/install/msgs_pkg/include/msgs_pkg/msgs_pkg/msg/rosidl_typesupport_fastrtps_c__visibility_control.h
[20.895s] -- Symlinking: /home/user/robocup_ws/install/msgs_pkg/include/msgs_pkg/msgs_pkg/srv/detail/get_object_pose__rosidl_typesupport_fastrtps_c.h
[20.937s] -- Symlinking: /home/user/robocup_ws/install/msgs_pkg/include/msgs_pkg/msgs_pkg/srv/detail/run_ws__rosidl_typesupport_fastrtps_c.h
[20.972s] -- Symlinking: /home/user/robocup_ws/install/msgs_pkg/include/msgs_pkg/msgs_pkg/msg/detail/object_pose__rosidl_typesupport_introspection_c.h
[20.993s] -- Symlinking: /home/user/robocup_ws/install/msgs_pkg/include/msgs_pkg/msgs_pkg/msg/rosidl_typesupport_introspection_c__visibility_control.h
[21.015s] -- Symlinking: /home/user/robocup_ws/install/msgs_pkg/include/msgs_pkg/msgs_pkg/srv/detail/get_object_pose__rosidl_typesupport_introspection_c.h
[21.035s] -- Symlinking: /home/user/robocup_ws/install/msgs_pkg/include/msgs_pkg/msgs_pkg/srv/detail/run_ws__rosidl_typesupport_introspection_c.h
[21.076s] -- Symlinking: /home/user/robocup_ws/install/msgs_pkg/include/msgs_pkg/msgs_pkg/msg/detail/object_pose__builder.hpp
[21.109s] -- Symlinking: /home/user/robocup_ws/install/msgs_pkg/include/msgs_pkg/msgs_pkg/msg/detail/object_pose__struct.hpp
[21.136s] -- Symlinking: /home/user/robocup_ws/install/msgs_pkg/include/msgs_pkg/msgs_pkg/msg/detail/object_pose__traits.hpp
[21.157s] -- Symlinking: /home/user/robocup_ws/install/msgs_pkg/include/msgs_pkg/msgs_pkg/msg/detail/object_pose__type_support.hpp
[21.178s] -- Symlinking: /home/user/robocup_ws/install/msgs_pkg/include/msgs_pkg/msgs_pkg/msg/object_pose.hpp
[21.200s] -- Symlinking: /home/user/robocup_ws/install/msgs_pkg/include/msgs_pkg/msgs_pkg/msg/rosidl_generator_cpp__visibility_control.hpp
[21.223s] -- Symlinking: /home/user/robocup_ws/install/msgs_pkg/include/msgs_pkg/msgs_pkg/srv/detail/get_object_pose__builder.hpp
[21.244s] -- Symlinking: /home/user/robocup_ws/install/msgs_pkg/include/msgs_pkg/msgs_pkg/srv/detail/get_object_pose__struct.hpp
[21.264s] -- Symlinking: /home/user/robocup_ws/install/msgs_pkg/include/msgs_pkg/msgs_pkg/srv/detail/get_object_pose__traits.hpp
[21.285s] -- Symlinking: /home/user/robocup_ws/install/msgs_pkg/include/msgs_pkg/msgs_pkg/srv/detail/get_object_pose__type_support.hpp
[21.309s] -- Symlinking: /home/user/robocup_ws/install/msgs_pkg/include/msgs_pkg/msgs_pkg/srv/detail/run_ws__builder.hpp
[21.329s] -- Symlinking: /home/user/robocup_ws/install/msgs_pkg/include/msgs_pkg/msgs_pkg/srv/detail/run_ws__struct.hpp
[21.350s] -- Symlinking: /home/user/robocup_ws/install/msgs_pkg/include/msgs_pkg/msgs_pkg/srv/detail/run_ws__traits.hpp
[21.373s] -- Symlinking: /home/user/robocup_ws/install/msgs_pkg/include/msgs_pkg/msgs_pkg/srv/detail/run_ws__type_support.hpp
[21.395s] -- Symlinking: /home/user/robocup_ws/install/msgs_pkg/include/msgs_pkg/msgs_pkg/srv/get_object_pose.hpp
[21.416s] -- Symlinking: /home/user/robocup_ws/install/msgs_pkg/include/msgs_pkg/msgs_pkg/srv/run_ws.hpp
[21.438s] -- Symlinking: /home/user/robocup_ws/install/msgs_pkg/include/msgs_pkg/msgs_pkg/msg/detail/object_pose__rosidl_typesupport_fastrtps_cpp.hpp
[21.459s] -- Symlinking: /home/user/robocup_ws/install/msgs_pkg/include/msgs_pkg/msgs_pkg/msg/rosidl_typesupport_fastrtps_cpp__visibility_control.h
[21.480s] -- Symlinking: /home/user/robocup_ws/install/msgs_pkg/include/msgs_pkg/msgs_pkg/srv/detail/get_object_pose__rosidl_typesupport_fastrtps_cpp.hpp
[21.501s] -- Symlinking: /home/user/robocup_ws/install/msgs_pkg/include/msgs_pkg/msgs_pkg/srv/detail/run_ws__rosidl_typesupport_fastrtps_cpp.hpp
[21.523s] -- Symlinking: /home/user/robocup_ws/install/msgs_pkg/include/msgs_pkg/msgs_pkg/msg/detail/object_pose__rosidl_typesupport_introspection_cpp.hpp
[21.544s] -- Symlinking: /home/user/robocup_ws/install/msgs_pkg/include/msgs_pkg/msgs_pkg/srv/detail/get_object_pose__rosidl_typesupport_introspection_cpp.hpp
[21.570s] -- Symlinking: /home/user/robocup_ws/install/msgs_pkg/include/msgs_pkg/msgs_pkg/srv/detail/run_ws__rosidl_typesupport_introspection_cpp.hpp
[21.586s] -- Symlinking: /home/user/robocup_ws/install/msgs_pkg/share/msgs_pkg/environment/pythonpath.sh
[21.609s] -- Symlinking: /home/user/robocup_ws/install/msgs_pkg/share/msgs_pkg/environment/pythonpath.dsv
[21.632s] -- Symlinking: /home/user/robocup_ws/install/msgs_pkg/local/lib/python3.10/dist-packages/msgs_pkg-0.0.0-py3.10.egg-info/PKG-INFO
[21.654s] -- Symlinking: /home/user/robocup_ws/install/msgs_pkg/local/lib/python3.10/dist-packages/msgs_pkg-0.0.0-py3.10.egg-info/SOURCES.txt
[21.674s] -- Symlinking: /home/user/robocup_ws/install/msgs_pkg/local/lib/python3.10/dist-packages/msgs_pkg-0.0.0-py3.10.egg-info/dependency_links.txt
[21.694s] -- Symlinking: /home/user/robocup_ws/install/msgs_pkg/local/lib/python3.10/dist-packages/msgs_pkg-0.0.0-py3.10.egg-info/top_level.txt
[21.728s] -- Symlinking: /home/user/robocup_ws/install/msgs_pkg/local/lib/python3.10/dist-packages/msgs_pkg/__init__.py
[21.768s] -- Symlinking: /home/user/robocup_ws/install/msgs_pkg/local/lib/python3.10/dist-packages/msgs_pkg/_msgs_pkg_s.ep.rosidl_typesupport_c.c
[21.810s] -- Symlinking: /home/user/robocup_ws/install/msgs_pkg/local/lib/python3.10/dist-packages/msgs_pkg/_msgs_pkg_s.ep.rosidl_typesupport_fastrtps_c.c
[21.850s] -- Symlinking: /home/user/robocup_ws/install/msgs_pkg/local/lib/python3.10/dist-packages/msgs_pkg/_msgs_pkg_s.ep.rosidl_typesupport_introspection_c.c
[21.892s] -- Symlinking: /home/user/robocup_ws/install/msgs_pkg/local/lib/python3.10/dist-packages/msgs_pkg/libmsgs_pkg__rosidl_generator_py.so
[21.930s] -- Symlinking: /home/user/robocup_ws/install/msgs_pkg/local/lib/python3.10/dist-packages/msgs_pkg/msg/__init__.py
[21.974s] -- Symlinking: /home/user/robocup_ws/install/msgs_pkg/local/lib/python3.10/dist-packages/msgs_pkg/msg/_object_pose.py
[22.013s] -- Symlinking: /home/user/robocup_ws/install/msgs_pkg/local/lib/python3.10/dist-packages/msgs_pkg/msg/_object_pose_s.c
[22.049s] -- Symlinking: /home/user/robocup_ws/install/msgs_pkg/local/lib/python3.10/dist-packages/msgs_pkg/msgs_pkg_s__rosidl_typesupport_c.cpython-310-x86_64-linux-gnu.so
[22.071s] -- Symlinking: /home/user/robocup_ws/install/msgs_pkg/local/lib/python3.10/dist-packages/msgs_pkg/msgs_pkg_s__rosidl_typesupport_fastrtps_c.cpython-310-x86_64-linux-gnu.so
[22.092s] -- Symlinking: /home/user/robocup_ws/install/msgs_pkg/local/lib/python3.10/dist-packages/msgs_pkg/msgs_pkg_s__rosidl_typesupport_introspection_c.cpython-310-x86_64-linux-gnu.so
[22.114s] -- Symlinking: /home/user/robocup_ws/install/msgs_pkg/local/lib/python3.10/dist-packages/msgs_pkg/srv/__init__.py
[22.137s] -- Symlinking: /home/user/robocup_ws/install/msgs_pkg/local/lib/python3.10/dist-packages/msgs_pkg/srv/_get_object_pose.py
[22.159s] -- Symlinking: /home/user/robocup_ws/install/msgs_pkg/local/lib/python3.10/dist-packages/msgs_pkg/srv/_get_object_pose_s.c
[22.179s] -- Symlinking: /home/user/robocup_ws/install/msgs_pkg/local/lib/python3.10/dist-packages/msgs_pkg/srv/_run_ws.py
[22.200s] -- Symlinking: /home/user/robocup_ws/install/msgs_pkg/local/lib/python3.10/dist-packages/msgs_pkg/srv/_run_ws_s.c
[22.222s] -- Up-to-date symlink: /home/user/robocup_ws/install/msgs_pkg/local/lib/python3.10/dist-packages/msgs_pkg/msgs_pkg_s__rosidl_typesupport_fastrtps_c.cpython-310-x86_64-linux-gnu.so
[22.223s] -- Up-to-date symlink: /home/user/robocup_ws/install/msgs_pkg/local/lib/python3.10/dist-packages/msgs_pkg/msgs_pkg_s__rosidl_typesupport_introspection_c.cpython-310-x86_64-linux-gnu.so
[22.224s] -- Up-to-date symlink: /home/user/robocup_ws/install/msgs_pkg/local/lib/python3.10/dist-packages/msgs_pkg/msgs_pkg_s__rosidl_typesupport_c.cpython-310-x86_64-linux-gnu.so
[22.226s] -- Symlinking: /home/user/robocup_ws/install/msgs_pkg/share/msgs_pkg/msg/ObjectPose.idl
[22.267s] -- Symlinking: /home/user/robocup_ws/install/msgs_pkg/share/msgs_pkg/srv/GetObjectPose.idl
[22.307s] -- Symlinking: /home/user/robocup_ws/install/msgs_pkg/share/msgs_pkg/srv/RunWS.idl
[22.349s] -- Symlinking: /home/user/robocup_ws/install/msgs_pkg/share/msgs_pkg/msg/ObjectPose.msg
[22.392s] -- Symlinking: /home/user/robocup_ws/install/msgs_pkg/share/msgs_pkg/srv/GetObjectPose.srv
[22.433s] -- Symlinking: /home/user/robocup_ws/install/msgs_pkg/share/msgs_pkg/srv/GetObjectPose_Request.msg
[22.473s] -- Symlinking: /home/user/robocup_ws/install/msgs_pkg/share/msgs_pkg/srv/GetObjectPose_Response.msg
[22.510s] -- Symlinking: /home/user/robocup_ws/install/msgs_pkg/share/msgs_pkg/srv/RunWS.srv
[22.553s] -- Symlinking: /home/user/robocup_ws/install/msgs_pkg/share/msgs_pkg/srv/RunWS_Request.msg
[22.598s] -- Symlinking: /home/user/robocup_ws/install/msgs_pkg/share/msgs_pkg/srv/RunWS_Response.msg
[22.634s] -- Symlinking: /home/user/robocup_ws/install/msgs_pkg/share/ament_index/resource_index/package_run_dependencies/msgs_pkg
[22.675s] -- Symlinking: /home/user/robocup_ws/install/msgs_pkg/share/ament_index/resource_index/parent_prefix_path/msgs_pkg
[22.715s] -- Symlinking: /home/user/robocup_ws/install/msgs_pkg/share/msgs_pkg/environment/ament_prefix_path.sh
[22.756s] -- Symlinking: /home/user/robocup_ws/install/msgs_pkg/share/msgs_pkg/environment/ament_prefix_path.dsv
[22.776s] -- Symlinking: /home/user/robocup_ws/install/msgs_pkg/share/msgs_pkg/environment/path.sh
[22.797s] -- Symlinking: /home/user/robocup_ws/install/msgs_pkg/share/msgs_pkg/environment/path.dsv
[22.818s] -- Symlinking: /home/user/robocup_ws/install/msgs_pkg/share/msgs_pkg/local_setup.bash
[22.862s] -- Symlinking: /home/user/robocup_ws/install/msgs_pkg/share/msgs_pkg/local_setup.sh
[22.903s] -- Symlinking: /home/user/robocup_ws/install/msgs_pkg/share/msgs_pkg/local_setup.zsh
[22.942s] -- Symlinking: /home/user/robocup_ws/install/msgs_pkg/share/msgs_pkg/local_setup.dsv
[22.980s] -- Symlinking: /home/user/robocup_ws/install/msgs_pkg/share/msgs_pkg/package.dsv
[23.001s] -- Symlinking: /home/user/robocup_ws/install/msgs_pkg/share/ament_index/resource_index/packages/msgs_pkg
[23.024s] -- Symlinking: /home/user/robocup_ws/install/msgs_pkg/share/msgs_pkg/cmake/rosidl_cmake-extras.cmake
[23.050s] -- Symlinking: /home/user/robocup_ws/install/msgs_pkg/share/msgs_pkg/cmake/ament_cmake_export_include_directories-extras.cmake
[23.068s] -- Symlinking: /home/user/robocup_ws/install/msgs_pkg/share/msgs_pkg/cmake/ament_cmake_export_libraries-extras.cmake
[23.090s] -- Symlinking: /home/user/robocup_ws/install/msgs_pkg/share/msgs_pkg/cmake/ament_cmake_export_targets-extras.cmake
[23.119s] -- Symlinking: /home/user/robocup_ws/install/msgs_pkg/share/msgs_pkg/cmake/rosidl_cmake_export_typesupport_targets-extras.cmake
[23.162s] -- Symlinking: /home/user/robocup_ws/install/msgs_pkg/share/msgs_pkg/cmake/ament_cmake_export_dependencies-extras.cmake
[23.203s] -- Symlinking: /home/user/robocup_ws/install/msgs_pkg/share/msgs_pkg/cmake/rosidl_cmake_export_typesupport_libraries-extras.cmake
[23.245s] -- Symlinking: /home/user/robocup_ws/install/msgs_pkg/share/msgs_pkg/cmake/msgs_pkgConfig.cmake
[23.287s] -- Symlinking: /home/user/robocup_ws/install/msgs_pkg/share/msgs_pkg/cmake/msgs_pkgConfig-version.cmake
[23.327s] -- Symlinking: /home/user/robocup_ws/install/msgs_pkg/share/msgs_pkg/package.xml
[23.364s] -- Installing: /home/user/robocup_ws/install/msgs_pkg/lib/libmsgs_pkg__rosidl_generator_c.so
[23.369s] -- Set runtime path of "/home/user/robocup_ws/install/msgs_pkg/lib/libmsgs_pkg__rosidl_generator_c.so" to ""
[23.369s] -- Installing: /home/user/robocup_ws/install/msgs_pkg/lib/libmsgs_pkg__rosidl_typesupport_fastrtps_c.so
[23.370s] -- Set runtime path of "/home/user/robocup_ws/install/msgs_pkg/lib/libmsgs_pkg__rosidl_typesupport_fastrtps_c.so" to ""
[23.376s] -- Installing: /home/user/robocup_ws/install/msgs_pkg/lib/libmsgs_pkg__rosidl_typesupport_introspection_c.so
[23.376s] -- Set runtime path of "/home/user/robocup_ws/install/msgs_pkg/lib/libmsgs_pkg__rosidl_typesupport_introspection_c.so" to ""
[23.376s] -- Installing: /home/user/robocup_ws/install/msgs_pkg/lib/libmsgs_pkg__rosidl_typesupport_c.so
[23.377s] -- Set runtime path of "/home/user/robocup_ws/install/msgs_pkg/lib/libmsgs_pkg__rosidl_typesupport_c.so" to ""
[23.377s] -- Installing: /home/user/robocup_ws/install/msgs_pkg/lib/libmsgs_pkg__rosidl_typesupport_fastrtps_cpp.so
[23.383s] -- Set runtime path of "/home/user/robocup_ws/install/msgs_pkg/lib/libmsgs_pkg__rosidl_typesupport_fastrtps_cpp.so" to ""
[23.383s] -- Installing: /home/user/robocup_ws/install/msgs_pkg/lib/libmsgs_pkg__rosidl_typesupport_introspection_cpp.so
[23.384s] -- Set runtime path of "/home/user/robocup_ws/install/msgs_pkg/lib/libmsgs_pkg__rosidl_typesupport_introspection_cpp.so" to ""
[23.384s] -- Installing: /home/user/robocup_ws/install/msgs_pkg/lib/libmsgs_pkg__rosidl_typesupport_cpp.so
[23.390s] -- Set runtime path of "/home/user/robocup_ws/install/msgs_pkg/lib/libmsgs_pkg__rosidl_typesupport_cpp.so" to ""
[23.566s] Listing '/home/user/robocup_ws/install/msgs_pkg/local/lib/python3.10/dist-packages/msgs_pkg'...
[23.566s] Compiling '/home/user/robocup_ws/install/msgs_pkg/local/lib/python3.10/dist-packages/msgs_pkg/__init__.py'...
[23.566s] Listing '/home/user/robocup_ws/install/msgs_pkg/local/lib/python3.10/dist-packages/msgs_pkg/msg'...
[23.566s] Compiling '/home/user/robocup_ws/install/msgs_pkg/local/lib/python3.10/dist-packages/msgs_pkg/msg/__init__.py'...
[23.566s] Compiling '/home/user/robocup_ws/install/msgs_pkg/local/lib/python3.10/dist-packages/msgs_pkg/msg/_object_pose.py'...
[23.567s] Listing '/home/user/robocup_ws/install/msgs_pkg/local/lib/python3.10/dist-packages/msgs_pkg/srv'...
[23.567s] Compiling '/home/user/robocup_ws/install/msgs_pkg/local/lib/python3.10/dist-packages/msgs_pkg/srv/__init__.py'...
[23.567s] Compiling '/home/user/robocup_ws/install/msgs_pkg/local/lib/python3.10/dist-packages/msgs_pkg/srv/_get_object_pose.py'...
[23.567s] Compiling '/home/user/robocup_ws/install/msgs_pkg/local/lib/python3.10/dist-packages/msgs_pkg/srv/_run_ws.py'...
[23.592s] -- Installing: /home/user/robocup_ws/install/msgs_pkg/lib/libmsgs_pkg__rosidl_generator_py.so
[23.592s] -- Set runtime path of "/home/user/robocup_ws/install/msgs_pkg/lib/libmsgs_pkg__rosidl_generator_py.so" to ""
[23.592s] -- Installing: /home/user/robocup_ws/install/msgs_pkg/share/msgs_pkg/cmake/export_msgs_pkg__rosidl_generator_cExport.cmake
[23.598s] -- Installing: /home/user/robocup_ws/install/msgs_pkg/share/msgs_pkg/cmake/export_msgs_pkg__rosidl_generator_cExport-noconfig.cmake
[23.598s] -- Installing: /home/user/robocup_ws/install/msgs_pkg/share/msgs_pkg/cmake/export_msgs_pkg__rosidl_typesupport_fastrtps_cExport.cmake
[23.598s] -- Installing: /home/user/robocup_ws/install/msgs_pkg/share/msgs_pkg/cmake/export_msgs_pkg__rosidl_typesupport_fastrtps_cExport-noconfig.cmake
[23.598s] -- Installing: /home/user/robocup_ws/install/msgs_pkg/share/msgs_pkg/cmake/msgs_pkg__rosidl_typesupport_introspection_cExport.cmake
[23.598s] -- Installing: /home/user/robocup_ws/install/msgs_pkg/share/msgs_pkg/cmake/msgs_pkg__rosidl_typesupport_introspection_cExport-noconfig.cmake
[23.599s] -- Installing: /home/user/robocup_ws/install/msgs_pkg/share/msgs_pkg/cmake/msgs_pkg__rosidl_typesupport_cExport.cmake
[23.605s] -- Installing: /home/user/robocup_ws/install/msgs_pkg/share/msgs_pkg/cmake/msgs_pkg__rosidl_typesupport_cExport-noconfig.cmake
[23.605s] -- Installing: /home/user/robocup_ws/install/msgs_pkg/share/msgs_pkg/cmake/export_msgs_pkg__rosidl_generator_cppExport.cmake
[23.605s] -- Installing: /home/user/robocup_ws/install/msgs_pkg/share/msgs_pkg/cmake/export_msgs_pkg__rosidl_typesupport_fastrtps_cppExport.cmake
[23.605s] -- Installing: /home/user/robocup_ws/install/msgs_pkg/share/msgs_pkg/cmake/export_msgs_pkg__rosidl_typesupport_fastrtps_cppExport-noconfig.cmake
[23.605s] -- Installing: /home/user/robocup_ws/install/msgs_pkg/share/msgs_pkg/cmake/msgs_pkg__rosidl_typesupport_introspection_cppExport.cmake
[23.606s] -- Installing: /home/user/robocup_ws/install/msgs_pkg/share/msgs_pkg/cmake/msgs_pkg__rosidl_typesupport_introspection_cppExport-noconfig.cmake
[23.607s] -- Installing: /home/user/robocup_ws/install/msgs_pkg/share/msgs_pkg/cmake/msgs_pkg__rosidl_typesupport_cppExport.cmake
[23.613s] -- Installing: /home/user/robocup_ws/install/msgs_pkg/share/msgs_pkg/cmake/msgs_pkg__rosidl_typesupport_cppExport-noconfig.cmake
[23.613s] -- Installing: /home/user/robocup_ws/install/msgs_pkg/share/msgs_pkg/cmake/export_msgs_pkg__rosidl_generator_pyExport.cmake
[23.614s] -- Installing: /home/user/robocup_ws/install/msgs_pkg/share/msgs_pkg/cmake/export_msgs_pkg__rosidl_generator_pyExport-noconfig.cmake
[23.620s] Invoked command in '/home/user/robocup_ws/build/msgs_pkg' returned '0': CMAKE_PREFIX_PATH=/opt/ros/humble /usr/bin/cmake --install /home/user/robocup_ws/build/msgs_pkg
