[2.569s] Invoking command in '/home/user/robocup_ws/build/pick_and_place_pkg': PYTHONPATH=/home/user/robocup_ws/build/pick_and_place_pkg/prefix_override:/usr/lib/python3/dist-packages/colcon_core/task/python/colcon_distutils_commands:/home/user/robocup_ws/install/pick_and_place_pkg/lib/python3.10/site-packages:${PYTHONPATH} /usr/bin/python3 -W ignore:setup.py install is deprecated -W ignore:easy_install command is deprecated setup.py develop --editable --build-directory /home/user/robocup_ws/build/pick_and_place_pkg/build --no-deps symlink_data
[3.448s] running develop
[4.104s] running egg_info
[4.105s] creating pick_and_place_pkg.egg-info
[4.106s] writing pick_and_place_pkg.egg-info/PKG-INFO
[4.107s] writing dependency_links to pick_and_place_pkg.egg-info/dependency_links.txt
[4.107s] writing entry points to pick_and_place_pkg.egg-info/entry_points.txt
[4.107s] writing requirements to pick_and_place_pkg.egg-info/requires.txt
[4.107s] writing top-level names to pick_and_place_pkg.egg-info/top_level.txt
[4.108s] writing manifest file 'pick_and_place_pkg.egg-info/SOURCES.txt'
[4.113s] reading manifest file 'pick_and_place_pkg.egg-info/SOURCES.txt'
[4.113s] writing manifest file 'pick_and_place_pkg.egg-info/SOURCES.txt'
[4.116s] running build_ext
[4.116s] Creating /home/user/robocup_ws/install/pick_and_place_pkg/lib/python3.10/site-packages/pick-and-place-pkg.egg-link (link to .)
[4.118s] Installing aruco_pose_service_node script to /home/user/robocup_ws/install/pick_and_place_pkg/lib/pick_and_place_pkg
[4.119s] Installing gripper_node script to /home/user/robocup_ws/install/pick_and_place_pkg/lib/pick_and_place_pkg
[4.119s] Installing load_node script to /home/user/robocup_ws/install/pick_and_place_pkg/lib/pick_and_place_pkg
[4.120s] Installing multi_aruco_pose_service_node script to /home/user/robocup_ws/install/pick_and_place_pkg/lib/pick_and_place_pkg
[4.121s] Installing multi_load_node script to /home/user/robocup_ws/install/pick_and_place_pkg/lib/pick_and_place_pkg
[4.121s] Installing multi_unload_node script to /home/user/robocup_ws/install/pick_and_place_pkg/lib/pick_and_place_pkg
[4.121s] Installing unload_node script to /home/user/robocup_ws/install/pick_and_place_pkg/lib/pick_and_place_pkg
[4.122s] 
[4.122s] Installed /home/user/robocup_ws/build/pick_and_place_pkg
[4.122s] running symlink_data
[4.122s] creating /home/user/robocup_ws/install/pick_and_place_pkg/share/ament_index
[4.122s] creating /home/user/robocup_ws/install/pick_and_place_pkg/share/ament_index/resource_index
[4.122s] creating /home/user/robocup_ws/install/pick_and_place_pkg/share/ament_index/resource_index/packages
[4.128s] symbolically linking /home/user/robocup_ws/build/pick_and_place_pkg/resource/pick_and_place_pkg -> /home/user/robocup_ws/install/pick_and_place_pkg/share/ament_index/resource_index/packages
[4.128s] symbolically linking /home/user/robocup_ws/build/pick_and_place_pkg/package.xml -> /home/user/robocup_ws/install/pick_and_place_pkg/share/pick_and_place_pkg
[4.205s] Invoked command in '/home/user/robocup_ws/build/pick_and_place_pkg' returned '0': PYTHONPATH=/home/user/robocup_ws/build/pick_and_place_pkg/prefix_override:/usr/lib/python3/dist-packages/colcon_core/task/python/colcon_distutils_commands:/home/user/robocup_ws/install/pick_and_place_pkg/lib/python3.10/site-packages:${PYTHONPATH} /usr/bin/python3 -W ignore:setup.py install is deprecated -W ignore:easy_install command is deprecated setup.py develop --editable --build-directory /home/user/robocup_ws/build/pick_and_place_pkg/build --no-deps symlink_data
